Archive member included to satisfy reference by file (symbol)

d:/gcc-arm-none-eabi-10.3-2021.10-win32/gcc-arm-none-eabi-10.3-2021.10/bin/../lib/gcc/arm-none-eabi/10.3.1/thumb/v7e-m/nofp\libgcc.a(_arm_muldf3.o)
                              CMakeFiles/simpleFOC_Clion_HAL.elf.dir/SimpleFOC/foc_utils/foc_utils.c.obj (__aeabi_dmul)
d:/gcc-arm-none-eabi-10.3-2021.10-win32/gcc-arm-none-eabi-10.3-2021.10/bin/../lib/gcc/arm-none-eabi/10.3.1/thumb/v7e-m/nofp\libgcc.a(_arm_mulsf3.o)
                              CMakeFiles/simpleFOC_Clion_HAL.elf.dir/SimpleFOC/BLDCmotor/BLDCMotor.c.obj (__aeabi_fmul)
d:/gcc-arm-none-eabi-10.3-2021.10-win32/gcc-arm-none-eabi-10.3-2021.10/bin/../lib/gcc/arm-none-eabi/10.3.1/thumb/v7e-m/nofp\libgcc.a(_arm_addsubdf3.o)
                              CMakeFiles/simpleFOC_Clion_HAL.elf.dir/SimpleFOC/BLDCmotor/BLDCMotor.c.obj (__aeabi_dadd)
d:/gcc-arm-none-eabi-10.3-2021.10-win32/gcc-arm-none-eabi-10.3-2021.10/bin/../lib/gcc/arm-none-eabi/10.3.1/thumb/v7e-m/nofp\libgcc.a(_arm_cmpdf2.o)
                              CMakeFiles/simpleFOC_Clion_HAL.elf.dir/SimpleFOC/sensor/sensor.c.obj (__aeabi_dcmpgt)
d:/gcc-arm-none-eabi-10.3-2021.10-win32/gcc-arm-none-eabi-10.3-2021.10/bin/../lib/gcc/arm-none-eabi/10.3.1/thumb/v7e-m/nofp\libgcc.a(_arm_truncdfsf2.o)
                              CMakeFiles/simpleFOC_Clion_HAL.elf.dir/SimpleFOC/BLDCmotor/BLDCMotor.c.obj (__aeabi_d2f)
d:/gcc-arm-none-eabi-10.3-2021.10-win32/gcc-arm-none-eabi-10.3-2021.10/bin/../lib/gcc/arm-none-eabi/10.3.1/thumb/v7e-m/nofp\libgcc.a(_arm_addsubsf3.o)
                              CMakeFiles/simpleFOC_Clion_HAL.elf.dir/SimpleFOC/BLDCmotor/BLDCMotor.c.obj (__aeabi_fsub)
d:/gcc-arm-none-eabi-10.3-2021.10-win32/gcc-arm-none-eabi-10.3-2021.10/bin/../lib/gcc/arm-none-eabi/10.3.1/thumb/v7e-m/nofp\libgcc.a(_arm_muldivsf3.o)
                              CMakeFiles/simpleFOC_Clion_HAL.elf.dir/SimpleFOC/BLDCmotor/BLDCMotor.c.obj (__aeabi_fdiv)
d:/gcc-arm-none-eabi-10.3-2021.10-win32/gcc-arm-none-eabi-10.3-2021.10/bin/../lib/gcc/arm-none-eabi/10.3.1/thumb/v7e-m/nofp\libgcc.a(_arm_cmpsf2.o)
                              CMakeFiles/simpleFOC_Clion_HAL.elf.dir/SimpleFOC/BLDCmotor/BLDCMotor.c.obj (__aeabi_fcmpeq)
d:/gcc-arm-none-eabi-10.3-2021.10-win32/gcc-arm-none-eabi-10.3-2021.10/bin/../lib/gcc/arm-none-eabi/10.3.1/thumb/v7e-m/nofp\libgcc.a(_arm_fixsfsi.o)
                              CMakeFiles/simpleFOC_Clion_HAL.elf.dir/SimpleFOC/BLDCmotor/BLDCMotor.c.obj (__aeabi_f2iz)
d:/gcc-arm-none-eabi-10.3-2021.10-win32/gcc-arm-none-eabi-10.3-2021.10/bin/../lib/gcc/arm-none-eabi/10.3.1/thumb/v7e-m/nofp\libgcc.a(_arm_fixunssfsi.o)
                              CMakeFiles/simpleFOC_Clion_HAL.elf.dir/SimpleFOC/BLDCmotor/BLDCMotor.c.obj (__aeabi_f2uiz)
d:/gcc-arm-none-eabi-10.3-2021.10-win32/gcc-arm-none-eabi-10.3-2021.10/bin/../lib/gcc/arm-none-eabi/10.3.1/thumb/v7e-m/nofp\libgcc.a(_aeabi_uldivmod.o)
                              CMakeFiles/simpleFOC_Clion_HAL.elf.dir/Drivers/STM32F4xx_HAL_Driver/Src/stm32f4xx_hal_rcc.c.obj (__aeabi_uldivmod)
d:/gcc-arm-none-eabi-10.3-2021.10-win32/gcc-arm-none-eabi-10.3-2021.10/bin/../lib/gcc/arm-none-eabi/10.3.1/thumb/v7e-m/nofp\libgcc.a(_udivmoddi4.o)
                              d:/gcc-arm-none-eabi-10.3-2021.10-win32/gcc-arm-none-eabi-10.3-2021.10/bin/../lib/gcc/arm-none-eabi/10.3.1/thumb/v7e-m/nofp\libgcc.a(_aeabi_uldivmod.o) (__udivmoddi4)
d:/gcc-arm-none-eabi-10.3-2021.10-win32/gcc-arm-none-eabi-10.3-2021.10/bin/../lib/gcc/arm-none-eabi/10.3.1/thumb/v7e-m/nofp\libgcc.a(_dvmd_tls.o)
                              d:/gcc-arm-none-eabi-10.3-2021.10-win32/gcc-arm-none-eabi-10.3-2021.10/bin/../lib/gcc/arm-none-eabi/10.3.1/thumb/v7e-m/nofp\libgcc.a(_aeabi_uldivmod.o) (__aeabi_ldiv0)
d:/gcc-arm-none-eabi-10.3-2021.10-win32/gcc-arm-none-eabi-10.3-2021.10/bin/../lib/gcc/arm-none-eabi/10.3.1/../../../../arm-none-eabi/lib/thumb/v7e-m/nofp\libg.a(lib_a-errno.o)
                              CMakeFiles/simpleFOC_Clion_HAL.elf.dir/Core/Src/syscalls.c.obj (__errno)
d:/gcc-arm-none-eabi-10.3-2021.10-win32/gcc-arm-none-eabi-10.3-2021.10/bin/../lib/gcc/arm-none-eabi/10.3.1/../../../../arm-none-eabi/lib/thumb/v7e-m/nofp\libg.a(lib_a-exit.o)
                              d:/gcc-arm-none-eabi-10.3-2021.10-win32/gcc-arm-none-eabi-10.3-2021.10/bin/../lib/gcc/arm-none-eabi/10.3.1/../../../../arm-none-eabi/lib/thumb/v7e-m/nofp/crt0.o (exit)
d:/gcc-arm-none-eabi-10.3-2021.10-win32/gcc-arm-none-eabi-10.3-2021.10/bin/../lib/gcc/arm-none-eabi/10.3.1/../../../../arm-none-eabi/lib/thumb/v7e-m/nofp\libg.a(lib_a-impure.o)
                              d:/gcc-arm-none-eabi-10.3-2021.10-win32/gcc-arm-none-eabi-10.3-2021.10/bin/../lib/gcc/arm-none-eabi/10.3.1/../../../../arm-none-eabi/lib/thumb/v7e-m/nofp\libg.a(lib_a-exit.o) (_global_impure_ptr)
d:/gcc-arm-none-eabi-10.3-2021.10-win32/gcc-arm-none-eabi-10.3-2021.10/bin/../lib/gcc/arm-none-eabi/10.3.1/../../../../arm-none-eabi/lib/thumb/v7e-m/nofp\libg.a(lib_a-init.o)
[...]
Memory Configuration

Name             Origin             Length             Attributes
CCMRAM           0x10000000         0x00010000         xrw
RAM              0x20000000         0x00020000         xrw
FLASH            0x08000000         0x00100000         xr
*default*        0x00000000         0xffffffff

Linker script and memory map

LOAD d:/gcc-arm-none-eabi-10.3-2021.10-win32/gcc-arm-none-eabi-10.3-2021.10/bin/../lib/gcc/arm-none-eabi/10.3.1/thumb/v7e-m/nofp/crti.o
LOAD d:/gcc-arm-none-eabi-10.3-2021.10-win32/gcc-arm-none-eabi-10.3-2021.10/bin/../lib/gcc/arm-none-eabi/10.3.1/thumb/v7e-m/nofp/crtbegin.o
LOAD d:/gcc-arm-none-eabi-10.3-2021.10-win32/gcc-arm-none-eabi-10.3-2021.10/bin/../lib/gcc/arm-none-eabi/10.3.1/../../../../arm-none-eabi/lib/thumb/v7e-m/nofp/crt0.o
LOAD CMakeFiles/simpleFOC_Clion_HAL.elf.dir/Core/Src/gpio.c.obj
LOAD CMakeFiles/simpleFOC_Clion_HAL.elf.dir/Core/Src/main.c.obj
LOAD CMakeFiles/simpleFOC_Clion_HAL.elf.dir/Core/Src/stm32f4xx_hal_msp.c.obj
LOAD CMakeFiles/simpleFOC_Clion_HAL.elf.dir/Core/Src/stm32f4xx_it.c.obj
LOAD CMakeFiles/simpleFOC_Clion_HAL.elf.dir/Core/Src/syscalls.c.obj
LOAD CMakeFiles/simpleFOC_Clion_HAL.elf.dir/Core/Src/sysmem.c.obj
LOAD CMakeFiles/simpleFOC_Clion_HAL.elf.dir/Core/Src/system_stm32f4xx.c.obj
LOAD CMakeFiles/simpleFOC_Clion_HAL.elf.dir/Core/Src/usart.c.obj
LOAD CMakeFiles/simpleFOC_Clion_HAL.elf.dir/Core/Startup/startup_stm32f405rgtx.s.obj
LOAD CMakeFiles/simpleFOC_Clion_HAL.elf.dir/Drivers/STM32F4xx_HAL_Driver/Src/stm32f4xx_hal.c.obj
LOAD CMakeFiles/simpleFOC_Clion_HAL.elf.dir/Drivers/STM32F4xx_HAL_Driver/Src/stm32f4xx_hal_cortex.c.obj
LOAD CMakeFiles/simpleFOC_Clion_HAL.elf.dir/Drivers/STM32F4xx_HAL_Driver/Src/stm32f4xx_hal_dma.c.obj
LOAD CMakeFiles/simpleFOC_Clion_HAL.elf.dir/Drivers/STM32F4xx_HAL_Driver/Src/stm32f4xx_hal_dma_ex.c.obj
LOAD CMakeFiles/simpleFOC_Clion_HAL.elf.dir/Drivers/STM32F4xx_HAL_Driver/Src/stm32f4xx_hal_exti.c.obj
LOAD CMakeFiles/simpleFOC_Clion_HAL.elf.dir/Drivers/STM32F4xx_HAL_Driver/Src/stm32f4xx_hal_flash.c.obj
LOAD CMakeFiles/simpleFOC_Clion_HAL.elf.dir/Drivers/STM32F4xx_HAL_Driver/Src/stm32f4xx_hal_flash_ex.c.obj
LOAD CMakeFiles/simpleFOC_Clion_HAL.elf.dir/Drivers/STM32F4xx_HAL_Driver/Src/stm32f4xx_hal_flash_ramfunc.c.obj
LOAD CMakeFiles/simpleFOC_Clion_HAL.elf.dir/Drivers/STM32F4xx_HAL_Driver/Src/stm32f4xx_hal_gpio.c.obj
LOAD CMakeFiles/simpleFOC_Clion_HAL.elf.dir/Drivers/STM32F4xx_HAL_Driver/Src/stm32f4xx_hal_pwr.c.obj
LOAD CMakeFiles/simpleFOC_Clion_HAL.elf.dir/Drivers/STM32F4xx_HAL_Driver/Src/stm32f4xx_hal_pwr_ex.c.obj
LOAD CMakeFiles/simpleFOC_Clion_HAL.elf.dir/Drivers/STM32F4xx_HAL_Driver/Src/stm32f4xx_hal_rcc.c.obj
LOAD CMakeFiles/simpleFOC_Clion_HAL.elf.dir/Drivers/STM32F4xx_HAL_Driver/Src/stm32f4xx_hal_rcc_ex.c.obj
LOAD CMakeFiles/simpleFOC_Clion_HAL.elf.dir/Drivers/STM32F4xx_HAL_Driver/Src/stm32f4xx_hal_tim.c.obj
LOAD CMakeFiles/simpleFOC_Clion_HAL.elf.dir/Drivers/STM32F4xx_HAL_Driver/Src/stm32f4xx_hal_tim_ex.c.obj
LOAD CMakeFiles/simpleFOC_Clion_HAL.elf.dir/Drivers/STM32F4xx_HAL_Driver/Src/stm32f4xx_hal_uart.c.obj
LOAD CMakeFiles/simpleFOC_Clion_HAL.elf.dir/SimpleFOC/BLDCmotor/BLDCMotor.c.obj
LOAD CMakeFiles/simpleFOC_Clion_HAL.elf.dir/SimpleFOC/FOCmotor/FOCMotor.c.obj
LOAD CMakeFiles/simpleFOC_Clion_HAL.elf.dir/SimpleFOC/as5600/as5600.c.obj
LOAD CMakeFiles/simpleFOC_Clion_HAL.elf.dir/SimpleFOC/foc_utils/foc_utils.c.obj
LOAD CMakeFiles/simpleFOC_Clion_HAL.elf.dir/SimpleFOC/lowpass_filter/lowpass_filter.c.obj
LOAD CMakeFiles/simpleFOC_Clion_HAL.elf.dir/SimpleFOC/sensor/sensor.c.obj
LOAD CMakeFiles/simpleFOC_Clion_HAL.elf.dir/USER/PID/pid.c.obj
LOAD CMakeFiles/simpleFOC_Clion_HAL.elf.dir/USER/delay/User_Delay.c.obj
LOAD CMakeFiles/simpleFOC_Clion_HAL.elf.dir/USER/iic/iic.c.obj
LOAD CMakeFiles/simpleFOC_Clion_HAL.elf.dir/retarget/retarget.c.obj
START GROUP
LOAD d:/gcc-arm-none-eabi-10.3-2021.10-win32/gcc-arm-none-eabi-10.3-2021.10/bin/../lib/gcc/arm-none-eabi/10.3.1/thumb/v7e-m/nofp\libgcc.a
LOAD d:/gcc-arm-none-eabi-10.3-2021.10-win32/gcc-arm-none-eabi-10.3-2021.10/bin/../lib/gcc/arm-none-eabi/10.3.1/../../../../arm-none-eabi/lib/thumb/v7e-m/nofp\libg.a
LOAD d:/gcc-arm-none-eabi-10.3-2021.10-win32/gcc-arm-none-eabi-10.3-2021.10/bin/../lib/gcc/arm-none-eabi/10.3.1/../../../../arm-none-eabi/lib/thumb/v7e-m/nofp\libc.a
END GROUP
LOAD d:/gcc-arm-none-eabi-10.3-2021.10-win32/gcc-arm-none-eabi-10.3-2021.10/bin/../lib/gcc/arm-none-eabi/10.3.1/thumb/v7e-m/nofp/crtend.o
LOAD d:/gcc-arm-none-eabi-10.3-2021.10-win32/gcc-arm-none-eabi-10.3-2021.10/bin/../lib/gcc/arm-none-eabi/10.3.1/thumb/v7e-m/nofp/crtn.o
                0x20020000                _estack = (ORIGIN (RAM) + LENGTH (RAM))
                0x00000200                _Min_Heap_Size = 0x200
                0x00000400                _Min_Stack_Size = 0x400

.isr_vector     0x08000000      0x188
                0x08000000                . = ALIGN (0x4)
 *(.isr_vector)
 .isr_vector    0x08000000      0x188 CMakeFiles/simpleFOC_Clion_HAL.elf.dir/Core/Startup/startup_stm32f405rgtx.s.obj
                0x08000000                g_pfnVectors
                0x08000188                . = ALIGN (0x4)

.text           0x080001c0     0xa47c
                0x080001c0                . = ALIGN (0x4)
 *(.text)
 .text          0x080001c0       0x40 d:/gcc-arm-none-eabi-10.3-2021.10-win32/gcc-arm-none-eabi-10.3-2021.10/bin/../lib/gcc/arm-none-eabi/10.3.1/thumb/v7e-m/nofp/crtbegin.o
 .text          0x08000200      0x378 d:/gcc-arm-none-eabi-10.3-2021.10-win32/gcc-arm-none-eabi-10.3-2021.10/bin/../lib/gcc/arm-none-eabi/10.3.1/thumb/v7e-m/nofp\libgcc.a(_arm_addsubdf3.o)
                0x08000200                __aeabi_drsub
                0x08000208                __aeabi_dsub
                0x08000208                __subdf3
                0x0800020c                __aeabi_dadd
                0x0800020c                __adddf3
                0x08000484                __floatunsidf
                0x08000484                __aeabi_ui2d
                0x080004a4                __floatsidf
                0x080004a4                __aeabi_i2d
                0x080004c8                __aeabi_f2d
                0x080004c8                __extendsfdf2
                0x0800050c                __floatundidf
                0x0800050c                __aeabi_ul2d
                0x0800051c                __floatdidf
                0x0800051c                __aeabi_l2d
 .text          0x08000578      0x110 d:/gcc-arm-none-eabi-10.3-2021.10-win32/gcc-arm-none-eabi-10.3-2021.10/bin/../lib/gcc/arm-none-eabi/10.3.1/thumb/v7e-m/nofp\libgcc.a(_arm_cmpdf2.o)
                0x08000578                __gtdf2
                0x08000578                __gedf2
                0x08000580                __ltdf2
                0x08000580                __ledf2
                0x08000588                __nedf2
                0x08000588                __eqdf2
                0x08000588                __cmpdf2
                0x08000604                __aeabi_cdrcmple
                0x08000614                __aeabi_cdcmpeq
                0x08000614                __aeabi_cdcmple
                0x08000624                __aeabi_dcmpeq
                0x08000638                __aeabi_dcmplt
                0x0800064c                __aeabi_dcmple
                0x08000660                __aeabi_dcmpge
                0x08000674                __aeabi_dcmpgt
 .text          0x08000688       0xa0 d:/gcc-arm-none-eabi-10.3-2021.10-win32/gcc-arm-none-eabi-10.3-2021.10/bin/../lib/gcc/arm-none-eabi/10.3.1/thumb/v7e-m/nofp\libgcc.a(_arm_truncdfsf2.o)
                0x08000688                __truncdfsf2
                0x08000688                __aeabi_d2f
 .text          0x08000728      0x21c d:/gcc-arm-none-eabi-10.3-2021.10-win32/gcc-arm-none-eabi-10.3-2021.10/bin/../lib/gcc/arm-none-eabi/10.3.1/thumb/v7e-m/nofp\libgcc.a(_arm_addsubsf3.o)
                0x08000728                __aeabi_frsub
                0x08000730                __subsf3
                0x08000730                __aeabi_fsub
                0x08000734                __aeabi_fadd
                0x08000734                __addsf3
                0x08000894                __aeabi_ui2f
                0x08000894                __floatunsisf
                0x0800089c                __aeabi_i2f
                0x0800089c                __floatsisf
                0x080008b8                __aeabi_ul2f
                0x080008b8                __floatundisf
                0x080008c8                __aeabi_l2f
                0x080008c8                __floatdisf
 .text          0x08000944      0x2a0 d:/gcc-arm-none-eabi-10.3-2021.10-win32/gcc-arm-none-eabi-10.3-2021.10/bin/../lib/gcc/arm-none-eabi/10.3.1/thumb/v7e-m/nofp\libgcc.a(_arm_muldivsf3.o)
                0x08000944                __mulsf3
                0x08000944                __aeabi_fmul
                0x08000aac                __aeabi_fdiv
                0x08000aac                __divsf3
 .text          0x08000be4       0xec d:/gcc-arm-none-eabi-10.3-2021.10-win32/gcc-arm-none-eabi-10.3-2021.10/bin/../lib/gcc/arm-none-eabi/10.3.1/thumb/v7e-m/nofp\libgcc.a(_arm_cmpsf2.o)
                0x08000be4                __gesf2
                0x08000be4                __gtsf2
                0x08000bec                __lesf2
                0x08000bec                __ltsf2
                0x08000bf4                __nesf2
                0x08000bf4                __eqsf2
                0x08000bf4                __cmpsf2
                0x08000c54                __aeabi_cfrcmple
                0x08000c5c                __aeabi_cfcmpeq
                0x08000c5c                __aeabi_cfcmple
                0x08000c6c                __aeabi_fcmpeq
                0x08000c80                __aeabi_fcmplt
                0x08000c94                __aeabi_fcmple
                0x08000ca8                __aeabi_fcmpge
                0x08000cbc                __aeabi_fcmpgt
 .text          0x08000cd0       0x4c d:/gcc-arm-none-eabi-10.3-2021.10-win32/gcc-arm-none-eabi-10.3-2021.10/bin/../lib/gcc/arm-none-eabi/10.3.1/thumb/v7e-m/nofp\libgcc.a(_arm_fixsfsi.o)
                0x08000cd0                __aeabi_f2iz
                0x08000cd0                __fixsfsi
 .text          0x08000d1c       0x40 d:/gcc-arm-none-eabi-10.3-2021.10-win32/gcc-arm-none-eabi-10.3-2021.10/bin/../lib/gcc/arm-none-eabi/10.3.1/thumb/v7e-m/nofp\libgcc.a(_arm_fixunssfsi.o)
                0x08000d1c                __fixunssfsi
                0x08000d1c                __aeabi_f2uiz
 .text          0x08000d5c       0x30 d:/gcc-arm-none-eabi-10.3-2021.10-win32/gcc-arm-none-eabi-10.3-2021.10/bin/../lib/gcc/arm-none-eabi/10.3.1/thumb/v7e-m/nofp\libgcc.a(_aeabi_uldivmod.o)
                0x08000d5c                __aeabi_uldivmod
 .text          0x08000d8c      0x2d0 d:/gcc-arm-none-eabi-10.3-2021.10-win32/gcc-arm-none-eabi-10.3-2021.10/bin/../lib/gcc/arm-none-eabi/10.3.1/thumb/v7e-m/nofp\libgcc.a(_udivmoddi4.o)
                0x08000d8c                __udivmoddi4
 .text          0x0800105c        0x4 d:/gcc-arm-none-eabi-10.3-2021.10-win32/gcc-arm-none-eabi-10.3-2021.10/bin/../lib/gcc/arm-none-eabi/10.3.1/thumb/v7e-m/nofp\libgcc.a(_dvmd_tls.o)
                0x0800105c                __aeabi_idiv0
                0x0800105c                __aeabi_ldiv0
 *fill*         0x08001060       0x20 
 .text          0x08001080       0xdc d:/gcc-arm-none-eabi-10.3-2021.10-win32/gcc-arm-none-eabi-10.3-2021.10/bin/../lib/gcc/arm-none-eabi/10.3.1/../../../../arm-none-eabi/lib/thumb/v7e-m/nofp\libg.a(lib_a-strlen.o)
                0x08001080                strlen
 *fill*         0x0800115c        0x4 
 .text          0x08001160       0xa0 d:/gcc-arm-none-eabi-10.3-2021.10-win32/gcc-arm-none-eabi-10.3-2021.10/bin/../lib/gcc/arm-none-eabi/10.3.1/../../../../arm-none-eabi/lib/thumb/v7e-m/nofp\libg.a(lib_a-memchr.o)
                0x08001160                memchr
 .text          0x08001200      0x134 d:/gcc-arm-none-eabi-10.3-2021.10-win32/gcc-arm-none-eabi-10.3-2021.10/bin/../lib/gcc/arm-none-eabi/10.3.1/../../../../arm-none-eabi/lib/thumb/v7e-m/nofp\libg.a(lib_a-memcpy.o)
                0x08001200                memcpy
 .text          0x08001334      0x424 d:/gcc-arm-none-eabi-10.3-2021.10-win32/gcc-arm-none-eabi-10.3-2021.10/bin/../lib/gcc/arm-none-eabi/10.3.1/thumb/v7e-m/nofp\libgcc.a(_arm_muldivdf3.o)
                0x08001334                __aeabi_dmul
                0x08001334                __muldf3
                0x08001588                __divdf3
                0x08001588                __aeabi_ddiv
 .text          0x08001758       0x2c d:/gcc-arm-none-eabi-10.3-2021.10-win32/gcc-arm-none-eabi-10.3-2021.10/bin/../lib/gcc/arm-none-eabi/10.3.1/thumb/v7e-m/nofp\libgcc.a(_arm_unorddf2.o)
                0x08001758                __unorddf2
                0x08001758                __aeabi_dcmpun
 .text          0x08001784       0x50 d:/gcc-arm-none-eabi-10.3-2021.10-win32/gcc-arm-none-eabi-10.3-2021.10/bin/../lib/gcc/arm-none-eabi/10.3.1/thumb/v7e-m/nofp\libgcc.a(_arm_fixdfsi.o)
                0x08001784                __aeabi_d2iz
                0x08001784                __fixdfsi
 *(.text*)
 .text.MX_GPIO_Init
                0x080017d4       0x7c CMakeFiles/simpleFOC_Clion_HAL.elf.dir/Core/Src/gpio.c.obj
                0x080017d4                MX_GPIO_Init
 .text.Error_Handler
                0x08001850        0x4 CMakeFiles/simpleFOC_Clion_HAL.elf.dir/Core/Src/main.c.obj
                0x08001850                Error_Handler
 .text.SystemClock_Config
                0x08001854       0xa8 CMakeFiles/simpleFOC_Clion_HAL.elf.dir/Core/Src/main.c.obj
                0x08001854                SystemClock_Config
 .text.main     0x080018fc      0x104 CMakeFiles/simpleFOC_Clion_HAL.elf.dir/Core/Src/main.c.obj
                0x080018fc                main
 .text.HAL_MspInit
                0x08001a00       0x38 CMakeFiles/simpleFOC_Clion_HAL.elf.dir/Core/Src/stm32f4xx_hal_msp.c.obj
                0x08001a00                HAL_MspInit
 .text.NMI_Handler
                0x08001a38        0x2 CMakeFiles/simpleFOC_Clion_HAL.elf.dir/Core/Src/stm32f4xx_it.c.obj
                0x08001a38                NMI_Handler
 .text.HardFault_Handler
                0x08001a3a        0x2 CMakeFiles/simpleFOC_Clion_HAL.elf.dir/Core/Src/stm32f4xx_it.c.obj
                0x08001a3a                HardFault_Handler
 .text.MemManage_Handler
                0x08001a3c        0x2 CMakeFiles/simpleFOC_Clion_HAL.elf.dir/Core/Src/stm32f4xx_it.c.obj
                0x08001a3c                MemManage_Handler
 .text.BusFault_Handler
                0x08001a3e        0x2 CMakeFiles/simpleFOC_Clion_HAL.elf.dir/Core/Src/stm32f4xx_it.c.obj
                0x08001a3e                BusFault_Handler
 .text.UsageFault_Handler
                0x08001a40        0x2 CMakeFiles/simpleFOC_Clion_HAL.elf.dir/Core/Src/stm32f4xx_it.c.obj
                0x08001a40                UsageFault_Handler
 .text.SVC_Handler
                0x08001a42        0x2 CMakeFiles/simpleFOC_Clion_HAL.elf.dir/Core/Src/stm32f4xx_it.c.obj
                0x08001a42                SVC_Handler
 .text.DebugMon_Handler
                0x08001a44        0x2 CMakeFiles/simpleFOC_Clion_HAL.elf.dir/Core/Src/stm32f4xx_it.c.obj
                0x08001a44                DebugMon_Handler
 .text.PendSV_Handler
                0x08001a46        0x2 CMakeFiles/simpleFOC_Clion_HAL.elf.dir/Core/Src/stm32f4xx_it.c.obj
                0x08001a46                PendSV_Handler
 .text.SysTick_Handler
                0x08001a48        0x8 CMakeFiles/simpleFOC_Clion_HAL.elf.dir/Core/Src/stm32f4xx_it.c.obj
                0x08001a48                SysTick_Handler
 .text.USART2_IRQHandler
                0x08001a50       0x10 CMakeFiles/simpleFOC_Clion_HAL.elf.dir/Core/Src/stm32f4xx_it.c.obj
                0x08001a50                USART2_IRQHandler
 .text._getpid  0x08001a60        0x4 CMakeFiles/simpleFOC_Clion_HAL.elf.dir/Core/Src/syscalls.c.obj
                0x08001a60                _getpid
 .text._kill    0x08001a64       0x10 CMakeFiles/simpleFOC_Clion_HAL.elf.dir/Core/Src/syscalls.c.obj
                0x08001a64                _kill
 .text._exit    0x08001a74        0xc CMakeFiles/simpleFOC_Clion_HAL.elf.dir/Core/Src/syscalls.c.obj
                0x08001a74                _exit
 .text._sbrk    0x08001a80       0x48 CMakeFiles/simpleFOC_Clion_HAL.elf.dir/Core/Src/sysmem.c.obj
                0x08001a80                _sbrk
 .text.SystemInit
                0x08001ac8        0x2 CMakeFiles/simpleFOC_Clion_HAL.elf.dir/Core/Src/system_stm32f4xx.c.obj
                0x08001ac8                SystemInit
 *fill*         0x08001aca        0x2 
 .text.MX_USART2_UART_Init
                0x08001acc       0x34 CMakeFiles/simpleFOC_Clion_HAL.elf.dir/Core/Src/usart.c.obj
                0x08001acc                MX_USART2_UART_Init
 .text.HAL_UART_MspInit
                0x08001b00       0x7c CMakeFiles/simpleFOC_Clion_HAL.elf.dir/Core/Src/usart.c.obj
                0x08001b00                HAL_UART_MspInit
 .text.HAL_UART_RxCpltCallback
                0x08001b7c       0x90 CMakeFiles/simpleFOC_Clion_HAL.elf.dir/Core/Src/usart.c.obj
                0x08001b7c                HAL_UART_RxCpltCallback
 .text.Reset_Handler
                0x08001c0c       0x50 CMakeFiles/simpleFOC_Clion_HAL.elf.dir/Core/Startup/startup_stm32f405rgtx.s.obj
                0x08001c0c                Reset_Handler
 .text.Default_Handler
                0x08001c5c        0x2 CMakeFiles/simpleFOC_Clion_HAL.elf.dir/Core/Startup/startup_stm32f405rgtx.s.obj
                0x08001c5c                RTC_Alarm_IRQHandler
                0x08001c5c                HASH_RNG_IRQHandler
                0x08001c5c                EXTI2_IRQHandler
                0x08001c5c                TIM8_CC_IRQHandler
                0x08001c5c                TIM1_CC_IRQHandler
                0x08001c5c                DMA2_Stream5_IRQHandler
                0x08001c5c                DMA1_Stream5_IRQHandler
                0x08001c5c                PVD_IRQHandler
                0x08001c5c                SDIO_IRQHandler
                0x08001c5c                TAMP_STAMP_IRQHandler
                0x08001c5c                CAN2_RX1_IRQHandler
                0x08001c5c                EXTI3_IRQHandler
                0x08001c5c                TIM8_TRG_COM_TIM14_IRQHandler
                0x08001c5c                TIM1_UP_TIM10_IRQHandler
                0x08001c5c                TIM8_UP_TIM13_IRQHandler
                0x08001c5c                I2C3_ER_IRQHandler
                0x08001c5c                EXTI0_IRQHandler
                0x08001c5c                I2C2_EV_IRQHandler
                0x08001c5c                DMA1_Stream2_IRQHandler
                0x08001c5c                CAN1_RX0_IRQHandler
                0x08001c5c                FPU_IRQHandler
                0x08001c5c                OTG_HS_WKUP_IRQHandler
                0x08001c5c                CAN2_SCE_IRQHandler
                0x08001c5c                DMA2_Stream2_IRQHandler
                0x08001c5c                SPI1_IRQHandler
                0x08001c5c                TIM6_DAC_IRQHandler
                0x08001c5c                TIM1_BRK_TIM9_IRQHandler
                0x08001c5c                CAN2_RX0_IRQHandler
                0x08001c5c                DMA2_Stream3_IRQHandler
                0x08001c5c                USART6_IRQHandler
                0x08001c5c                USART3_IRQHandler
                0x08001c5c                CAN1_RX1_IRQHandler
                0x08001c5c                UART5_IRQHandler
                0x08001c5c                DMA2_Stream0_IRQHandler
                0x08001c5c                TIM4_IRQHandler
                0x08001c5c                I2C1_EV_IRQHandler
                0x08001c5c                DMA1_Stream6_IRQHandler
                0x08001c5c                DMA1_Stream1_IRQHandler
                0x08001c5c                UART4_IRQHandler
                0x08001c5c                TIM3_IRQHandler
                0x08001c5c                RCC_IRQHandler
                0x08001c5c                TIM8_BRK_TIM12_IRQHandler
                0x08001c5c                Default_Handler
                0x08001c5c                EXTI15_10_IRQHandler
                0x08001c5c                ADC_IRQHandler
                0x08001c5c                DMA1_Stream7_IRQHandler
                0x08001c5c                TIM7_IRQHandler
                0x08001c5c                CAN2_TX_IRQHandler
                0x08001c5c                TIM5_IRQHandler
                0x08001c5c                DMA2_Stream7_IRQHandler
                0x08001c5c                I2C3_EV_IRQHandler
                0x08001c5c                EXTI9_5_IRQHandler
                0x08001c5c                RTC_WKUP_IRQHandler
                0x08001c5c                SPI2_IRQHandler
                0x08001c5c                OTG_HS_EP1_IN_IRQHandler
                0x08001c5c                DMA1_Stream0_IRQHandler
                0x08001c5c                CAN1_TX_IRQHandler
                0x08001c5c                EXTI4_IRQHandler
                0x08001c5c                FSMC_IRQHandler
                0x08001c5c                OTG_HS_EP1_OUT_IRQHandler
                0x08001c5c                WWDG_IRQHandler
                0x08001c5c                TIM2_IRQHandler
                0x08001c5c                OTG_FS_WKUP_IRQHandler
                0x08001c5c                TIM1_TRG_COM_TIM11_IRQHandler
                0x08001c5c                OTG_HS_IRQHandler
                0x08001c5c                EXTI1_IRQHandler
                0x08001c5c                I2C2_ER_IRQHandler
                0x08001c5c                DMA2_Stream1_IRQHandler
                0x08001c5c                CAN1_SCE_IRQHandler
                0x08001c5c                FLASH_IRQHandler
                0x08001c5c                DMA2_Stream4_IRQHandler
                0x08001c5c                USART1_IRQHandler
                0x08001c5c                OTG_FS_IRQHandler
                0x08001c5c                SPI3_IRQHandler
                0x08001c5c                DMA1_Stream4_IRQHandler
                0x08001c5c                I2C1_ER_IRQHandler
                0x08001c5c                DMA2_Stream6_IRQHandler
                0x08001c5c                DMA1_Stream3_IRQHandler
 *fill*         0x08001c5e        0x2 
 .text.HAL_InitTick
                0x08001c60       0x4c CMakeFiles/simpleFOC_Clion_HAL.elf.dir/Drivers/STM32F4xx_HAL_Driver/Src/stm32f4xx_hal.c.obj
                0x08001c60                HAL_InitTick
 .text.HAL_Init
                0x08001cac       0x34 CMakeFiles/simpleFOC_Clion_HAL.elf.dir/Drivers/STM32F4xx_HAL_Driver/Src/stm32f4xx_hal.c.obj
                0x08001cac                HAL_Init
 .text.HAL_IncTick
                0x08001ce0       0x18 CMakeFiles/simpleFOC_Clion_HAL.elf.dir/Drivers/STM32F4xx_HAL_Driver/Src/stm32f4xx_hal.c.obj
                0x08001ce0                HAL_IncTick
 .text.HAL_GetTick
                0x08001cf8        0xc CMakeFiles/simpleFOC_Clion_HAL.elf.dir/Drivers/STM32F4xx_HAL_Driver/Src/stm32f4xx_hal.c.obj
                0x08001cf8                HAL_GetTick
 .text.HAL_Delay
                0x08001d04       0x28 CMakeFiles/simpleFOC_Clion_HAL.elf.dir/Drivers/STM32F4xx_HAL_Driver/Src/stm32f4xx_hal.c.obj
                0x08001d04                HAL_Delay
 .text.HAL_NVIC_SetPriorityGrouping
                0x08001d2c       0x24 CMakeFiles/simpleFOC_Clion_HAL.elf.dir/Drivers/STM32F4xx_HAL_Driver/Src/stm32f4xx_hal_cortex.c.obj
                0x08001d2c                HAL_NVIC_SetPriorityGrouping
 .text.HAL_NVIC_SetPriority
                0x08001d50       0x70 CMakeFiles/simpleFOC_Clion_HAL.elf.dir/Drivers/STM32F4xx_HAL_Driver/Src/stm32f4xx_hal_cortex.c.obj
                0x08001d50                HAL_NVIC_SetPriority
 .text.HAL_NVIC_EnableIRQ
                0x08001dc0       0x1c CMakeFiles/simpleFOC_Clion_HAL.elf.dir/Drivers/STM32F4xx_HAL_Driver/Src/stm32f4xx_hal_cortex.c.obj
                0x08001dc0                HAL_NVIC_EnableIRQ
 .text.HAL_SYSTICK_Config
                0x08001ddc       0x28 CMakeFiles/simpleFOC_Clion_HAL.elf.dir/Drivers/STM32F4xx_HAL_Driver/Src/stm32f4xx_hal_cortex.c.obj
                0x08001ddc                HAL_SYSTICK_Config
 .text.HAL_DMA_Abort
                0x08001e04       0x94 CMakeFiles/simpleFOC_Clion_HAL.elf.dir/Drivers/STM32F4xx_HAL_Driver/Src/stm32f4xx_hal_dma.c.obj
                0x08001e04                HAL_DMA_Abort
 .text.HAL_DMA_Abort_IT
                0x08001e98       0x26 CMakeFiles/simpleFOC_Clion_HAL.elf.dir/Drivers/STM32F4xx_HAL_Driver/Src/stm32f4xx_hal_dma.c.obj
                0x08001e98                HAL_DMA_Abort_IT
 *fill*         0x08001ebe        0x2 
 .text.HAL_GPIO_Init
                0x08001ec0      0x1e4 CMakeFiles/simpleFOC_Clion_HAL.elf.dir/Drivers/STM32F4xx_HAL_Driver/Src/stm32f4xx_hal_gpio.c.obj
                0x08001ec0                HAL_GPIO_Init
 .text.HAL_GPIO_WritePin
                0x080020a4        0xc CMakeFiles/simpleFOC_Clion_HAL.elf.dir/Drivers/STM32F4xx_HAL_Driver/Src/stm32f4xx_hal_gpio.c.obj
                0x080020a4                HAL_GPIO_WritePin
 .text.HAL_RCC_OscConfig
                0x080020b0      0x3f8 CMakeFiles/simpleFOC_Clion_HAL.elf.dir/Drivers/STM32F4xx_HAL_Driver/Src/stm32f4xx_hal_rcc.c.obj
                0x080020b0                HAL_RCC_OscConfig
 .text.HAL_RCC_GetSysClockFreq
                0x080024a8       0xd4 CMakeFiles/simpleFOC_Clion_HAL.elf.dir/Drivers/STM32F4xx_HAL_Driver/Src/stm32f4xx_hal_rcc.c.obj
                0x080024a8                HAL_RCC_GetSysClockFreq
 .text.HAL_RCC_ClockConfig
                0x0800257c      0x160 CMakeFiles/simpleFOC_Clion_HAL.elf.dir/Drivers/STM32F4xx_HAL_Driver/Src/stm32f4xx_hal_rcc.c.obj
                0x0800257c                HAL_RCC_ClockConfig
 .text.HAL_RCC_GetHCLKFreq
                0x080026dc        0xc CMakeFiles/simpleFOC_Clion_HAL.elf.dir/Drivers/STM32F4xx_HAL_Driver/Src/stm32f4xx_hal_rcc.c.obj
                0x080026dc                HAL_RCC_GetHCLKFreq
 .text.HAL_RCC_GetPCLK1Freq
                0x080026e8       0x20 CMakeFiles/simpleFOC_Clion_HAL.elf.dir/Drivers/STM32F4xx_HAL_Driver/Src/stm32f4xx_hal_rcc.c.obj
                0x080026e8                HAL_RCC_GetPCLK1Freq
 .text.HAL_RCC_GetPCLK2Freq
                0x08002708       0x20 CMakeFiles/simpleFOC_Clion_HAL.elf.dir/Drivers/STM32F4xx_HAL_Driver/Src/stm32f4xx_hal_rcc.c.obj
                0x08002708                HAL_RCC_GetPCLK2Freq
 .text.UART_EndRxTransfer
                0x08002728       0x5c CMakeFiles/simpleFOC_Clion_HAL.elf.dir/Drivers/STM32F4xx_HAL_Driver/Src/stm32f4xx_hal_uart.c.obj
 .text.UART_Transmit_IT
                0x08002784       0x60 CMakeFiles/simpleFOC_Clion_HAL.elf.dir/Drivers/STM32F4xx_HAL_Driver/Src/stm32f4xx_hal_uart.c.obj
 .text.UART_SetConfig
                0x080027e4      0x110 CMakeFiles/simpleFOC_Clion_HAL.elf.dir/Drivers/STM32F4xx_HAL_Driver/Src/stm32f4xx_hal_uart.c.obj
 .text.UART_WaitOnFlagUntilTimeout
                0x080028f4       0x88 CMakeFiles/simpleFOC_Clion_HAL.elf.dir/Drivers/STM32F4xx_HAL_Driver/Src/stm32f4xx_hal_uart.c.obj
 .text.HAL_UART_Init
                0x0800297c       0x5e CMakeFiles/simpleFOC_Clion_HAL.elf.dir/Drivers/STM32F4xx_HAL_Driver/Src/stm32f4xx_hal_uart.c.obj
                0x0800297c                HAL_UART_Init
 .text.HAL_UART_Transmit
                0x080029da       0xd8 CMakeFiles/simpleFOC_Clion_HAL.elf.dir/Drivers/STM32F4xx_HAL_Driver/Src/stm32f4xx_hal_uart.c.obj
                0x080029da                HAL_UART_Transmit
 .text.HAL_UART_Receive
                0x08002ab2       0xe4 CMakeFiles/simpleFOC_Clion_HAL.elf.dir/Drivers/STM32F4xx_HAL_Driver/Src/stm32f4xx_hal_uart.c.obj
                0x08002ab2                HAL_UART_Receive
 .text.HAL_UART_TxCpltCallback
                0x08002b96        0x2 CMakeFiles/simpleFOC_Clion_HAL.elf.dir/Drivers/STM32F4xx_HAL_Driver/Src/stm32f4xx_hal_uart.c.obj
                0x08002b96                HAL_UART_TxCpltCallback
 .text.UART_EndTransmit_IT
                0x08002b98       0x1a CMakeFiles/simpleFOC_Clion_HAL.elf.dir/Drivers/STM32F4xx_HAL_Driver/Src/stm32f4xx_hal_uart.c.obj
 .text.HAL_UART_ErrorCallback
                0x08002bb2        0x2 CMakeFiles/simpleFOC_Clion_HAL.elf.dir/Drivers/STM32F4xx_HAL_Driver/Src/stm32f4xx_hal_uart.c.obj
                0x08002bb2                HAL_UART_ErrorCallback
 .text.UART_DMAAbortOnError
                0x08002bb4       0x10 CMakeFiles/simpleFOC_Clion_HAL.elf.dir/Drivers/STM32F4xx_HAL_Driver/Src/stm32f4xx_hal_uart.c.obj
 .text.HAL_UARTEx_RxEventCallback
                0x08002bc4        0x2 CMakeFiles/simpleFOC_Clion_HAL.elf.dir/Drivers/STM32F4xx_HAL_Driver/Src/stm32f4xx_hal_uart.c.obj
                0x08002bc4                HAL_UARTEx_RxEventCallback
 .text.UART_Receive_IT
                0x08002bc6       0xe2 CMakeFiles/simpleFOC_Clion_HAL.elf.dir/Drivers/STM32F4xx_HAL_Driver/Src/stm32f4xx_hal_uart.c.obj
 .text.HAL_UART_IRQHandler
                0x08002ca8      0x280 CMakeFiles/simpleFOC_Clion_HAL.elf.dir/Drivers/STM32F4xx_HAL_Driver/Src/stm32f4xx_hal_uart.c.obj
                0x08002ca8                HAL_UART_IRQHandler
 .text.HAL_UART_GetState
                0x08002f28        0xc CMakeFiles/simpleFOC_Clion_HAL.elf.dir/Drivers/STM32F4xx_HAL_Driver/Src/stm32f4xx_hal_uart.c.obj
                0x08002f28                HAL_UART_GetState
 .text.UART_Start_Receive_IT
                0x08002f34       0x3a CMakeFiles/simpleFOC_Clion_HAL.elf.dir/Drivers/STM32F4xx_HAL_Driver/Src/stm32f4xx_hal_uart.c.obj
                0x08002f34                UART_Start_Receive_IT
 .text.HAL_UART_Receive_IT
                0x08002f6e       0x38 CMakeFiles/simpleFOC_Clion_HAL.elf.dir/Drivers/STM32F4xx_HAL_Driver/Src/stm32f4xx_hal_uart.c.obj
                0x08002f6e                HAL_UART_Receive_IT
 *fill*         0x08002fa6        0x2 
 .text.Motor_init
                0x08002fa8       0x6c CMakeFiles/simpleFOC_Clion_HAL.elf.dir/SimpleFOC/BLDCmotor/BLDCMotor.c.obj
                0x08002fa8                Motor_init
 .text.setPhaseVoltage
                0x08003014       0xcc CMakeFiles/simpleFOC_Clion_HAL.elf.dir/SimpleFOC/BLDCmotor/BLDCMotor.c.obj
                0x08003014                setPhaseVoltage
 .text.alignSensor
                0x080030e0      0x24c CMakeFiles/simpleFOC_Clion_HAL.elf.dir/SimpleFOC/BLDCmotor/BLDCMotor.c.obj
                0x080030e0                alignSensor
 .text.Motor_initFOC
                0x0800332c       0x70 CMakeFiles/simpleFOC_Clion_HAL.elf.dir/SimpleFOC/BLDCmotor/BLDCMotor.c.obj
                0x0800332c                Motor_initFOC
 .text.shaftAngle
                0x0800339c       0x2c CMakeFiles/simpleFOC_Clion_HAL.elf.dir/SimpleFOC/FOCmotor/FOCMotor.c.obj
                0x0800339c                shaftAngle
 .text.shaftVelocity
                0x080033c8       0x2c CMakeFiles/simpleFOC_Clion_HAL.elf.dir/SimpleFOC/FOCmotor/FOCMotor.c.obj
                0x080033c8                shaftVelocity
 .text.ReadAS5600
                0x080033f4       0x46 CMakeFiles/simpleFOC_Clion_HAL.elf.dir/SimpleFOC/as5600/as5600.c.obj
                0x080033f4                ReadAS5600
 .text.getRawCount
                0x0800343a        0xc CMakeFiles/simpleFOC_Clion_HAL.elf.dir/SimpleFOC/as5600/as5600.c.obj
                0x0800343a                getRawCount
 *fill*         0x08003446        0x2 
 .text._sin     0x08003448      0x174 CMakeFiles/simpleFOC_Clion_HAL.elf.dir/SimpleFOC/foc_utils/foc_utils.c.obj
                0x08003448                _sin
 *fill*         0x080035bc        0x4 
 .text._normalizeAngle
                0x080035c0       0x3c CMakeFiles/simpleFOC_Clion_HAL.elf.dir/SimpleFOC/foc_utils/foc_utils.c.obj
                0x080035c0                _normalizeAngle
 .text._electricalAngle
                0x080035fc       0x12 CMakeFiles/simpleFOC_Clion_HAL.elf.dir/SimpleFOC/foc_utils/foc_utils.c.obj
                0x080035fc                _electricalAngle
 *fill*         0x0800360e        0x2 
 .text._sqrtApprox
                0x08003610       0x14 CMakeFiles/simpleFOC_Clion_HAL.elf.dir/SimpleFOC/foc_utils/foc_utils.c.obj
                0x08003610                _sqrtApprox
 .text.LPF_init
                0x08003624       0x38 CMakeFiles/simpleFOC_Clion_HAL.elf.dir/SimpleFOC/lowpass_filter/lowpass_filter.c.obj
                0x08003624                LPF_init
 .text.LPFoperator
                0x0800365c       0x9c CMakeFiles/simpleFOC_Clion_HAL.elf.dir/SimpleFOC/lowpass_filter/lowpass_filter.c.obj
                0x0800365c                LPFoperator
 .text.getAngle
                0x080036f8       0xd4 CMakeFiles/simpleFOC_Clion_HAL.elf.dir/SimpleFOC/sensor/sensor.c.obj
                0x080036f8                getAngle
 .text.sensor_init
                0x080037cc       0x58 CMakeFiles/simpleFOC_Clion_HAL.elf.dir/SimpleFOC/sensor/sensor.c.obj
                0x080037cc                sensor_init
 .text.getVelocity
                0x08003824       0x90 CMakeFiles/simpleFOC_Clion_HAL.elf.dir/SimpleFOC/sensor/sensor.c.obj
                0x08003824                getVelocity
 .text.PID_init
                0x080038b4       0x6c CMakeFiles/simpleFOC_Clion_HAL.elf.dir/USER/PID/pid.c.obj
                0x080038b4                PID_init
 .text.IIC_GPIO_Config
                0x08003920       0x4c CMakeFiles/simpleFOC_Clion_HAL.elf.dir/USER/iic/iic.c.obj
                0x08003920                IIC_GPIO_Config
 .text.IIC_Start
                0x0800396c       0x40 CMakeFiles/simpleFOC_Clion_HAL.elf.dir/USER/iic/iic.c.obj
                0x0800396c                IIC_Start
 .text.IIC_Stop
                0x080039ac       0x40 CMakeFiles/simpleFOC_Clion_HAL.elf.dir/USER/iic/iic.c.obj
                0x080039ac                IIC_Stop
 .text.IIC_Wait_Ack
                0x080039ec       0x84 CMakeFiles/simpleFOC_Clion_HAL.elf.dir/USER/iic/iic.c.obj
                0x080039ec                IIC_Wait_Ack
 .text.IIC0_Ack
                0x08003a70       0x40 CMakeFiles/simpleFOC_Clion_HAL.elf.dir/USER/iic/iic.c.obj
                0x08003a70                IIC0_Ack
 .text.IIC0_NAck
                0x08003ab0       0x40 CMakeFiles/simpleFOC_Clion_HAL.elf.dir/USER/iic/iic.c.obj
                0x08003ab0                IIC0_NAck
 .text.Read_IIC_Byte
                0x08003af0       0x7c CMakeFiles/simpleFOC_Clion_HAL.elf.dir/USER/iic/iic.c.obj
                0x08003af0                Read_IIC_Byte
 .text.IIC_Write_Byte
                0x08003b6c       0x68 CMakeFiles/simpleFOC_Clion_HAL.elf.dir/USER/iic/iic.c.obj
                0x08003b6c                IIC_Write_Byte
 .text.RetargetInit
                0x08003bd4       0x20 CMakeFiles/simpleFOC_Clion_HAL.elf.dir/retarget/retarget.c.obj
                0x08003bd4                RetargetInit
 .text._isatty  0x08003bf4       0x16 CMakeFiles/simpleFOC_Clion_HAL.elf.dir/retarget/retarget.c.obj
                0x08003bf4                _isatty
 *fill*         0x08003c0a        0x2 
 .text._write   0x08003c0c       0x34 CMakeFiles/simpleFOC_Clion_HAL.elf.dir/retarget/retarget.c.obj
                0x08003c0c                _write
 .text._close   0x08003c40       0x18 CMakeFiles/simpleFOC_Clion_HAL.elf.dir/retarget/retarget.c.obj
                0x08003c40                _close
 .text._lseek   0x08003c58       0x10 CMakeFiles/simpleFOC_Clion_HAL.elf.dir/retarget/retarget.c.obj
                0x08003c58                _lseek
 .text._read    0x08003c68       0x30 CMakeFiles/simpleFOC_Clion_HAL.elf.dir/retarget/retarget.c.obj
                0x08003c68                _read
 .text._fstat   0x08003c98       0x1a CMakeFiles/simpleFOC_Clion_HAL.elf.dir/retarget/retarget.c.obj
                0x08003c98                _fstat
 *fill*         0x08003cb2        0x2 
 .text.__errno  0x08003cb4        0xc d:/gcc-arm-none-eabi-10.3-2021.10-win32/gcc-arm-none-eabi-10.3-2021.10/bin/../lib/gcc/arm-none-eabi/10.3.1/../../../../arm-none-eabi/lib/thumb/v7e-m/nofp\libg.a(lib_a-errno.o)
                0x08003cb4                __errno
 .text.__libc_init_array
                0x08003cc0       0x48 d:/gcc-arm-none-eabi-10.3-2021.10-win32/gcc-arm-none-eabi-10.3-2021.10/bin/../lib/gcc/arm-none-eabi/10.3.1/../../../../arm-none-eabi/lib/thumb/v7e-m/nofp\libg.a(lib_a-init.o)
                0x08003cc0                __libc_init_array
 .text.memset   0x08003d08       0xa4 d:/gcc-arm-none-eabi-10.3-2021.10-win32/gcc-arm-none-eabi-10.3-2021.10/bin/../lib/gcc/arm-none-eabi/10.3.1/../../../../arm-none-eabi/lib/thumb/v7e-m/nofp\libg.a(lib_a-memset.o)
                0x08003d08                memset
 .text.printf   0x08003dac       0x28 d:/gcc-arm-none-eabi-10.3-2021.10-win32/gcc-arm-none-eabi-10.3-2021.10/bin/../lib/gcc/arm-none-eabi/10.3.1/../../../../arm-none-eabi/lib/thumb/v7e-m/nofp\libg.a(lib_a-printf.o)
                0x08003dac                printf
 .text._puts_r  0x08003dd4       0x9c d:/gcc-arm-none-eabi-10.3-2021.10-win32/gcc-arm-none-eabi-10.3-2021.10/bin/../lib/gcc/arm-none-eabi/10.3.1/../../../../arm-none-eabi/lib/thumb/v7e-m/nofp\libg.a(lib_a-puts.o)
                0x08003dd4                _puts_r
 .text.puts     0x08003e70       0x10 d:/gcc-arm-none-eabi-10.3-2021.10-win32/gcc-arm-none-eabi-10.3-2021.10/bin/../lib/gcc/arm-none-eabi/10.3.1/../../../../arm-none-eabi/lib/thumb/v7e-m/nofp\libg.a(lib_a-puts.o)
                0x08003e70                puts
 .text.setvbuf  0x08003e80      0x1b0 d:/gcc-arm-none-eabi-10.3-2021.10-win32/gcc-arm-none-eabi-10.3-2021.10/bin/../lib/gcc/arm-none-eabi/10.3.1/../../../../arm-none-eabi/lib/thumb/v7e-m/nofp\libg.a(lib_a-setvbuf.o)
                0x08003e80                setvbuf
 .text._vfprintf_r
                0x08004030     0x1ad4 d:/gcc-arm-none-eabi-10.3-2021.10-win32/gcc-arm-none-eabi-10.3-2021.10/bin/../lib/gcc/arm-none-eabi/10.3.1/../../../../arm-none-eabi/lib/thumb/v7e-m/nofp\libg.a(lib_a-vfprintf.o)
                0x08004030                _vfprintf_r
 .text.__sbprintf
                0x08005b04       0x80 d:/gcc-arm-none-eabi-10.3-2021.10-win32/gcc-arm-none-eabi-10.3-2021.10/bin/../lib/gcc/arm-none-eabi/10.3.1/../../../../arm-none-eabi/lib/thumb/v7e-m/nofp\libg.a(lib_a-vfprintf.o)
 .text.__swsetup_r
                0x08005b84       0xd4 d:/gcc-arm-none-eabi-10.3-2021.10-win32/gcc-arm-none-eabi-10.3-2021.10/bin/../lib/gcc/arm-none-eabi/10.3.1/../../../../arm-none-eabi/lib/thumb/v7e-m/nofp\libg.a(lib_a-wsetup.o)
                0x08005b84                __swsetup_r
 .text.startup.register_fini
                0x08005c58       0x14 d:/gcc-arm-none-eabi-10.3-2021.10-win32/gcc-arm-none-eabi-10.3-2021.10/bin/../lib/gcc/arm-none-eabi/10.3.1/../../../../arm-none-eabi/lib/thumb/v7e-m/nofp\libg.a(lib_a-__call_atexit.o)
 .text.atexit   0x08005c6c        0xc d:/gcc-arm-none-eabi-10.3-2021.10-win32/gcc-arm-none-eabi-10.3-2021.10/bin/../lib/gcc/arm-none-eabi/10.3.1/../../../../arm-none-eabi/lib/thumb/v7e-m/nofp\libg.a(lib_a-atexit.o)
                0x08005c6c                atexit
 .text.quorem   0x08005c78      0x124 d:/gcc-arm-none-eabi-10.3-2021.10-win32/gcc-arm-none-eabi-10.3-2021.10/bin/../lib/gcc/arm-none-eabi/10.3.1/../../../../arm-none-eabi/lib/thumb/v7e-m/nofp\libg.a(lib_a-dtoa.o)
 *fill*         0x08005d9c        0x4 
 .text._dtoa_r  0x08005da0      0xec4 d:/gcc-arm-none-eabi-10.3-2021.10-win32/gcc-arm-none-eabi-10.3-2021.10/bin/../lib/gcc/arm-none-eabi/10.3.1/../../../../arm-none-eabi/lib/thumb/v7e-m/nofp\libg.a(lib_a-dtoa.o)
                0x08005da0                _dtoa_r
 .text.__sflush_r
                0x08006c64      0x120 d:/gcc-arm-none-eabi-10.3-2021.10-win32/gcc-arm-none-eabi-10.3-2021.10/bin/../lib/gcc/arm-none-eabi/10.3.1/../../../../arm-none-eabi/lib/thumb/v7e-m/nofp\libg.a(lib_a-fflush.o)
                0x08006c64                __sflush_r
 .text._fflush_r
                0x08006d84       0x5c d:/gcc-arm-none-eabi-10.3-2021.10-win32/gcc-arm-none-eabi-10.3-2021.10/bin/../lib/gcc/arm-none-eabi/10.3.1/../../../../arm-none-eabi/lib/thumb/v7e-m/nofp\libg.a(lib_a-fflush.o)
                0x08006d84                _fflush_r
 .text._cleanup_r
                0x08006de0        0xc d:/gcc-arm-none-eabi-10.3-2021.10-win32/gcc-arm-none-eabi-10.3-2021.10/bin/../lib/gcc/arm-none-eabi/10.3.1/../../../../arm-none-eabi/lib/thumb/v7e-m/nofp\libg.a(lib_a-findfp.o)
                0x08006de0                _cleanup_r
 .text.__sinit  0x08006dec      0x10c d:/gcc-arm-none-eabi-10.3-2021.10-win32/gcc-arm-none-eabi-10.3-2021.10/bin/../lib/gcc/arm-none-eabi/10.3.1/../../../../arm-none-eabi/lib/thumb/v7e-m/nofp\libg.a(lib_a-findfp.o)
                0x08006dec                __sinit
 .text.__sfp_lock_acquire
                0x08006ef8        0xc d:/gcc-arm-none-eabi-10.3-2021.10-win32/gcc-arm-none-eabi-10.3-2021.10/bin/../lib/gcc/arm-none-eabi/10.3.1/../../../../arm-none-eabi/lib/thumb/v7e-m/nofp\libg.a(lib_a-findfp.o)
                0x08006ef8                __sfp_lock_acquire
 .text.__sfp_lock_release
                0x08006f04        0xc d:/gcc-arm-none-eabi-10.3-2021.10-win32/gcc-arm-none-eabi-10.3-2021.10/bin/../lib/gcc/arm-none-eabi/10.3.1/../../../../arm-none-eabi/lib/thumb/v7e-m/nofp\libg.a(lib_a-findfp.o)
                0x08006f04                __sfp_lock_release
 .text.__libc_fini_array
                0x08006f10       0x2c d:/gcc-arm-none-eabi-10.3-2021.10-win32/gcc-arm-none-eabi-10.3-2021.10/bin/../lib/gcc/arm-none-eabi/10.3.1/../../../../arm-none-eabi/lib/thumb/v7e-m/nofp\libg.a(lib_a-fini.o)
                0x08006f10                __libc_fini_array
 .text._malloc_trim_r
                0x08006f3c       0xa0 d:/gcc-arm-none-eabi-10.3-2021.10-win32/gcc-arm-none-eabi-10.3-2021.10/bin/../lib/gcc/arm-none-eabi/10.3.1/../../../../arm-none-eabi/lib/thumb/v7e-m/nofp\libg.a(lib_a-freer.o)
                0x08006f3c                _malloc_trim_r
 .text._free_r  0x08006fdc      0x20c d:/gcc-arm-none-eabi-10.3-2021.10-win32/gcc-arm-none-eabi-10.3-2021.10/bin/../lib/gcc/arm-none-eabi/10.3.1/../../../../arm-none-eabi/lib/thumb/v7e-m/nofp\libg.a(lib_a-freer.o)
                0x08006fdc                _free_r
 .text.__sfvwrite_r
                0x080071e8      0x2e8 d:/gcc-arm-none-eabi-10.3-2021.10-win32/gcc-arm-none-eabi-10.3-2021.10/bin/../lib/gcc/arm-none-eabi/10.3.1/../../../../arm-none-eabi/lib/thumb/v7e-m/nofp\libg.a(lib_a-fvwrite.o)
                0x080071e8                __sfvwrite_r
 .text._fwalk_reent
                0x080074d0       0x48 d:/gcc-arm-none-eabi-10.3-2021.10-win32/gcc-arm-none-eabi-10.3-2021.10/bin/../lib/gcc/arm-none-eabi/10.3.1/../../../../arm-none-eabi/lib/thumb/v7e-m/nofp\libg.a(lib_a-fwalk.o)
                0x080074d0                _fwalk_reent
 .text._localeconv_r
                0x08007518        0x8 d:/gcc-arm-none-eabi-10.3-2021.10-win32/gcc-arm-none-eabi-10.3-2021.10/bin/../lib/gcc/arm-none-eabi/10.3.1/../../../../arm-none-eabi/lib/thumb/v7e-m/nofp\libg.a(lib_a-localeconv.o)
                0x08007518                _localeconv_r
 .text.__retarget_lock_init_recursive
                0x08007520        0x4 d:/gcc-arm-none-eabi-10.3-2021.10-win32/gcc-arm-none-eabi-10.3-2021.10/bin/../lib/gcc/arm-none-eabi/10.3.1/../../../../arm-none-eabi/lib/thumb/v7e-m/nofp\libg.a(lib_a-lock.o)
                0x08007520                __retarget_lock_init_recursive
 .text.__retarget_lock_close_recursive
                0x08007524        0x4 d:/gcc-arm-none-eabi-10.3-2021.10-win32/gcc-arm-none-eabi-10.3-2021.10/bin/../lib/gcc/arm-none-eabi/10.3.1/../../../../arm-none-eabi/lib/thumb/v7e-m/nofp\libg.a(lib_a-lock.o)
                0x08007524                __retarget_lock_close_recursive
 .text.__retarget_lock_acquire_recursive
                0x08007528        0x4 d:/gcc-arm-none-eabi-10.3-2021.10-win32/gcc-arm-none-eabi-10.3-2021.10/bin/../lib/gcc/arm-none-eabi/10.3.1/../../../../arm-none-eabi/lib/thumb/v7e-m/nofp\libg.a(lib_a-lock.o)
                0x08007528                __retarget_lock_acquire_recursive
 .text.__retarget_lock_release_recursive
                0x0800752c        0x4 d:/gcc-arm-none-eabi-10.3-2021.10-win32/gcc-arm-none-eabi-10.3-2021.10/bin/../lib/gcc/arm-none-eabi/10.3.1/../../../../arm-none-eabi/lib/thumb/v7e-m/nofp\libg.a(lib_a-lock.o)
                0x0800752c                __retarget_lock_release_recursive
 .text.__smakebuf_r
                0x08007530       0xe0 d:/gcc-arm-none-eabi-10.3-2021.10-win32/gcc-arm-none-eabi-10.3-2021.10/bin/../lib/gcc/arm-none-eabi/10.3.1/../../../../arm-none-eabi/lib/thumb/v7e-m/nofp\libg.a(lib_a-makebuf.o)
                0x08007530                __smakebuf_r
 .text.__swhatbuf_r
                0x08007610       0x60 d:/gcc-arm-none-eabi-10.3-2021.10-win32/gcc-arm-none-eabi-10.3-2021.10/bin/../lib/gcc/arm-none-eabi/10.3.1/../../../../arm-none-eabi/lib/thumb/v7e-m/nofp\libg.a(lib_a-makebuf.o)
                0x08007610                __swhatbuf_r
 .text.malloc   0x08007670       0x10 d:/gcc-arm-none-eabi-10.3-2021.10-win32/gcc-arm-none-eabi-10.3-2021.10/bin/../lib/gcc/arm-none-eabi/10.3.1/../../../../arm-none-eabi/lib/thumb/v7e-m/nofp\libg.a(lib_a-malloc.o)
                0x08007670                malloc
 .text._malloc_r
                0x08007680      0x560 d:/gcc-arm-none-eabi-10.3-2021.10-win32/gcc-arm-none-eabi-10.3-2021.10/bin/../lib/gcc/arm-none-eabi/10.3.1/../../../../arm-none-eabi/lib/thumb/v7e-m/nofp\libg.a(lib_a-mallocr.o)
                0x08007680                _malloc_r
 .text.memmove  0x08007be0       0xf8 d:/gcc-arm-none-eabi-10.3-2021.10-win32/gcc-arm-none-eabi-10.3-2021.10/bin/../lib/gcc/arm-none-eabi/10.3.1/../../../../arm-none-eabi/lib/thumb/v7e-m/nofp\libg.a(lib_a-memmove.o)
                0x08007be0                memmove
 .text.__malloc_lock
                0x08007cd8        0xc d:/gcc-arm-none-eabi-10.3-2021.10-win32/gcc-arm-none-eabi-10.3-2021.10/bin/../lib/gcc/arm-none-eabi/10.3.1/../../../../arm-none-eabi/lib/thumb/v7e-m/nofp\libg.a(lib_a-mlock.o)
                0x08007cd8                __malloc_lock
 .text.__malloc_unlock
                0x08007ce4        0xc d:/gcc-arm-none-eabi-10.3-2021.10-win32/gcc-arm-none-eabi-10.3-2021.10/bin/../lib/gcc/arm-none-eabi/10.3.1/../../../../arm-none-eabi/lib/thumb/v7e-m/nofp\libg.a(lib_a-mlock.o)
                0x08007ce4                __malloc_unlock
 .text._Balloc  0x08007cf0       0x4c d:/gcc-arm-none-eabi-10.3-2021.10-win32/gcc-arm-none-eabi-10.3-2021.10/bin/../lib/gcc/arm-none-eabi/10.3.1/../../../../arm-none-eabi/lib/thumb/v7e-m/nofp\libg.a(lib_a-mprec.o)
                0x08007cf0                _Balloc
 .text._Bfree   0x08007d3c       0x14 d:/gcc-arm-none-eabi-10.3-2021.10-win32/gcc-arm-none-eabi-10.3-2021.10/bin/../lib/gcc/arm-none-eabi/10.3.1/../../../../arm-none-eabi/lib/thumb/v7e-m/nofp\libg.a(lib_a-mprec.o)
                0x08007d3c                _Bfree
 .text.__multadd
                0x08007d50       0xa0 d:/gcc-arm-none-eabi-10.3-2021.10-win32/gcc-arm-none-eabi-10.3-2021.10/bin/../lib/gcc/arm-none-eabi/10.3.1/../../../../arm-none-eabi/lib/thumb/v7e-m/nofp\libg.a(lib_a-mprec.o)
                0x08007d50                __multadd
 .text.__hi0bits
                0x08007df0       0x40 d:/gcc-arm-none-eabi-10.3-2021.10-win32/gcc-arm-none-eabi-10.3-2021.10/bin/../lib/gcc/arm-none-eabi/10.3.1/../../../../arm-none-eabi/lib/thumb/v7e-m/nofp\libg.a(lib_a-mprec.o)
                0x08007df0                __hi0bits
 .text.__lo0bits
                0x08007e30       0x5c d:/gcc-arm-none-eabi-10.3-2021.10-win32/gcc-arm-none-eabi-10.3-2021.10/bin/../lib/gcc/arm-none-eabi/10.3.1/../../../../arm-none-eabi/lib/thumb/v7e-m/nofp\libg.a(lib_a-mprec.o)
                0x08007e30                __lo0bits
 .text.__i2b    0x08007e8c       0x5c d:/gcc-arm-none-eabi-10.3-2021.10-win32/gcc-arm-none-eabi-10.3-2021.10/bin/../lib/gcc/arm-none-eabi/10.3.1/../../../../arm-none-eabi/lib/thumb/v7e-m/nofp\libg.a(lib_a-mprec.o)
                0x08007e8c                __i2b
 .text.__multiply
                0x08007ee8      0x15c d:/gcc-arm-none-eabi-10.3-2021.10-win32/gcc-arm-none-eabi-10.3-2021.10/bin/../lib/gcc/arm-none-eabi/10.3.1/../../../../arm-none-eabi/lib/thumb/v7e-m/nofp\libg.a(lib_a-mprec.o)
                0x08007ee8                __multiply
 .text.__pow5mult
                0x08008044       0xc0 d:/gcc-arm-none-eabi-10.3-2021.10-win32/gcc-arm-none-eabi-10.3-2021.10/bin/../lib/gcc/arm-none-eabi/10.3.1/../../../../arm-none-eabi/lib/thumb/v7e-m/nofp\libg.a(lib_a-mprec.o)
                0x08008044                __pow5mult
 .text.__lshift
                0x08008104       0xf0 d:/gcc-arm-none-eabi-10.3-2021.10-win32/gcc-arm-none-eabi-10.3-2021.10/bin/../lib/gcc/arm-none-eabi/10.3.1/../../../../arm-none-eabi/lib/thumb/v7e-m/nofp\libg.a(lib_a-mprec.o)
                0x08008104                __lshift
 .text.__mcmp   0x080081f4       0x40 d:/gcc-arm-none-eabi-10.3-2021.10-win32/gcc-arm-none-eabi-10.3-2021.10/bin/../lib/gcc/arm-none-eabi/10.3.1/../../../../arm-none-eabi/lib/thumb/v7e-m/nofp\libg.a(lib_a-mprec.o)
                0x080081f4                __mcmp
 .text.__mdiff  0x08008234      0x14c d:/gcc-arm-none-eabi-10.3-2021.10-win32/gcc-arm-none-eabi-10.3-2021.10/bin/../lib/gcc/arm-none-eabi/10.3.1/../../../../arm-none-eabi/lib/thumb/v7e-m/nofp\libg.a(lib_a-mprec.o)
                0x08008234                __mdiff
 .text.__d2b    0x08008380       0xc4 d:/gcc-arm-none-eabi-10.3-2021.10-win32/gcc-arm-none-eabi-10.3-2021.10/bin/../lib/gcc/arm-none-eabi/10.3.1/../../../../arm-none-eabi/lib/thumb/v7e-m/nofp\libg.a(lib_a-mprec.o)
                0x08008380                __d2b
 .text._realloc_r
                0x08008444      0x3d8 d:/gcc-arm-none-eabi-10.3-2021.10-win32/gcc-arm-none-eabi-10.3-2021.10/bin/../lib/gcc/arm-none-eabi/10.3.1/../../../../arm-none-eabi/lib/thumb/v7e-m/nofp\libg.a(lib_a-reallocr.o)
                0x08008444                _realloc_r
 .text.frexp    0x0800881c       0x70 d:/gcc-arm-none-eabi-10.3-2021.10-win32/gcc-arm-none-eabi-10.3-2021.10/bin/../lib/gcc/arm-none-eabi/10.3.1/../../../../arm-none-eabi/lib/thumb/v7e-m/nofp\libg.a(lib_a-s_frexp.o)
                0x0800881c                frexp
 .text._sbrk_r  0x0800888c       0x24 d:/gcc-arm-none-eabi-10.3-2021.10-win32/gcc-arm-none-eabi-10.3-2021.10/bin/../lib/gcc/arm-none-eabi/10.3.1/../../../../arm-none-eabi/lib/thumb/v7e-m/nofp\libg.a(lib_a-sbrkr.o)
                0x0800888c                _sbrk_r
 .text.__sread  0x080088b0       0x24 d:/gcc-arm-none-eabi-10.3-2021.10-win32/gcc-arm-none-eabi-10.3-2021.10/bin/../lib/gcc/arm-none-eabi/10.3.1/../../../../arm-none-eabi/lib/thumb/v7e-m/nofp\libg.a(lib_a-stdio.o)
                0x080088b0                __sread
 .text.__swrite
                0x080088d4       0x40 d:/gcc-arm-none-eabi-10.3-2021.10-win32/gcc-arm-none-eabi-10.3-2021.10/bin/../lib/gcc/arm-none-eabi/10.3.1/../../../../arm-none-eabi/lib/thumb/v7e-m/nofp\libg.a(lib_a-stdio.o)
                0x080088d4                __swrite
 .text.__sseek  0x08008914       0x20 d:/gcc-arm-none-eabi-10.3-2021.10-win32/gcc-arm-none-eabi-10.3-2021.10/bin/../lib/gcc/arm-none-eabi/10.3.1/../../../../arm-none-eabi/lib/thumb/v7e-m/nofp\libg.a(lib_a-stdio.o)
                0x08008914                __sseek
 .text.__sclose
                0x08008934        0x8 d:/gcc-arm-none-eabi-10.3-2021.10-win32/gcc-arm-none-eabi-10.3-2021.10/bin/../lib/gcc/arm-none-eabi/10.3.1/../../../../arm-none-eabi/lib/thumb/v7e-m/nofp\libg.a(lib_a-stdio.o)
                0x08008934                __sclose
 .text.strncpy  0x0800893c       0x64 d:/gcc-arm-none-eabi-10.3-2021.10-win32/gcc-arm-none-eabi-10.3-2021.10/bin/../lib/gcc/arm-none-eabi/10.3.1/../../../../arm-none-eabi/lib/thumb/v7e-m/nofp\libg.a(lib_a-strncpy.o)
                0x0800893c                strncpy
 .text.__sprint_r.part.0
                0x080089a0       0x78 d:/gcc-arm-none-eabi-10.3-2021.10-win32/gcc-arm-none-eabi-10.3-2021.10/bin/../lib/gcc/arm-none-eabi/10.3.1/../../../../arm-none-eabi/lib/thumb/v7e-m/nofp\libg.a(lib_a-vfiprintf.o)
 .text.__sprint_r
                0x08008a18       0x14 d:/gcc-arm-none-eabi-10.3-2021.10-win32/gcc-arm-none-eabi-10.3-2021.10/bin/../lib/gcc/arm-none-eabi/10.3.1/../../../../arm-none-eabi/lib/thumb/v7e-m/nofp\libg.a(lib_a-vfiprintf.o)
                0x08008a18                __sprint_r
 .text._vfiprintf_r
                0x08008a2c      0xda0 d:/gcc-arm-none-eabi-10.3-2021.10-win32/gcc-arm-none-eabi-10.3-2021.10/bin/../lib/gcc/arm-none-eabi/10.3.1/../../../../arm-none-eabi/lib/thumb/v7e-m/nofp\libg.a(lib_a-vfiprintf.o)
                0x08008a2c                _vfiprintf_r
 .text.__sbprintf
                0x080097cc       0x80 d:/gcc-arm-none-eabi-10.3-2021.10-win32/gcc-arm-none-eabi-10.3-2021.10/bin/../lib/gcc/arm-none-eabi/10.3.1/../../../../arm-none-eabi/lib/thumb/v7e-m/nofp\libg.a(lib_a-vfiprintf.o)
 .text._write_r
                0x0800984c       0x2c d:/gcc-arm-none-eabi-10.3-2021.10-win32/gcc-arm-none-eabi-10.3-2021.10/bin/../lib/gcc/arm-none-eabi/10.3.1/../../../../arm-none-eabi/lib/thumb/v7e-m/nofp\libg.a(lib_a-writer.o)
                0x0800984c                _write_r
 .text.__register_exitproc
                0x08009878       0x8c d:/gcc-arm-none-eabi-10.3-2021.10-win32/gcc-arm-none-eabi-10.3-2021.10/bin/../lib/gcc/arm-none-eabi/10.3.1/../../../../arm-none-eabi/lib/thumb/v7e-m/nofp\libg.a(lib_a-__atexit.o)
                0x08009878                __register_exitproc
 .text.__assert_func
                0x08009904       0x40 d:/gcc-arm-none-eabi-10.3-2021.10-win32/gcc-arm-none-eabi-10.3-2021.10/bin/../lib/gcc/arm-none-eabi/10.3.1/../../../../arm-none-eabi/lib/thumb/v7e-m/nofp\libg.a(lib_a-assert.o)
                0x08009904                __assert_func
 .text._calloc_r
                0x08009944       0x78 d:/gcc-arm-none-eabi-10.3-2021.10-win32/gcc-arm-none-eabi-10.3-2021.10/bin/../lib/gcc/arm-none-eabi/10.3.1/../../../../arm-none-eabi/lib/thumb/v7e-m/nofp\libg.a(lib_a-callocr.o)
                0x08009944                _calloc_r
 .text._close_r
                0x080099bc       0x24 d:/gcc-arm-none-eabi-10.3-2021.10-win32/gcc-arm-none-eabi-10.3-2021.10/bin/../lib/gcc/arm-none-eabi/10.3.1/../../../../arm-none-eabi/lib/thumb/v7e-m/nofp\libg.a(lib_a-closer.o)
                0x080099bc                _close_r
 .text._fclose_r
                0x080099e0       0xcc d:/gcc-arm-none-eabi-10.3-2021.10-win32/gcc-arm-none-eabi-10.3-2021.10/bin/../lib/gcc/arm-none-eabi/10.3.1/../../../../arm-none-eabi/lib/thumb/v7e-m/nofp\libg.a(lib_a-fclose.o)
                0x080099e0                _fclose_r
 .text.fiprintf
                0x08009aac       0x28 d:/gcc-arm-none-eabi-10.3-2021.10-win32/gcc-arm-none-eabi-10.3-2021.10/bin/../lib/gcc/arm-none-eabi/10.3.1/../../../../arm-none-eabi/lib/thumb/v7e-m/nofp\libg.a(lib_a-fiprintf.o)
                0x08009aac                fiprintf
 .text.__fputwc
                0x08009ad4       0xa8 d:/gcc-arm-none-eabi-10.3-2021.10-win32/gcc-arm-none-eabi-10.3-2021.10/bin/../lib/gcc/arm-none-eabi/10.3.1/../../../../arm-none-eabi/lib/thumb/v7e-m/nofp\libg.a(lib_a-fputwc.o)
                0x08009ad4                __fputwc
 .text._fputwc_r
                0x08009b7c       0x68 d:/gcc-arm-none-eabi-10.3-2021.10-win32/gcc-arm-none-eabi-10.3-2021.10/bin/../lib/gcc/arm-none-eabi/10.3.1/../../../../arm-none-eabi/lib/thumb/v7e-m/nofp\libg.a(lib_a-fputwc.o)
                0x08009b7c                _fputwc_r
 .text._fstat_r
                0x08009be4       0x2c d:/gcc-arm-none-eabi-10.3-2021.10-win32/gcc-arm-none-eabi-10.3-2021.10/bin/../lib/gcc/arm-none-eabi/10.3.1/../../../../arm-none-eabi/lib/thumb/v7e-m/nofp\libg.a(lib_a-fstatr.o)
                0x08009be4                _fstat_r
 .text._isatty_r
                0x08009c10       0x24 d:/gcc-arm-none-eabi-10.3-2021.10-win32/gcc-arm-none-eabi-10.3-2021.10/bin/../lib/gcc/arm-none-eabi/10.3.1/../../../../arm-none-eabi/lib/thumb/v7e-m/nofp\libg.a(lib_a-isattyr.o)
                0x08009c10                _isatty_r
 .text.__locale_mb_cur_max
                0x08009c34        0xc d:/gcc-arm-none-eabi-10.3-2021.10-win32/gcc-arm-none-eabi-10.3-2021.10/bin/../lib/gcc/arm-none-eabi/10.3.1/../../../../arm-none-eabi/lib/thumb/v7e-m/nofp\libg.a(lib_a-locale.o)
                0x08009c34                __locale_mb_cur_max
 .text._lseek_r
                0x08009c40       0x2c d:/gcc-arm-none-eabi-10.3-2021.10-win32/gcc-arm-none-eabi-10.3-2021.10/bin/../lib/gcc/arm-none-eabi/10.3.1/../../../../arm-none-eabi/lib/thumb/v7e-m/nofp\libg.a(lib_a-lseekr.o)
                0x08009c40                _lseek_r
 .text.__ascii_mbtowc
                0x08009c6c       0x2c d:/gcc-arm-none-eabi-10.3-2021.10-win32/gcc-arm-none-eabi-10.3-2021.10/bin/../lib/gcc/arm-none-eabi/10.3.1/../../../../arm-none-eabi/lib/thumb/v7e-m/nofp\libg.a(lib_a-mbtowc_r.o)
                0x08009c6c                __ascii_mbtowc
 .text._read_r  0x08009c98       0x2c d:/gcc-arm-none-eabi-10.3-2021.10-win32/gcc-arm-none-eabi-10.3-2021.10/bin/../lib/gcc/arm-none-eabi/10.3.1/../../../../arm-none-eabi/lib/thumb/v7e-m/nofp\libg.a(lib_a-readr.o)
                0x08009c98                _read_r
 .text.__swbuf_r
                0x08009cc4       0xb0 d:/gcc-arm-none-eabi-10.3-2021.10-win32/gcc-arm-none-eabi-10.3-2021.10/bin/../lib/gcc/arm-none-eabi/10.3.1/../../../../arm-none-eabi/lib/thumb/v7e-m/nofp\libg.a(lib_a-wbuf.o)
                0x08009cc4                __swbuf_r
 .text._wcrtomb_r
                0x08009d74       0x3c d:/gcc-arm-none-eabi-10.3-2021.10-win32/gcc-arm-none-eabi-10.3-2021.10/bin/../lib/gcc/arm-none-eabi/10.3.1/../../../../arm-none-eabi/lib/thumb/v7e-m/nofp\libg.a(lib_a-wcrtomb.o)
                0x08009d74                _wcrtomb_r
 .text.__ascii_wctomb
                0x08009db0       0x1c d:/gcc-arm-none-eabi-10.3-2021.10-win32/gcc-arm-none-eabi-10.3-2021.10/bin/../lib/gcc/arm-none-eabi/10.3.1/../../../../arm-none-eabi/lib/thumb/v7e-m/nofp\libg.a(lib_a-wctomb_r.o)
                0x08009db0                __ascii_wctomb
 .text.abort    0x08009dcc       0x10 d:/gcc-arm-none-eabi-10.3-2021.10-win32/gcc-arm-none-eabi-10.3-2021.10/bin/../lib/gcc/arm-none-eabi/10.3.1/../../../../arm-none-eabi/lib/thumb/v7e-m/nofp\libg.a(lib_a-abort.o)
                0x08009dcc                abort
 .text.raise    0x08009ddc       0x5c d:/gcc-arm-none-eabi-10.3-2021.10-win32/gcc-arm-none-eabi-10.3-2021.10/bin/../lib/gcc/arm-none-eabi/10.3.1/../../../../arm-none-eabi/lib/thumb/v7e-m/nofp\libg.a(lib_a-signal.o)
                0x08009ddc                raise
 .text._kill_r  0x08009e38       0x2c d:/gcc-arm-none-eabi-10.3-2021.10-win32/gcc-arm-none-eabi-10.3-2021.10/bin/../lib/gcc/arm-none-eabi/10.3.1/../../../../arm-none-eabi/lib/thumb/v7e-m/nofp\libg.a(lib_a-signalr.o)
                0x08009e38                _kill_r
 .text._getpid_r
                0x08009e64        0x4 d:/gcc-arm-none-eabi-10.3-2021.10-win32/gcc-arm-none-eabi-10.3-2021.10/bin/../lib/gcc/arm-none-eabi/10.3.1/../../../../arm-none-eabi/lib/thumb/v7e-m/nofp\libg.a(lib_a-signalr.o)
                0x08009e64                _getpid_r
 .text.atan2    0x08009e68        0x4 d:/gcc-arm-none-eabi-10.3-2021.10-win32/gcc-arm-none-eabi-10.3-2021.10/bin/../lib/gcc/arm-none-eabi/10.3.1/../../../../arm-none-eabi/lib/thumb/v7e-m/nofp\libm.a(lib_a-w_atan2.o)
                0x08009e68                atan2
 .text.fmod     0x08009e6c       0x58 d:/gcc-arm-none-eabi-10.3-2021.10-win32/gcc-arm-none-eabi-10.3-2021.10/bin/../lib/gcc/arm-none-eabi/10.3.1/../../../../arm-none-eabi/lib/thumb/v7e-m/nofp\libm.a(lib_a-w_fmod.o)
                0x08009e6c                fmod
 *fill*         0x08009ec4        0x4 
 .text.__ieee754_atan2
                0x08009ec8      0x194 d:/gcc-arm-none-eabi-10.3-2021.10-win32/gcc-arm-none-eabi-10.3-2021.10/bin/../lib/gcc/arm-none-eabi/10.3.1/../../../../arm-none-eabi/lib/thumb/v7e-m/nofp\libm.a(lib_a-e_atan2.o)
                0x08009ec8                __ieee754_atan2
 .text.__ieee754_fmod
                0x0800a05c      0x294 d:/gcc-arm-none-eabi-10.3-2021.10-win32/gcc-arm-none-eabi-10.3-2021.10/bin/../lib/gcc/arm-none-eabi/10.3.1/../../../../arm-none-eabi/lib/thumb/v7e-m/nofp\libm.a(lib_a-e_fmod.o)
                0x0800a05c                __ieee754_fmod
 .text.atan     0x0800a2f0      0x32c d:/gcc-arm-none-eabi-10.3-2021.10-win32/gcc-arm-none-eabi-10.3-2021.10/bin/../lib/gcc/arm-none-eabi/10.3.1/../../../../arm-none-eabi/lib/thumb/v7e-m/nofp\libm.a(lib_a-s_atan.o)
                0x0800a2f0                atan
 .text.fabs     0x0800a61c        0x8 d:/gcc-arm-none-eabi-10.3-2021.10-win32/gcc-arm-none-eabi-10.3-2021.10/bin/../lib/gcc/arm-none-eabi/10.3.1/../../../../arm-none-eabi/lib/thumb/v7e-m/nofp\libm.a(lib_a-s_fabs.o)
                0x0800a61c                fabs
 *(.glue_7)
 .glue_7        0x0800a624        0x0 linker stubs
 *(.glue_7t)
 .glue_7t       0x0800a624        0x0 linker stubs
 *(.eh_frame)
 .eh_frame      0x0800a624        0x0 d:/gcc-arm-none-eabi-10.3-2021.10-win32/gcc-arm-none-eabi-10.3-2021.10/bin/../lib/gcc/arm-none-eabi/10.3.1/thumb/v7e-m/nofp/crtbegin.o
 *(.init)
 .init          0x0800a624        0x4 d:/gcc-arm-none-eabi-10.3-2021.10-win32/gcc-arm-none-eabi-10.3-2021.10/bin/../lib/gcc/arm-none-eabi/10.3.1/thumb/v7e-m/nofp/crti.o
                0x0800a624                _init
 .init          0x0800a628        0x8 d:/gcc-arm-none-eabi-10.3-2021.10-win32/gcc-arm-none-eabi-10.3-2021.10/bin/../lib/gcc/arm-none-eabi/10.3.1/thumb/v7e-m/nofp/crtn.o
 *(.fini)
 .fini          0x0800a630        0x4 d:/gcc-arm-none-eabi-10.3-2021.10-win32/gcc-arm-none-eabi-10.3-2021.10/bin/../lib/gcc/arm-none-eabi/10.3.1/thumb/v7e-m/nofp/crti.o
                0x0800a630                _fini
 .fini          0x0800a634        0x8 d:/gcc-arm-none-eabi-10.3-2021.10-win32/gcc-arm-none-eabi-10.3-2021.10/bin/../lib/gcc/arm-none-eabi/10.3.1/thumb/v7e-m/nofp/crtn.o
                0x0800a63c                . = ALIGN (0x4)
                0x0800a63c                _etext = .

.vfp11_veneer   0x0800a63c        0x0
 .vfp11_veneer  0x0800a63c        0x0 linker stubs

.v4_bx          0x0800a63c        0x0
 .v4_bx         0x0800a63c        0x0 linker stubs

.iplt           0x0800a63c        0x0
 .iplt          0x0800a63c        0x0 d:/gcc-arm-none-eabi-10.3-2021.10-win32/gcc-arm-none-eabi-10.3-2021.10/bin/../lib/gcc/arm-none-eabi/10.3.1/thumb/v7e-m/nofp/crtbegin.o

.rodata         0x0800a640      0x928
                0x0800a640                . = ALIGN (0x4)
 *(.rodata)
 *(.rodata*)
 .rodata.main.str1.4
                0x0800a640        0xe CMakeFiles/simpleFOC_Clion_HAL.elf.dir/Core/Src/main.c.obj
 *fill*         0x0800a64e        0x2 
 .rodata.AHBPrescTable
                0x0800a650       0x10 CMakeFiles/simpleFOC_Clion_HAL.elf.dir/Core/Src/system_stm32f4xx.c.obj
                0x0800a650                AHBPrescTable
 .rodata.APBPrescTable
                0x0800a660        0x8 CMakeFiles/simpleFOC_Clion_HAL.elf.dir/Core/Src/system_stm32f4xx.c.obj
                0x0800a660                APBPrescTable
 .rodata.HAL_UART_RxCpltCallback.str1.4
                0x0800a668        0xd CMakeFiles/simpleFOC_Clion_HAL.elf.dir/Core/Src/usart.c.obj
 *fill*         0x0800a675        0x3 
 .rodata.Motor_init.str1.4
                0x0800a678        0xb CMakeFiles/simpleFOC_Clion_HAL.elf.dir/SimpleFOC/BLDCmotor/BLDCMotor.c.obj
 *fill*         0x0800a683        0x1 
 .rodata.alignSensor.str1.4
                0x0800a684      0x129 CMakeFiles/simpleFOC_Clion_HAL.elf.dir/SimpleFOC/BLDCmotor/BLDCMotor.c.obj
 *fill*         0x0800a7ad        0x3 
 .rodata.sine_array
                0x0800a7b0      0x320 CMakeFiles/simpleFOC_Clion_HAL.elf.dir/SimpleFOC/foc_utils/foc_utils.c.obj
                0x0800a7b0                sine_array
 .rodata.sensor_init.str1.4
                0x0800aad0       0x10 CMakeFiles/simpleFOC_Clion_HAL.elf.dir/SimpleFOC/sensor/sensor.c.obj
 .rodata.IIC_Wait_Ack.str1.4
                0x0800aae0        0xc CMakeFiles/simpleFOC_Clion_HAL.elf.dir/USER/iic/iic.c.obj
 .rodata._global_impure_ptr
                0x0800aaec        0x4 d:/gcc-arm-none-eabi-10.3-2021.10-win32/gcc-arm-none-eabi-10.3-2021.10/bin/../lib/gcc/arm-none-eabi/10.3.1/../../../../arm-none-eabi/lib/thumb/v7e-m/nofp\libg.a(lib_a-impure.o)
                0x0800aaec                _global_impure_ptr
 .rodata._puts_r.str1.4
                0x0800aaf0        0xc d:/gcc-arm-none-eabi-10.3-2021.10-win32/gcc-arm-none-eabi-10.3-2021.10/bin/../lib/gcc/arm-none-eabi/10.3.1/../../../../arm-none-eabi/lib/thumb/v7e-m/nofp\libg.a(lib_a-puts.o)
                                  0x2 (size before relaxing)
 .rodata._vfprintf_r.str1.4
                0x0800aaf0       0x42 d:/gcc-arm-none-eabi-10.3-2021.10-win32/gcc-arm-none-eabi-10.3-2021.10/bin/../lib/gcc/arm-none-eabi/10.3.1/../../../../arm-none-eabi/lib/thumb/v7e-m/nofp\libg.a(lib_a-vfprintf.o)
 *fill*         0x0800ab32        0x2 
 .rodata.blanks.1
                0x0800ab34       0x10 d:/gcc-arm-none-eabi-10.3-2021.10-win32/gcc-arm-none-eabi-10.3-2021.10/bin/../lib/gcc/arm-none-eabi/10.3.1/../../../../arm-none-eabi/lib/thumb/v7e-m/nofp\libg.a(lib_a-vfprintf.o)
 .rodata.zeroes.0
                0x0800ab44       0x10 d:/gcc-arm-none-eabi-10.3-2021.10-win32/gcc-arm-none-eabi-10.3-2021.10/bin/../lib/gcc/arm-none-eabi/10.3.1/../../../../arm-none-eabi/lib/thumb/v7e-m/nofp\libg.a(lib_a-vfprintf.o)
 .rodata._dtoa_r.str1.4
                0x0800ab54       0xa2 d:/gcc-arm-none-eabi-10.3-2021.10-win32/gcc-arm-none-eabi-10.3-2021.10/bin/../lib/gcc/arm-none-eabi/10.3.1/../../../../arm-none-eabi/lib/thumb/v7e-m/nofp\libg.a(lib_a-dtoa.o)
                                 0xa6 (size before relaxing)
 *fill*         0x0800abf6        0x2 
 .rodata.__multadd.str1.4
                0x0800abf8       0x7f d:/gcc-arm-none-eabi-10.3-2021.10-win32/gcc-arm-none-eabi-10.3-2021.10/bin/../lib/gcc/arm-none-eabi/10.3.1/../../../../arm-none-eabi/lib/thumb/v7e-m/nofp\libg.a(lib_a-mprec.o)
                                 0x93 (size before relaxing)
 *fill*         0x0800ac77        0x1 
 .rodata.__mprec_bigtens
                0x0800ac78       0x28 d:/gcc-arm-none-eabi-10.3-2021.10-win32/gcc-arm-none-eabi-10.3-2021.10/bin/../lib/gcc/arm-none-eabi/10.3.1/../../../../arm-none-eabi/lib/thumb/v7e-m/nofp\libg.a(lib_a-mprec.o)
                0x0800ac78                __mprec_bigtens
 .rodata.__mprec_tens
                0x0800aca0       0xc8 d:/gcc-arm-none-eabi-10.3-2021.10-win32/gcc-arm-none-eabi-10.3-2021.10/bin/../lib/gcc/arm-none-eabi/10.3.1/../../../../arm-none-eabi/lib/thumb/v7e-m/nofp\libg.a(lib_a-mprec.o)
                0x0800aca0                __mprec_tens
 .rodata.p05.0  0x0800ad68        0xc d:/gcc-arm-none-eabi-10.3-2021.10-win32/gcc-arm-none-eabi-10.3-2021.10/bin/../lib/gcc/arm-none-eabi/10.3.1/../../../../arm-none-eabi/lib/thumb/v7e-m/nofp\libg.a(lib_a-mprec.o)
 .rodata._vfiprintf_r.str1.4
                0x0800ad74       0x2f d:/gcc-arm-none-eabi-10.3-2021.10-win32/gcc-arm-none-eabi-10.3-2021.10/bin/../lib/gcc/arm-none-eabi/10.3.1/../../../../arm-none-eabi/lib/thumb/v7e-m/nofp\libg.a(lib_a-vfiprintf.o)
 .rodata.blanks.1
                0x0800ad74       0x10 d:/gcc-arm-none-eabi-10.3-2021.10-win32/gcc-arm-none-eabi-10.3-2021.10/bin/../lib/gcc/arm-none-eabi/10.3.1/../../../../arm-none-eabi/lib/thumb/v7e-m/nofp\libg.a(lib_a-vfiprintf.o)
 .rodata.zeroes.0
                0x0800ad84       0x10 d:/gcc-arm-none-eabi-10.3-2021.10-win32/gcc-arm-none-eabi-10.3-2021.10/bin/../lib/gcc/arm-none-eabi/10.3.1/../../../../arm-none-eabi/lib/thumb/v7e-m/nofp\libg.a(lib_a-vfiprintf.o)
 .rodata.__assert_func.str1.4
                0x0800ad94       0x3f d:/gcc-arm-none-eabi-10.3-2021.10-win32/gcc-arm-none-eabi-10.3-2021.10/bin/../lib/gcc/arm-none-eabi/10.3.1/../../../../arm-none-eabi/lib/thumb/v7e-m/nofp\libg.a(lib_a-assert.o)
                                 0x43 (size before relaxing)
 *fill*         0x0800add3        0x1 
 .rodata._setlocale_r.str1.4
                0x0800add4        0xa d:/gcc-arm-none-eabi-10.3-2021.10-win32/gcc-arm-none-eabi-10.3-2021.10/bin/../lib/gcc/arm-none-eabi/10.3.1/../../../../arm-none-eabi/lib/thumb/v7e-m/nofp\libg.a(lib_a-locale.o)
                                  0xd (size before relaxing)
 *fill*         0x0800adde        0x2 
 .rodata.str1.4
                0x0800ade0        0x2 d:/gcc-arm-none-eabi-10.3-2021.10-win32/gcc-arm-none-eabi-10.3-2021.10/bin/../lib/gcc/arm-none-eabi/10.3.1/../../../../arm-none-eabi/lib/thumb/v7e-m/nofp\libg.a(lib_a-locale.o)
 *fill*         0x0800ade2        0x2 
 .rodata._ctype_
                0x0800ade4      0x101 d:/gcc-arm-none-eabi-10.3-2021.10-win32/gcc-arm-none-eabi-10.3-2021.10/bin/../lib/gcc/arm-none-eabi/10.3.1/../../../../arm-none-eabi/lib/thumb/v7e-m/nofp\libg.a(lib_a-ctype_.o)
                0x0800ade4                _ctype_
 *fill*         0x0800aee5        0x3 
 .rodata.CSWTCH.8
                0x0800aee8       0x18 d:/gcc-arm-none-eabi-10.3-2021.10-win32/gcc-arm-none-eabi-10.3-2021.10/bin/../lib/gcc/arm-none-eabi/10.3.1/../../../../arm-none-eabi/lib/thumb/v7e-m/nofp\libm.a(lib_a-e_atan2.o)
 .rodata.CSWTCH.9
                0x0800af00       0x18 d:/gcc-arm-none-eabi-10.3-2021.10-win32/gcc-arm-none-eabi-10.3-2021.10/bin/../lib/gcc/arm-none-eabi/10.3.1/../../../../arm-none-eabi/lib/thumb/v7e-m/nofp\libm.a(lib_a-e_atan2.o)
 .rodata.Zero   0x0800af18       0x10 d:/gcc-arm-none-eabi-10.3-2021.10-win32/gcc-arm-none-eabi-10.3-2021.10/bin/../lib/gcc/arm-none-eabi/10.3.1/../../../../arm-none-eabi/lib/thumb/v7e-m/nofp\libm.a(lib_a-e_fmod.o)
 .rodata.atanhi
                0x0800af28       0x20 d:/gcc-arm-none-eabi-10.3-2021.10-win32/gcc-arm-none-eabi-10.3-2021.10/bin/../lib/gcc/arm-none-eabi/10.3.1/../../../../arm-none-eabi/lib/thumb/v7e-m/nofp\libm.a(lib_a-s_atan.o)
 .rodata.atanlo
                0x0800af48       0x20 d:/gcc-arm-none-eabi-10.3-2021.10-win32/gcc-arm-none-eabi-10.3-2021.10/bin/../lib/gcc/arm-none-eabi/10.3.1/../../../../arm-none-eabi/lib/thumb/v7e-m/nofp\libm.a(lib_a-s_atan.o)
                0x0800af68                . = ALIGN (0x4)

.ARM.extab      0x0800af68        0x0
                0x0800af68                . = ALIGN (0x4)
 *(.ARM.extab* .gnu.linkonce.armextab.*)
                0x0800af68                . = ALIGN (0x4)

.ARM            0x0800af68        0x8
                0x0800af68                . = ALIGN (0x4)
                0x0800af68                __exidx_start = .
 *(.ARM.exidx*)
 .ARM.exidx     0x0800af68        0x8 d:/gcc-arm-none-eabi-10.3-2021.10-win32/gcc-arm-none-eabi-10.3-2021.10/bin/../lib/gcc/arm-none-eabi/10.3.1/thumb/v7e-m/nofp\libgcc.a(_udivmoddi4.o)
                0x0800af70                __exidx_end = .
                0x0800af70                . = ALIGN (0x4)

.rel.dyn        0x0800af70        0x0
 .rel.iplt      0x0800af70        0x0 d:/gcc-arm-none-eabi-10.3-2021.10-win32/gcc-arm-none-eabi-10.3-2021.10/bin/../lib/gcc/arm-none-eabi/10.3.1/thumb/v7e-m/nofp/crtbegin.o

.preinit_array  0x0800af70        0x0
                0x0800af70                . = ALIGN (0x4)
                0x0800af70                PROVIDE (__preinit_array_start = .)
 *(.preinit_array*)
                0x0800af70                PROVIDE (__preinit_array_end = .)
                0x0800af70                . = ALIGN (0x4)

.init_array     0x0800af70        0x8
                0x0800af70                . = ALIGN (0x4)
                0x0800af70                PROVIDE (__init_array_start = .)
 *(SORT_BY_NAME(.init_array.*))
 .init_array.00000
                0x0800af70        0x4 d:/gcc-arm-none-eabi-10.3-2021.10-win32/gcc-arm-none-eabi-10.3-2021.10/bin/../lib/gcc/arm-none-eabi/10.3.1/../../../../arm-none-eabi/lib/thumb/v7e-m/nofp\libg.a(lib_a-__call_atexit.o)
 *(.init_array*)
 .init_array    0x0800af74        0x4 d:/gcc-arm-none-eabi-10.3-2021.10-win32/gcc-arm-none-eabi-10.3-2021.10/bin/../lib/gcc/arm-none-eabi/10.3.1/thumb/v7e-m/nofp/crtbegin.o
                0x0800af78                PROVIDE (__init_array_end = .)
                0x0800af78                . = ALIGN (0x4)

.fini_array     0x0800af78        0x4
                0x0800af78                . = ALIGN (0x4)
                0x0800af78                PROVIDE (__fini_array_start = .)
 *(SORT_BY_NAME(.fini_array.*))
 *(.fini_array*)
 .fini_array    0x0800af78        0x4 d:/gcc-arm-none-eabi-10.3-2021.10-win32/gcc-arm-none-eabi-10.3-2021.10/bin/../lib/gcc/arm-none-eabi/10.3.1/thumb/v7e-m/nofp/crtbegin.o
                0x0800af7c                PROVIDE (__fini_array_end = .)
                0x0800af7c                . = ALIGN (0x4)
                0x0800af7c                _sidata = LOADADDR (.data)

.data           0x20000000      0x9b8 load address 0x0800af7c
                0x20000000                . = ALIGN (0x4)
                0x20000000                _sdata = .
 *(.data)
 *(.data*)
 .data.SystemCoreClock
                0x20000000        0x4 CMakeFiles/simpleFOC_Clion_HAL.elf.dir/Core/Src/system_stm32f4xx.c.obj
                0x20000000                SystemCoreClock
 .data.uwTickFreq
                0x20000004        0x1 CMakeFiles/simpleFOC_Clion_HAL.elf.dir/Drivers/STM32F4xx_HAL_Driver/Src/stm32f4xx_hal.c.obj
                0x20000004                uwTickFreq
 *fill*         0x20000005        0x3 
 .data.uwTickPrio
                0x20000008        0x4 CMakeFiles/simpleFOC_Clion_HAL.elf.dir/Drivers/STM32F4xx_HAL_Driver/Src/stm32f4xx_hal.c.obj
                0x20000008                uwTickPrio
 .data._impure_ptr
                0x2000000c        0x4 d:/gcc-arm-none-eabi-10.3-2021.10-win32/gcc-arm-none-eabi-10.3-2021.10/bin/../lib/gcc/arm-none-eabi/10.3.1/../../../../arm-none-eabi/lib/thumb/v7e-m/nofp\libg.a(lib_a-impure.o)
                0x2000000c                _impure_ptr
 .data.impure_data
                0x20000010      0x428 d:/gcc-arm-none-eabi-10.3-2021.10-win32/gcc-arm-none-eabi-10.3-2021.10/bin/../lib/gcc/arm-none-eabi/10.3.1/../../../../arm-none-eabi/lib/thumb/v7e-m/nofp\libg.a(lib_a-impure.o)
 .data.__atexit_recursive_mutex
                0x20000438        0x4 d:/gcc-arm-none-eabi-10.3-2021.10-win32/gcc-arm-none-eabi-10.3-2021.10/bin/../lib/gcc/arm-none-eabi/10.3.1/../../../../arm-none-eabi/lib/thumb/v7e-m/nofp\libg.a(lib_a-__call_atexit.o)
                0x20000438                __atexit_recursive_mutex
 .data.__malloc_av_
                0x2000043c      0x408 d:/gcc-arm-none-eabi-10.3-2021.10-win32/gcc-arm-none-eabi-10.3-2021.10/bin/../lib/gcc/arm-none-eabi/10.3.1/../../../../arm-none-eabi/lib/thumb/v7e-m/nofp\libg.a(lib_a-mallocr.o)
                0x2000043c                __malloc_av_
 .data.__malloc_sbrk_base
                0x20000844        0x4 d:/gcc-arm-none-eabi-10.3-2021.10-win32/gcc-arm-none-eabi-10.3-2021.10/bin/../lib/gcc/arm-none-eabi/10.3.1/../../../../arm-none-eabi/lib/thumb/v7e-m/nofp\libg.a(lib_a-mallocr.o)
                0x20000844                __malloc_sbrk_base
 .data.__malloc_trim_threshold
                0x20000848        0x4 d:/gcc-arm-none-eabi-10.3-2021.10-win32/gcc-arm-none-eabi-10.3-2021.10/bin/../lib/gcc/arm-none-eabi/10.3.1/../../../../arm-none-eabi/lib/thumb/v7e-m/nofp\libg.a(lib_a-mallocr.o)
                0x20000848                __malloc_trim_threshold
 .data.__global_locale
                0x2000084c      0x16c d:/gcc-arm-none-eabi-10.3-2021.10-win32/gcc-arm-none-eabi-10.3-2021.10/bin/../lib/gcc/arm-none-eabi/10.3.1/../../../../arm-none-eabi/lib/thumb/v7e-m/nofp\libg.a(lib_a-locale.o)
                0x2000084c                __global_locale
 *(.RamFunc)
 *(.RamFunc*)
                0x200009b8                . = ALIGN (0x4)
                0x200009b8                _edata = .
                0x0800b934                _siccmram = LOADADDR (.ccmram)

.igot.plt       0x200009b8        0x0 load address 0x0800b934
 .igot.plt      0x200009b8        0x0 d:/gcc-arm-none-eabi-10.3-2021.10-win32/gcc-arm-none-eabi-10.3-2021.10/bin/../lib/gcc/arm-none-eabi/10.3.1/thumb/v7e-m/nofp/crtbegin.o

.ccmram         0x10000000        0x0 load address 0x0800b934
                0x10000000                . = ALIGN (0x4)
                0x10000000                _sccmram = .
 *(.ccmram)
 *(.ccmram*)
                0x10000000                . = ALIGN (0x4)
                0x10000000                _eccmram = .
                0x10000000                . = ALIGN (0x4)

.bss            0x200009b8      0x2b8
                0x200009b8                _sbss = .
                0x200009b8                __bss_start__ = _sbss
 *(.bss)
 .bss           0x200009b8       0x1c d:/gcc-arm-none-eabi-10.3-2021.10-win32/gcc-arm-none-eabi-10.3-2021.10/bin/../lib/gcc/arm-none-eabi/10.3.1/thumb/v7e-m/nofp/crtbegin.o
 *(.bss*)
 .bss.__sbrk_heap_end
                0x200009d4        0x4 CMakeFiles/simpleFOC_Clion_HAL.elf.dir/Core/Src/sysmem.c.obj
 .bss.RxBuffer  0x200009d8      0x100 CMakeFiles/simpleFOC_Clion_HAL.elf.dir/Core/Src/usart.c.obj
                0x200009d8                RxBuffer
 .bss.Uart2_Rx_Cnt
                0x20000ad8        0x1 CMakeFiles/simpleFOC_Clion_HAL.elf.dir/Core/Src/usart.c.obj
                0x20000ad8                Uart2_Rx_Cnt
 .bss.aRxBuffer
                0x20000ad9        0x1 CMakeFiles/simpleFOC_Clion_HAL.elf.dir/Core/Src/usart.c.obj
                0x20000ad9                aRxBuffer
 *fill*         0x20000ada        0x2 
 .bss.huart2    0x20000adc       0x44 CMakeFiles/simpleFOC_Clion_HAL.elf.dir/Core/Src/usart.c.obj
                0x20000adc                huart2
 .bss.uwTick    0x20000b20        0x4 CMakeFiles/simpleFOC_Clion_HAL.elf.dir/Drivers/STM32F4xx_HAL_Driver/Src/stm32f4xx_hal.c.obj
                0x20000b20                uwTick
 .bss.current_limit
                0x20000b24        0x4 CMakeFiles/simpleFOC_Clion_HAL.elf.dir/SimpleFOC/BLDCmotor/BLDCMotor.c.obj
                0x20000b24                current_limit
 .bss.pole_pairs
                0x20000b28        0x4 CMakeFiles/simpleFOC_Clion_HAL.elf.dir/SimpleFOC/BLDCmotor/BLDCMotor.c.obj
                0x20000b28                pole_pairs
 .bss.sensor_direction
                0x20000b2c        0x4 CMakeFiles/simpleFOC_Clion_HAL.elf.dir/SimpleFOC/BLDCmotor/BLDCMotor.c.obj
                0x20000b2c                sensor_direction
 .bss.target    0x20000b30        0x4 CMakeFiles/simpleFOC_Clion_HAL.elf.dir/SimpleFOC/BLDCmotor/BLDCMotor.c.obj
                0x20000b30                target
 .bss.velocity_limit
                0x20000b34        0x4 CMakeFiles/simpleFOC_Clion_HAL.elf.dir/SimpleFOC/BLDCmotor/BLDCMotor.c.obj
                0x20000b34                velocity_limit
 .bss.voltage_limit
                0x20000b38        0x4 CMakeFiles/simpleFOC_Clion_HAL.elf.dir/SimpleFOC/BLDCmotor/BLDCMotor.c.obj
                0x20000b38                voltage_limit
 .bss.voltage_power_supply
                0x20000b3c        0x4 CMakeFiles/simpleFOC_Clion_HAL.elf.dir/SimpleFOC/BLDCmotor/BLDCMotor.c.obj
                0x20000b3c                voltage_power_supply
 .bss.voltage_sensor_align
                0x20000b40        0x4 CMakeFiles/simpleFOC_Clion_HAL.elf.dir/SimpleFOC/BLDCmotor/BLDCMotor.c.obj
                0x20000b40                voltage_sensor_align
 .bss.controller
                0x20000b44        0x1 CMakeFiles/simpleFOC_Clion_HAL.elf.dir/SimpleFOC/FOCmotor/FOCMotor.c.obj
                0x20000b44                controller
 *fill*         0x20000b45        0x3 
 .bss.sensor_offset
                0x20000b48        0x4 CMakeFiles/simpleFOC_Clion_HAL.elf.dir/SimpleFOC/FOCmotor/FOCMotor.c.obj
                0x20000b48                sensor_offset
 .bss.shaft_angle
                0x20000b4c        0x4 CMakeFiles/simpleFOC_Clion_HAL.elf.dir/SimpleFOC/FOCmotor/FOCMotor.c.obj
                0x20000b4c                shaft_angle
 .bss.shaft_velocity
                0x20000b50        0x4 CMakeFiles/simpleFOC_Clion_HAL.elf.dir/SimpleFOC/FOCmotor/FOCMotor.c.obj
                0x20000b50                shaft_velocity
 .bss.torque_controller
                0x20000b54        0x1 CMakeFiles/simpleFOC_Clion_HAL.elf.dir/SimpleFOC/FOCmotor/FOCMotor.c.obj
                0x20000b54                torque_controller
 *fill*         0x20000b55        0x3 
 .bss.zero_electric_angle
                0x20000b58        0x4 CMakeFiles/simpleFOC_Clion_HAL.elf.dir/SimpleFOC/FOCmotor/FOCMotor.c.obj
                0x20000b58                zero_electric_angle
 .bss.LPF_current_d
                0x20000b5c        0xc CMakeFiles/simpleFOC_Clion_HAL.elf.dir/SimpleFOC/lowpass_filter/lowpass_filter.c.obj
                0x20000b5c                LPF_current_d
 .bss.LPF_current_q
                0x20000b68        0xc CMakeFiles/simpleFOC_Clion_HAL.elf.dir/SimpleFOC/lowpass_filter/lowpass_filter.c.obj
                0x20000b68                LPF_current_q
 .bss.LPF_velocity
                0x20000b74        0xc CMakeFiles/simpleFOC_Clion_HAL.elf.dir/SimpleFOC/lowpass_filter/lowpass_filter.c.obj
                0x20000b74                LPF_velocity
 .bss.angle_data_prev
                0x20000b80        0x4 CMakeFiles/simpleFOC_Clion_HAL.elf.dir/SimpleFOC/sensor/sensor.c.obj
                0x20000b80                angle_data_prev
 .bss.angle_prev
                0x20000b84        0x4 CMakeFiles/simpleFOC_Clion_HAL.elf.dir/SimpleFOC/sensor/sensor.c.obj
                0x20000b84                angle_prev
 .bss.cpr       0x20000b88        0x4 CMakeFiles/simpleFOC_Clion_HAL.elf.dir/SimpleFOC/sensor/sensor.c.obj
                0x20000b88                cpr
 .bss.full_rotation_offset
                0x20000b8c        0x4 CMakeFiles/simpleFOC_Clion_HAL.elf.dir/SimpleFOC/sensor/sensor.c.obj
                0x20000b8c                full_rotation_offset
 .bss.velocity_calc_timestamp
                0x20000b90        0x4 CMakeFiles/simpleFOC_Clion_HAL.elf.dir/SimpleFOC/sensor/sensor.c.obj
                0x20000b90                velocity_calc_timestamp
 .bss.PID_current_d
                0x20000b94       0x24 CMakeFiles/simpleFOC_Clion_HAL.elf.dir/USER/PID/pid.c.obj
                0x20000b94                PID_current_d
 .bss.PID_current_q
                0x20000bb8       0x24 CMakeFiles/simpleFOC_Clion_HAL.elf.dir/USER/PID/pid.c.obj
                0x20000bb8                PID_current_q
 .bss.PID_velocity
                0x20000bdc       0x24 CMakeFiles/simpleFOC_Clion_HAL.elf.dir/USER/PID/pid.c.obj
                0x20000bdc                PID_velocity
 .bss.P_angle   0x20000c00       0x24 CMakeFiles/simpleFOC_Clion_HAL.elf.dir/USER/PID/pid.c.obj
                0x20000c00                P_angle
 .bss.gHuart    0x20000c24        0x4 CMakeFiles/simpleFOC_Clion_HAL.elf.dir/retarget/retarget.c.obj
                0x20000c24                gHuart
 .bss.__lock___atexit_recursive_mutex
                0x20000c28        0x1 d:/gcc-arm-none-eabi-10.3-2021.10-win32/gcc-arm-none-eabi-10.3-2021.10/bin/../lib/gcc/arm-none-eabi/10.3.1/../../../../arm-none-eabi/lib/thumb/v7e-m/nofp\libg.a(lib_a-lock.o)
                0x20000c28                __lock___atexit_recursive_mutex
 *fill*         0x20000c29        0x3 
 .bss.__lock___malloc_recursive_mutex
                0x20000c2c        0x1 d:/gcc-arm-none-eabi-10.3-2021.10-win32/gcc-arm-none-eabi-10.3-2021.10/bin/../lib/gcc/arm-none-eabi/10.3.1/../../../../arm-none-eabi/lib/thumb/v7e-m/nofp\libg.a(lib_a-lock.o)
                0x20000c2c                __lock___malloc_recursive_mutex
 *fill*         0x20000c2d        0x3 
 .bss.__lock___sfp_recursive_mutex
                0x20000c30        0x1 d:/gcc-arm-none-eabi-10.3-2021.10-win32/gcc-arm-none-eabi-10.3-2021.10/bin/../lib/gcc/arm-none-eabi/10.3.1/../../../../arm-none-eabi/lib/thumb/v7e-m/nofp\libg.a(lib_a-lock.o)
                0x20000c30                __lock___sfp_recursive_mutex
 *fill*         0x20000c31        0x3 
 .bss.__lock___sinit_recursive_mutex
                0x20000c34        0x1 d:/gcc-arm-none-eabi-10.3-2021.10-win32/gcc-arm-none-eabi-10.3-2021.10/bin/../lib/gcc/arm-none-eabi/10.3.1/../../../../arm-none-eabi/lib/thumb/v7e-m/nofp\libg.a(lib_a-lock.o)
                0x20000c34                __lock___sinit_recursive_mutex
 *fill*         0x20000c35        0x3 
 .bss.__malloc_current_mallinfo
                0x20000c38       0x28 d:/gcc-arm-none-eabi-10.3-2021.10-win32/gcc-arm-none-eabi-10.3-2021.10/bin/../lib/gcc/arm-none-eabi/10.3.1/../../../../arm-none-eabi/lib/thumb/v7e-m/nofp\libg.a(lib_a-mallocr.o)
                0x20000c38                __malloc_current_mallinfo
 .bss.__malloc_max_sbrked_mem
                0x20000c60        0x4 d:/gcc-arm-none-eabi-10.3-2021.10-win32/gcc-arm-none-eabi-10.3-2021.10/bin/../lib/gcc/arm-none-eabi/10.3.1/../../../../arm-none-eabi/lib/thumb/v7e-m/nofp\libg.a(lib_a-mallocr.o)
                0x20000c60                __malloc_max_sbrked_mem
 .bss.__malloc_max_total_mem
                0x20000c64        0x4 d:/gcc-arm-none-eabi-10.3-2021.10-win32/gcc-arm-none-eabi-10.3-2021.10/bin/../lib/gcc/arm-none-eabi/10.3.1/../../../../arm-none-eabi/lib/thumb/v7e-m/nofp\libg.a(lib_a-mallocr.o)
                0x20000c64                __malloc_max_total_mem
 .bss.__malloc_top_pad
                0x20000c68        0x4 d:/gcc-arm-none-eabi-10.3-2021.10-win32/gcc-arm-none-eabi-10.3-2021.10/bin/../lib/gcc/arm-none-eabi/10.3.1/../../../../arm-none-eabi/lib/thumb/v7e-m/nofp\libg.a(lib_a-mallocr.o)
                0x20000c68                __malloc_top_pad
 .bss.errno     0x20000c6c        0x4 d:/gcc-arm-none-eabi-10.3-2021.10-win32/gcc-arm-none-eabi-10.3-2021.10/bin/../lib/gcc/arm-none-eabi/10.3.1/../../../../arm-none-eabi/lib/thumb/v7e-m/nofp\libg.a(lib_a-reent.o)
                0x20000c6c                errno
 *(COMMON)
                0x20000c70                . = ALIGN (0x4)
                0x20000c70                _ebss = .
                0x20000c70                __bss_end__ = _ebss

._user_heap_stack
                0x20000c70      0x600
                0x20000c70                . = ALIGN (0x8)
                [!provide]                PROVIDE (end = .)
                0x20000c70                PROVIDE (_end = .)
                0x20000e70                . = (. + _Min_Heap_Size)
 *fill*         0x20000c70      0x200 
                0x20001270                . = (. + _Min_Stack_Size)
 *fill*         0x20000e70      0x400 
                0x20001270                . = ALIGN (0x8)

/DISCARD/
 libc.a(*)
 libm.a(*)
 libgcc.a(*)

.ARM.attributes
                0x00000000       0x2a
 *(.ARM.attributes)
 .ARM.attributes
                0x00000000       0x1e d:/gcc-arm-none-eabi-10.3-2021.10-win32/gcc-arm-none-eabi-10.3-2021.10/bin/../lib/gcc/arm-none-eabi/10.3.1/thumb/v7e-m/nofp/crti.o
 .ARM.attributes
                0x0000001e       0x2e d:/gcc-arm-none-eabi-10.3-2021.10-win32/gcc-arm-none-eabi-10.3-2021.10/bin/../lib/gcc/arm-none-eabi/10.3.1/thumb/v7e-m/nofp/crtbegin.o
 .ARM.attributes
                0x0000004c       0x2e CMakeFiles/simpleFOC_Clion_HAL.elf.dir/Core/Src/gpio.c.obj
 .ARM.attributes
                0x0000007a       0x2e CMakeFiles/simpleFOC_Clion_HAL.elf.dir/Core/Src/main.c.obj
 .ARM.attributes
                0x000000a8       0x2e CMakeFiles/simpleFOC_Clion_HAL.elf.dir/Core/Src/stm32f4xx_hal_msp.c.obj
 .ARM.attributes
                0x000000d6       0x2e CMakeFiles/simpleFOC_Clion_HAL.elf.dir/Core/Src/stm32f4xx_it.c.obj
 .ARM.attributes
                0x00000104       0x2e CMakeFiles/simpleFOC_Clion_HAL.elf.dir/Core/Src/syscalls.c.obj
 .ARM.attributes
                0x00000132       0x2e CMakeFiles/simpleFOC_Clion_HAL.elf.dir/Core/Src/sysmem.c.obj
 .ARM.attributes
                0x00000160       0x2e CMakeFiles/simpleFOC_Clion_HAL.elf.dir/Core/Src/system_stm32f4xx.c.obj
 .ARM.attributes
                0x0000018e       0x2e CMakeFiles/simpleFOC_Clion_HAL.elf.dir/Core/Src/usart.c.obj
 .ARM.attributes
                0x000001bc       0x21 CMakeFiles/simpleFOC_Clion_HAL.elf.dir/Core/Startup/startup_stm32f405rgtx.s.obj
 .ARM.attributes
                0x000001dd       0x2e CMakeFiles/simpleFOC_Clion_HAL.elf.dir/Drivers/STM32F4xx_HAL_Driver/Src/stm32f4xx_hal.c.obj
 .ARM.attributes
                0x0000020b       0x2e CMakeFiles/simpleFOC_Clion_HAL.elf.dir/Drivers/STM32F4xx_HAL_Driver/Src/stm32f4xx_hal_cortex.c.obj
 .ARM.attributes
                0x00000239       0x2e CMakeFiles/simpleFOC_Clion_HAL.elf.dir/Drivers/STM32F4xx_HAL_Driver/Src/stm32f4xx_hal_dma.c.obj
 .ARM.attributes
                0x00000267       0x2e CMakeFiles/simpleFOC_Clion_HAL.elf.dir/Drivers/STM32F4xx_HAL_Driver/Src/stm32f4xx_hal_gpio.c.obj
 .ARM.attributes
                0x00000295       0x2e CMakeFiles/simpleFOC_Clion_HAL.elf.dir/Drivers/STM32F4xx_HAL_Driver/Src/stm32f4xx_hal_rcc.c.obj
 .ARM.attributes
                0x000002c3       0x2e CMakeFiles/simpleFOC_Clion_HAL.elf.dir/Drivers/STM32F4xx_HAL_Driver/Src/stm32f4xx_hal_uart.c.obj
 .ARM.attributes
                0x000002f1       0x2e CMakeFiles/simpleFOC_Clion_HAL.elf.dir/SimpleFOC/BLDCmotor/BLDCMotor.c.obj
 .ARM.attributes
                0x0000031f       0x2e CMakeFiles/simpleFOC_Clion_HAL.elf.dir/SimpleFOC/FOCmotor/FOCMotor.c.obj
 .ARM.attributes
                0x0000034d       0x2e CMakeFiles/simpleFOC_Clion_HAL.elf.dir/SimpleFOC/as5600/as5600.c.obj
 .ARM.attributes
                0x0000037b       0x2e CMakeFiles/simpleFOC_Clion_HAL.elf.dir/SimpleFOC/foc_utils/foc_utils.c.obj
 .ARM.attributes
                0x000003a9       0x2e CMakeFiles/simpleFOC_Clion_HAL.elf.dir/SimpleFOC/lowpass_filter/lowpass_filter.c.obj
 .ARM.attributes
                0x000003d7       0x2e CMakeFiles/simpleFOC_Clion_HAL.elf.dir/SimpleFOC/sensor/sensor.c.obj
 .ARM.attributes
                0x00000405       0x2e CMakeFiles/simpleFOC_Clion_HAL.elf.dir/USER/PID/pid.c.obj
 .ARM.attributes
                0x00000433       0x2e CMakeFiles/simpleFOC_Clion_HAL.elf.dir/USER/iic/iic.c.obj
 .ARM.attributes
                0x00000461       0x2e CMakeFiles/simpleFOC_Clion_HAL.elf.dir/retarget/retarget.c.obj
 .ARM.attributes
                0x0000048f       0x1e d:/gcc-arm-none-eabi-10.3-2021.10-win32/gcc-arm-none-eabi-10.3-2021.10/bin/../lib/gcc/arm-none-eabi/10.3.1/thumb/v7e-m/nofp\libgcc.a(_arm_addsubdf3.o)
 .ARM.attributes
                0x000004ad       0x1e d:/gcc-arm-none-eabi-10.3-2021.10-win32/gcc-arm-none-eabi-10.3-2021.10/bin/../lib/gcc/arm-none-eabi/10.3.1/thumb/v7e-m/nofp\libgcc.a(_arm_cmpdf2.o)
 .ARM.attributes
                0x000004cb       0x1e d:/gcc-arm-none-eabi-10.3-2021.10-win32/gcc-arm-none-eabi-10.3-2021.10/bin/../lib/gcc/arm-none-eabi/10.3.1/thumb/v7e-m/nofp\libgcc.a(_arm_truncdfsf2.o)
 .ARM.attributes
                0x000004e9       0x1e d:/gcc-arm-none-eabi-10.3-2021.10-win32/gcc-arm-none-eabi-10.3-2021.10/bin/../lib/gcc/arm-none-eabi/10.3.1/thumb/v7e-m/nofp\libgcc.a(_arm_addsubsf3.o)
 .ARM.attributes
                0x00000507       0x1e d:/gcc-arm-none-eabi-10.3-2021.10-win32/gcc-arm-none-eabi-10.3-2021.10/bin/../lib/gcc/arm-none-eabi/10.3.1/thumb/v7e-m/nofp\libgcc.a(_arm_muldivsf3.o)
 .ARM.attributes
                0x00000525       0x1e d:/gcc-arm-none-eabi-10.3-2021.10-win32/gcc-arm-none-eabi-10.3-2021.10/bin/../lib/gcc/arm-none-eabi/10.3.1/thumb/v7e-m/nofp\libgcc.a(_arm_cmpsf2.o)
 .ARM.attributes
                0x00000543       0x1e d:/gcc-arm-none-eabi-10.3-2021.10-win32/gcc-arm-none-eabi-10.3-2021.10/bin/../lib/gcc/arm-none-eabi/10.3.1/thumb/v7e-m/nofp\libgcc.a(_arm_fixsfsi.o)
 .ARM.attributes
                0x00000561       0x1e d:/gcc-arm-none-eabi-10.3-2021.10-win32/gcc-arm-none-eabi-10.3-2021.10/bin/../lib/gcc/arm-none-eabi/10.3.1/thumb/v7e-m/nofp\libgcc.a(_arm_fixunssfsi.o)
 .ARM.attributes
                0x0000057f       0x1e d:/gcc-arm-none-eabi-10.3-2021.10-win32/gcc-arm-none-eabi-10.3-2021.10/bin/../lib/gcc/arm-none-eabi/10.3.1/thumb/v7e-m/nofp\libgcc.a(_aeabi_uldivmod.o)
 .ARM.attributes
                0x0000059d       0x2e d:/gcc-arm-none-eabi-10.3-2021.10-win32/gcc-arm-none-eabi-10.3-2021.10/bin/../lib/gcc/arm-none-eabi/10.3.1/thumb/v7e-m/nofp\libgcc.a(_udivmoddi4.o)
 .ARM.attributes
                0x000005cb       0x1e d:/gcc-arm-none-eabi-10.3-2021.10-win32/gcc-arm-none-eabi-10.3-2021.10/bin/../lib/gcc/arm-none-eabi/10.3.1/thumb/v7e-m/nofp\libgcc.a(_dvmd_tls.o)
 .ARM.attributes
                0x000005e9       0x2e d:/gcc-arm-none-eabi-10.3-2021.10-win32/gcc-arm-none-eabi-10.3-2021.10/bin/../lib/gcc/arm-none-eabi/10.3.1/../../../../arm-none-eabi/lib/thumb/v7e-m/nofp\libg.a(lib_a-errno.o)
 .ARM.attributes
                0x00000617       0x2e d:/gcc-arm-none-eabi-10.3-2021.10-win32/gcc-arm-none-eabi-10.3-2021.10/bin/../lib/gcc/arm-none-eabi/10.3.1/../../../../arm-none-eabi/lib/thumb/v7e-m/nofp\libg.a(lib_a-impure.o)
 .ARM.attributes
                0x00000645       0x2e d:/gcc-arm-none-eabi-10.3-2021.10-win32/gcc-arm-none-eabi-10.3-2021.10/bin/../lib/gcc/arm-none-eabi/10.3.1/../../../../arm-none-eabi/lib/thumb/v7e-m/nofp\libg.a(lib_a-init.o)
 .ARM.attributes
                0x00000673       0x2e d:/gcc-arm-none-eabi-10.3-2021.10-win32/gcc-arm-none-eabi-10.3-2021.10/bin/../lib/gcc/arm-none-eabi/10.3.1/../../../../arm-none-eabi/lib/thumb/v7e-m/nofp\libg.a(lib_a-memset.o)
 .ARM.attributes
                0x000006a1       0x2e d:/gcc-arm-none-eabi-10.3-2021.10-win32/gcc-arm-none-eabi-10.3-2021.10/bin/../lib/gcc/arm-none-eabi/10.3.1/../../../../arm-none-eabi/lib/thumb/v7e-m/nofp\libg.a(lib_a-printf.o)
 .ARM.attributes
                0x000006cf       0x2e d:/gcc-arm-none-eabi-10.3-2021.10-win32/gcc-arm-none-eabi-10.3-2021.10/bin/../lib/gcc/arm-none-eabi/10.3.1/../../../../arm-none-eabi/lib/thumb/v7e-m/nofp\libg.a(lib_a-puts.o)
 .ARM.attributes
                0x000006fd       0x2e d:/gcc-arm-none-eabi-10.3-2021.10-win32/gcc-arm-none-eabi-10.3-2021.10/bin/../lib/gcc/arm-none-eabi/10.3.1/../../../../arm-none-eabi/lib/thumb/v7e-m/nofp\libg.a(lib_a-setvbuf.o)
 .ARM.attributes
                0x0000072b       0x1c d:/gcc-arm-none-eabi-10.3-2021.10-win32/gcc-arm-none-eabi-10.3-2021.10/bin/../lib/gcc/arm-none-eabi/10.3.1/../../../../arm-none-eabi/lib/thumb/v7e-m/nofp\libg.a(lib_a-strlen.o)
 .ARM.attributes
                0x00000747       0x2e d:/gcc-arm-none-eabi-10.3-2021.10-win32/gcc-arm-none-eabi-10.3-2021.10/bin/../lib/gcc/arm-none-eabi/10.3.1/../../../../arm-none-eabi/lib/thumb/v7e-m/nofp\libg.a(lib_a-vfprintf.o)
 .ARM.attributes
                0x00000775       0x2e d:/gcc-arm-none-eabi-10.3-2021.10-win32/gcc-arm-none-eabi-10.3-2021.10/bin/../lib/gcc/arm-none-eabi/10.3.1/../../../../arm-none-eabi/lib/thumb/v7e-m/nofp\libg.a(lib_a-wsetup.o)
 .ARM.attributes
                0x000007a3       0x2e d:/gcc-arm-none-eabi-10.3-2021.10-win32/gcc-arm-none-eabi-10.3-2021.10/bin/../lib/gcc/arm-none-eabi/10.3.1/../../../../arm-none-eabi/lib/thumb/v7e-m/nofp\libg.a(lib_a-__call_atexit.o)
 .ARM.attributes