Archive member included to satisfy reference by file (symbol)

d:/gcc-arm-none-eabi-10.3-2021.10-win32/gcc-arm-none-eabi-10.3-2021.10/bin/../lib/gcc/arm-none-eabi/10.3.1/thumb/v7e-m/nofp\libgcc.a(_arm_muldf3.o)
                              CMakeFiles/simpleFOC_Clion_HAL.elf.dir/SimpleFOC/foc_utils/foc_utils.c.obj (__aeabi_dmul)
d:/gcc-arm-none-eabi-10.3-2021.10-win32/gcc-arm-none-eabi-10.3-2021.10/bin/../lib/gcc/arm-none-eabi/10.3.1/thumb/v7e-m/nofp\libgcc.a(_arm_mulsf3.o)
                              CMakeFiles/simpleFOC_Clion_HAL.elf.dir/SimpleFOC/BLDCmotor/BLDCMotor.c.obj (__aeabi_fmul)
d:/gcc-arm-none-eabi-10.3-2021.10-win32/gcc-arm-none-eabi-10.3-2021.10/bin/../lib/gcc/arm-none-eabi/10.3.1/thumb/v7e-m/nofp\libgcc.a(_arm_addsubdf3.o)
                              CMakeFiles/simpleFOC_Clion_HAL.elf.dir/SimpleFOC/BLDCmotor/BLDCMotor.c.obj (__aeabi_dadd)
d:/gcc-arm-none-eabi-10.3-2021.10-win32/gcc-arm-none-eabi-10.3-2021.10/bin/../lib/gcc/arm-none-eabi/10.3.1/thumb/v7e-m/nofp\libgcc.a(_arm_cmpdf2.o)
                              CMakeFiles/simpleFOC_Clion_HAL.elf.dir/SimpleFOC/sensor/sensor.c.obj (__aeabi_dcmpgt)
d:/gcc-arm-none-eabi-10.3-2021.10-win32/gcc-arm-none-eabi-10.3-2021.10/bin/../lib/gcc/arm-none-eabi/10.3.1/thumb/v7e-m/nofp\libgcc.a(_arm_truncdfsf2.o)
                              CMakeFiles/simpleFOC_Clion_HAL.elf.dir/SimpleFOC/BLDCmotor/BLDCMotor.c.obj (__aeabi_d2f)
d:/gcc-arm-none-eabi-10.3-2021.10-win32/gcc-arm-none-eabi-10.3-2021.10/bin/../lib/gcc/arm-none-eabi/10.3.1/thumb/v7e-m/nofp\libgcc.a(_arm_addsubsf3.o)
                              CMakeFiles/simpleFOC_Clion_HAL.elf.dir/SimpleFOC/BLDCmotor/BLDCMotor.c.obj (__aeabi_fsub)
d:/gcc-arm-none-eabi-10.3-2021.10-win32/gcc-arm-none-eabi-10.3-2021.10/bin/../lib/gcc/arm-none-eabi/10.3.1/thumb/v7e-m/nofp\libgcc.a(_arm_muldivsf3.o)
                              CMakeFiles/simpleFOC_Clion_HAL.elf.dir/SimpleFOC/BLDCmotor/BLDCMotor.c.obj (__aeabi_fdiv)
d:/gcc-arm-none-eabi-10.3-2021.10-win32/gcc-arm-none-eabi-10.3-2021.10/bin/../lib/gcc/arm-none-eabi/10.3.1/thumb/v7e-m/nofp\libgcc.a(_arm_cmpsf2.o)
                              CMakeFiles/simpleFOC_Clion_HAL.elf.dir/SimpleFOC/BLDCmotor/BLDCMotor.c.obj (__aeabi_fcmpeq)
d:/gcc-arm-none-eabi-10.3-2021.10-win32/gcc-arm-none-eabi-10.3-2021.10/bin/../lib/gcc/arm-none-eabi/10.3.1/thumb/v7e-m/nofp\libgcc.a(_arm_fixsfsi.o)
                              CMakeFiles/simpleFOC_Clion_HAL.elf.dir/SimpleFOC/BLDCmotor/BLDCMotor.c.obj (__aeabi_f2iz)
d:/gcc-arm-none-eabi-10.3-2021.10-win32/gcc-arm-none-eabi-10.3-2021.10/bin/../lib/gcc/arm-none-eabi/10.3.1/thumb/v7e-m/nofp\libgcc.a(_arm_fixunssfsi.o)
                              CMakeFiles/simpleFOC_Clion_HAL.elf.dir/SimpleFOC/BLDCmotor/BLDCMotor.c.obj (__aeabi_f2uiz)
d:/gcc-arm-none-eabi-10.3-2021.10-win32/gcc-arm-none-eabi-10.3-2021.10/bin/../lib/gcc/arm-none-eabi/10.3.1/thumb/v7e-m/nofp\libgcc.a(_aeabi_uldivmod.o)
                              CMakeFiles/simpleFOC_Clion_HAL.elf.dir/Drivers/STM32F4xx_HAL_Driver/Src/stm32f4xx_hal_rcc.c.obj (__aeabi_uldivmod)
d:/gcc-arm-none-eabi-10.3-2021.10-win32/gcc-arm-none-eabi-10.3-2021.10/bin/../lib/gcc/arm-none-eabi/10.3.1/thumb/v7e-m/nofp\libgcc.a(_udivmoddi4.o)
                              d:/gcc-arm-none-eabi-10.3-2021.10-win32/gcc-arm-none-eabi-10.3-2021.10/bin/../lib/gcc/arm-none-eabi/10.3.1/thumb/v7e-m/nofp\libgcc.a(_aeabi_uldivmod.o) (__udivmoddi4)
d:/gcc-arm-none-eabi-10.3-2021.10-win32/gcc-arm-none-eabi-10.3-2021.10/bin/../lib/gcc/arm-none-eabi/10.3.1/thumb/v7e-m/nofp\libgcc.a(_dvmd_tls.o)
                              d:/gcc-arm-none-eabi-10.3-2021.10-win32/gcc-arm-none-eabi-10.3-2021.10/bin/../lib/gcc/arm-none-eabi/10.3.1/thumb/v7e-m/nofp\libgcc.a(_aeabi_uldivmod.o) (__aeabi_ldiv0)
d:/gcc-arm-none-eabi-10.3-2021.10-win32/gcc-arm-none-eabi-10.3-2021.10/bin/../lib/gcc/arm-none-eabi/10.3.1/../../../../arm-none-eabi/lib/thumb/v7e-m/nofp\libg.a(lib_a-errno.o)
                              CMakeFiles/simpleFOC_Clion_HAL.elf.dir/Core/Src/syscalls.c.obj (__errno)
d:/gcc-arm-none-eabi-10.3-2021.10-win32/gcc-arm-none-eabi-10.3-2021.10/bin/../lib/gcc/arm-none-eabi/10.3.1/../../../../arm-none-eabi/lib/thumb/v7e-m/nofp\libg.a(lib_a-exit.o)
                              d:/gcc-arm-none-eabi-10.3-2021.10-win32/gcc-arm-none-eabi-10.3-2021.10/bin/../lib/gcc/arm-none-eabi/10.3.1/../../../../arm-none-eabi/lib/thumb/v7e-m/nofp/crt0.o (exit)
d:/gcc-arm-none-eabi-10.3-2021.10-win32/gcc-arm-none-eabi-10.3-2021.10/bin/../lib/gcc/arm-none-eabi/10.3.1/../../../../arm-none-eabi/lib/thumb/v7e-m/nofp\libg.a(lib_a-impure.o)
                              d:/gcc-arm-none-eabi-10.3-2021.10-win32/gcc-arm-none-eabi-10.3-2021.10/bin/../lib/gcc/arm-none-eabi/10.3.1/../../../../arm-none-eabi/lib/thumb/v7e-m/nofp\libg.a(lib_a-exit.o) (_global_impure_ptr)
d:/gcc-arm-none-eabi-10.3-2021.10-win32/gcc-arm-none-eabi-10.3-2021.10/bin/../lib/gcc/arm-none-eabi/10.3.1/../../../../arm-none-eabi/lib/thumb/v7e-m/nofp\libg.a(lib_a-init.o)
[...]
Memory Configuration

Name             Origin             Length             Attributes
CCMRAM           0x10000000         0x00010000         xrw
RAM              0x20000000         0x00020000         xrw
FLASH            0x08000000         0x00100000         xr
*default*        0x00000000         0xffffffff

Linker script and memory map

LOAD d:/gcc-arm-none-eabi-10.3-2021.10-win32/gcc-arm-none-eabi-10.3-2021.10/bin/../lib/gcc/arm-none-eabi/10.3.1/thumb/v7e-m/nofp/crti.o
LOAD d:/gcc-arm-none-eabi-10.3-2021.10-win32/gcc-arm-none-eabi-10.3-2021.10/bin/../lib/gcc/arm-none-eabi/10.3.1/thumb/v7e-m/nofp/crtbegin.o
LOAD d:/gcc-arm-none-eabi-10.3-2021.10-win32/gcc-arm-none-eabi-10.3-2021.10/bin/../lib/gcc/arm-none-eabi/10.3.1/../../../../arm-none-eabi/lib/thumb/v7e-m/nofp/crt0.o
LOAD CMakeFiles/simpleFOC_Clion_HAL.elf.dir/Core/Src/gpio.c.obj
LOAD CMakeFiles/simpleFOC_Clion_HAL.elf.dir/Core/Src/main.c.obj
LOAD CMakeFiles/simpleFOC_Clion_HAL.elf.dir/Core/Src/stm32f4xx_hal_msp.c.obj
LOAD CMakeFiles/simpleFOC_Clion_HAL.elf.dir/Core/Src/stm32f4xx_it.c.obj
LOAD CMakeFiles/simpleFOC_Clion_HAL.elf.dir/Core/Src/syscalls.c.obj
LOAD CMakeFiles/simpleFOC_Clion_HAL.elf.dir/Core/Src/sysmem.c.obj
LOAD CMakeFiles/simpleFOC_Clion_HAL.elf.dir/Core/Src/system_stm32f4xx.c.obj
LOAD CMakeFiles/simpleFOC_Clion_HAL.elf.dir/Core/Src/usart.c.obj
LOAD CMakeFiles/simpleFOC_Clion_HAL.elf.dir/Core/Startup/startup_stm32f405rgtx.s.obj
LOAD CMakeFiles/simpleFOC_Clion_HAL.elf.dir/Drivers/STM32F4xx_HAL_Driver/Src/stm32f4xx_hal.c.obj
LOAD CMakeFiles/simpleFOC_Clion_HAL.elf.dir/Drivers/STM32F4xx_HAL_Driver/Src/stm32f4xx_hal_cortex.c.obj
LOAD CMakeFiles/simpleFOC_Clion_HAL.elf.dir/Drivers/STM32F4xx_HAL_Driver/Src/stm32f4xx_hal_dma.c.obj
LOAD CMakeFiles/simpleFOC_Clion_HAL.elf.dir/Drivers/STM32F4xx_HAL_Driver/Src/stm32f4xx_hal_dma_ex.c.obj
LOAD CMakeFiles/simpleFOC_Clion_HAL.elf.dir/Drivers/STM32F4xx_HAL_Driver/Src/stm32f4xx_hal_exti.c.obj
LOAD CMakeFiles/simpleFOC_Clion_HAL.elf.dir/Drivers/STM32F4xx_HAL_Driver/Src/stm32f4xx_hal_flash.c.obj
LOAD CMakeFiles/simpleFOC_Clion_HAL.elf.dir/Drivers/STM32F4xx_HAL_Driver/Src/stm32f4xx_hal_flash_ex.c.obj
LOAD CMakeFiles/simpleFOC_Clion_HAL.elf.dir/Drivers/STM32F4xx_HAL_Driver/Src/stm32f4xx_hal_flash_ramfunc.c.obj
LOAD CMakeFiles/simpleFOC_Clion_HAL.elf.dir/Drivers/STM32F4xx_HAL_Driver/Src/stm32f4xx_hal_gpio.c.obj
LOAD CMakeFiles/simpleFOC_Clion_HAL.elf.dir/Drivers/STM32F4xx_HAL_Driver/Src/stm32f4xx_hal_pwr.c.obj
LOAD CMakeFiles/simpleFOC_Clion_HAL.elf.dir/Drivers/STM32F4xx_HAL_Driver/Src/stm32f4xx_hal_pwr_ex.c.obj
LOAD CMakeFiles/simpleFOC_Clion_HAL.elf.dir/Drivers/STM32F4xx_HAL_Driver/Src/stm32f4xx_hal_rcc.c.obj
LOAD CMakeFiles/simpleFOC_Clion_HAL.elf.dir/Drivers/STM32F4xx_HAL_Driver/Src/stm32f4xx_hal_rcc_ex.c.obj
LOAD CMakeFiles/simpleFOC_Clion_HAL.elf.dir/Drivers/STM32F4xx_HAL_Driver/Src/stm32f4xx_hal_tim.c.obj
LOAD CMakeFiles/simpleFOC_Clion_HAL.elf.dir/Drivers/STM32F4xx_HAL_Driver/Src/stm32f4xx_hal_tim_ex.c.obj
LOAD CMakeFiles/simpleFOC_Clion_HAL.elf.dir/Drivers/STM32F4xx_HAL_Driver/Src/stm32f4xx_hal_uart.c.obj
LOAD CMakeFiles/simpleFOC_Clion_HAL.elf.dir/SimpleFOC/BLDCmotor/BLDCMotor.c.obj
LOAD CMakeFiles/simpleFOC_Clion_HAL.elf.dir/SimpleFOC/FOCmotor/FOCMotor.c.obj
LOAD CMakeFiles/simpleFOC_Clion_HAL.elf.dir/SimpleFOC/as5600/as5600.c.obj
LOAD CMakeFiles/simpleFOC_Clion_HAL.elf.dir/SimpleFOC/foc_utils/foc_utils.c.obj
LOAD CMakeFiles/simpleFOC_Clion_HAL.elf.dir/SimpleFOC/lowpass_filter/lowpass_filter.c.obj
LOAD CMakeFiles/simpleFOC_Clion_HAL.elf.dir/SimpleFOC/sensor/sensor.c.obj
LOAD CMakeFiles/simpleFOC_Clion_HAL.elf.dir/USER/PID/pid.c.obj
LOAD CMakeFiles/simpleFOC_Clion_HAL.elf.dir/USER/delay/User_Delay.c.obj
LOAD CMakeFiles/simpleFOC_Clion_HAL.elf.dir/USER/iic/iic.c.obj
LOAD CMakeFiles/simpleFOC_Clion_HAL.elf.dir/retarget/retarget.c.obj
START GROUP
LOAD d:/gcc-arm-none-eabi-10.3-2021.10-win32/gcc-arm-none-eabi-10.3-2021.10/bin/../lib/gcc/arm-none-eabi/10.3.1/thumb/v7e-m/nofp\libgcc.a
LOAD d:/gcc-arm-none-eabi-10.3-2021.10-win32/gcc-arm-none-eabi-10.3-2021.10/bin/../lib/gcc/arm-none-eabi/10.3.1/../../../../arm-none-eabi/lib/thumb/v7e-m/nofp\libg.a
LOAD d:/gcc-arm-none-eabi-10.3-2021.10-win32/gcc-arm-none-eabi-10.3-2021.10/bin/../lib/gcc/arm-none-eabi/10.3.1/../../../../arm-none-eabi/lib/thumb/v7e-m/nofp\libc.a
END GROUP
LOAD d:/gcc-arm-none-eabi-10.3-2021.10-win32/gcc-arm-none-eabi-10.3-2021.10/bin/../lib/gcc/arm-none-eabi/10.3.1/thumb/v7e-m/nofp/crtend.o
LOAD d:/gcc-arm-none-eabi-10.3-2021.10-win32/gcc-arm-none-eabi-10.3-2021.10/bin/../lib/gcc/arm-none-eabi/10.3.1/thumb/v7e-m/nofp/crtn.o
                0x20020000                _estack = (ORIGIN (RAM) + LENGTH (RAM))
                0x00000200                _Min_Heap_Size = 0x200
                0x00000400                _Min_Stack_Size = 0x400

.isr_vector     0x08000000      0x188
                0x08000000                . = ALIGN (0x4)
 *(.isr_vector)
 .isr_vector    0x08000000      0x188 CMakeFiles/simpleFOC_Clion_HAL.elf.dir/Core/Startup/startup_stm32f405rgtx.s.obj
                0x08000000                g_pfnVectors
                0x08000188                . = ALIGN (0x4)

.text           0x080001c0     0xa364
                0x080001c0                . = ALIGN (0x4)
 *(.text)
 .text          0x080001c0       0x40 d:/gcc-arm-none-eabi-10.3-2021.10-win32/gcc-arm-none-eabi-10.3-2021.10/bin/../lib/gcc/arm-none-eabi/10.3.1/thumb/v7e-m/nofp/crtbegin.o
 .text          0x08000200      0x378 d:/gcc-arm-none-eabi-10.3-2021.10-win32/gcc-arm-none-eabi-10.3-2021.10/bin/../lib/gcc/arm-none-eabi/10.3.1/thumb/v7e-m/nofp\libgcc.a(_arm_addsubdf3.o)
                0x08000200                __aeabi_drsub
                0x08000208                __aeabi_dsub
                0x08000208                __subdf3
                0x0800020c                __aeabi_dadd
                0x0800020c                __adddf3
                0x08000484                __floatunsidf
                0x08000484                __aeabi_ui2d
                0x080004a4                __floatsidf
                0x080004a4                __aeabi_i2d
                0x080004c8                __aeabi_f2d
                0x080004c8                __extendsfdf2
                0x0800050c                __floatundidf
                0x0800050c                __aeabi_ul2d
                0x0800051c                __floatdidf
                0x0800051c                __aeabi_l2d
 .text          0x08000578      0x110 d:/gcc-arm-none-eabi-10.3-2021.10-win32/gcc-arm-none-eabi-10.3-2021.10/bin/../lib/gcc/arm-none-eabi/10.3.1/thumb/v7e-m/nofp\libgcc.a(_arm_cmpdf2.o)
                0x08000578                __gtdf2
                0x08000578                __gedf2
                0x08000580                __ltdf2
                0x08000580                __ledf2
                0x08000588                __nedf2
                0x08000588                __eqdf2
                0x08000588                __cmpdf2
                0x08000604                __aeabi_cdrcmple
                0x08000614                __aeabi_cdcmpeq
                0x08000614                __aeabi_cdcmple
                0x08000624                __aeabi_dcmpeq
                0x08000638                __aeabi_dcmplt
                0x0800064c                __aeabi_dcmple
                0x08000660                __aeabi_dcmpge
                0x08000674                __aeabi_dcmpgt
 .text          0x08000688       0xa0 d:/gcc-arm-none-eabi-10.3-2021.10-win32/gcc-arm-none-eabi-10.3-2021.10/bin/../lib/gcc/arm-none-eabi/10.3.1/thumb/v7e-m/nofp\libgcc.a(_arm_truncdfsf2.o)
                0x08000688                __truncdfsf2
                0x08000688                __aeabi_d2f
 .text          0x08000728      0x21c d:/gcc-arm-none-eabi-10.3-2021.10-win32/gcc-arm-none-eabi-10.3-2021.10/bin/../lib/gcc/arm-none-eabi/10.3.1/thumb/v7e-m/nofp\libgcc.a(_arm_addsubsf3.o)
                0x08000728                __aeabi_frsub
                0x08000730                __subsf3
                0x08000730                __aeabi_fsub
                0x08000734                __aeabi_fadd
                0x08000734                __addsf3
                0x08000894                __aeabi_ui2f
                0x08000894                __floatunsisf
                0x0800089c                __aeabi_i2f
                0x0800089c                __floatsisf
                0x080008b8                __aeabi_ul2f
                0x080008b8                __floatundisf
                0x080008c8                __aeabi_l2f
                0x080008c8                __floatdisf
 .text          0x08000944      0x2a0 d:/gcc-arm-none-eabi-10.3-2021.10-win32/gcc-arm-none-eabi-10.3-2021.10/bin/../lib/gcc/arm-none-eabi/10.3.1/thumb/v7e-m/nofp\libgcc.a(_arm_muldivsf3.o)
                0x08000944                __mulsf3
                0x08000944                __aeabi_fmul
                0x08000aac                __aeabi_fdiv
                0x08000aac                __divsf3
 .text          0x08000be4       0xec d:/gcc-arm-none-eabi-10.3-2021.10-win32/gcc-arm-none-eabi-10.3-2021.10/bin/../lib/gcc/arm-none-eabi/10.3.1/thumb/v7e-m/nofp\libgcc.a(_arm_cmpsf2.o)
                0x08000be4                __gesf2
                0x08000be4                __gtsf2
                0x08000bec                __lesf2
                0x08000bec                __ltsf2
                0x08000bf4                __nesf2
                0x08000bf4                __eqsf2
                0x08000bf4                __cmpsf2
                0x08000c54                __aeabi_cfrcmple
                0x08000c5c                __aeabi_cfcmpeq
                0x08000c5c                __aeabi_cfcmple
                0x08000c6c                __aeabi_fcmpeq
                0x08000c80                __aeabi_fcmplt
                0x08000c94                __aeabi_fcmple
                0x08000ca8                __aeabi_fcmpge
                0x08000cbc                __aeabi_fcmpgt
 .text          0x08000cd0       0x4c d:/gcc-arm-none-eabi-10.3-2021.10-win32/gcc-arm-none-eabi-10.3-2021.10/bin/../lib/gcc/arm-none-eabi/10.3.1/thumb/v7e-m/nofp\libgcc.a(_arm_fixsfsi.o)
                0x08000cd0                __aeabi_f2iz
                0x08000cd0                __fixsfsi
 .text          0x08000d1c       0x40 d:/gcc-arm-none-eabi-10.3-2021.10-win32/gcc-arm-none-eabi-10.3-2021.10/bin/../lib/gcc/arm-none-eabi/10.3.1/thumb/v7e-m/nofp\libgcc.a(_arm_fixunssfsi.o)
                0x08000d1c                __fixunssfsi
                0x08000d1c                __aeabi_f2uiz
 .text          0x08000d5c       0x30 d:/gcc-arm-none-eabi-10.3-2021.10-win32/gcc-arm-none-eabi-10.3-2021.10/bin/../lib/gcc/arm-none-eabi/10.3.1/thumb/v7e-m/nofp\libgcc.a(_aeabi_uldivmod.o)
                0x08000d5c                __aeabi_uldivmod
 .text          0x08000d8c      0x2d0 d:/gcc-arm-none-eabi-10.3-2021.10-win32/gcc-arm-none-eabi-10.3-2021.10/bin/../lib/gcc/arm-none-eabi/10.3.1/thumb/v7e-m/nofp\libgcc.a(_udivmoddi4.o)
                0x08000d8c                __udivmoddi4
 .text          0x0800105c        0x4 d:/gcc-arm-none-eabi-10.3-2021.10-win32/gcc-arm-none-eabi-10.3-2021.10/bin/../lib/gcc/arm-none-eabi/10.3.1/thumb/v7e-m/nofp\libgcc.a(_dvmd_tls.o)
                0x0800105c                __aeabi_idiv0
                0x0800105c                __aeabi_ldiv0
 *fill*         0x08001060       0x20 
 .text          0x08001080       0xdc d:/gcc-arm-none-eabi-10.3-2021.10-win32/gcc-arm-none-eabi-10.3-2021.10/bin/../lib/gcc/arm-none-eabi/10.3.1/../../../../arm-none-eabi/lib/thumb/v7e-m/nofp\libg.a(lib_a-strlen.o)
                0x08001080                strlen
 *fill*         0x0800115c        0x4 
 .text          0x08001160       0xa0 d:/gcc-arm-none-eabi-10.3-2021.10-win32/gcc-arm-none-eabi-10.3-2021.10/bin/../lib/gcc/arm-none-eabi/10.3.1/../../../../arm-none-eabi/lib/thumb/v7e-m/nofp\libg.a(lib_a-memchr.o)
                0x08001160                memchr
 .text          0x08001200      0x134 d:/gcc-arm-none-eabi-10.3-2021.10-win32/gcc-arm-none-eabi-10.3-2021.10/bin/../lib/gcc/arm-none-eabi/10.3.1/../../../../arm-none-eabi/lib/thumb/v7e-m/nofp\libg.a(lib_a-memcpy.o)
                0x08001200                memcpy
 .text          0x08001334      0x424 d:/gcc-arm-none-eabi-10.3-2021.10-win32/gcc-arm-none-eabi-10.3-2021.10/bin/../lib/gcc/arm-none-eabi/10.3.1/thumb/v7e-m/nofp\libgcc.a(_arm_muldivdf3.o)
                0x08001334                __aeabi_dmul
                0x08001334                __muldf3
                0x08001588                __divdf3
                0x08001588                __aeabi_ddiv
 .text          0x08001758       0x2c d:/gcc-arm-none-eabi-10.3-2021.10-win32/gcc-arm-none-eabi-10.3-2021.10/bin/../lib/gcc/arm-none-eabi/10.3.1/thumb/v7e-m/nofp\libgcc.a(_arm_unorddf2.o)
                0x08001758                __unorddf2
                0x08001758                __aeabi_dcmpun
 .text          0x08001784       0x50 d:/gcc-arm-none-eabi-10.3-2021.10-win32/gcc-arm-none-eabi-10.3-2021.10/bin/../lib/gcc/arm-none-eabi/10.3.1/thumb/v7e-m/nofp\libgcc.a(_arm_fixdfsi.o)
                0x08001784                __aeabi_d2iz
                0x08001784                __fixdfsi
 *(.text*)
 .text.MX_GPIO_Init
                0x080017d4       0x7c CMakeFiles/simpleFOC_Clion_HAL.elf.dir/Core/Src/gpio.c.obj
                0x080017d4                MX_GPIO_Init
 .text.Error_Handler
                0x08001850        0x4 CMakeFiles/simpleFOC_Clion_HAL.elf.dir/Core/Src/main.c.obj
                0x08001850                Error_Handler
 .text.SystemClock_Config
                0x08001854       0xa8 CMakeFiles/simpleFOC_Clion_HAL.elf.dir/Core/Src/main.c.obj
                0x08001854                SystemClock_Config
 .text.main     0x080018fc       0xf4 CMakeFiles/simpleFOC_Clion_HAL.elf.dir/Core/Src/main.c.obj
                0x080018fc                main
 .text.HAL_MspInit
                0x080019f0       0x38 CMakeFiles/simpleFOC_Clion_HAL.elf.dir/Core/Src/stm32f4xx_hal_msp.c.obj
                0x080019f0                HAL_MspInit
 .text.NMI_Handler
                0x08001a28        0x2 CMakeFiles/simpleFOC_Clion_HAL.elf.dir/Core/Src/stm32f4xx_it.c.obj
                0x08001a28                NMI_Handler
 .text.HardFault_Handler
                0x08001a2a        0x2 CMakeFiles/simpleFOC_Clion_HAL.elf.dir/Core/Src/stm32f4xx_it.c.obj
                0x08001a2a                HardFault_Handler
 .text.MemManage_Handler
                0x08001a2c        0x2 CMakeFiles/simpleFOC_Clion_HAL.elf.dir/Core/Src/stm32f4xx_it.c.obj
                0x08001a2c                MemManage_Handler
 .text.BusFault_Handler
                0x08001a2e        0x2 CMakeFiles/simpleFOC_Clion_HAL.elf.dir/Core/Src/stm32f4xx_it.c.obj
                0x08001a2e                BusFault_Handler
 .text.UsageFault_Handler
                0x08001a30        0x2 CMakeFiles/simpleFOC_Clion_HAL.elf.dir/Core/Src/stm32f4xx_it.c.obj
                0x08001a30                UsageFault_Handler
 .text.SVC_Handler
                0x08001a32        0x2 CMakeFiles/simpleFOC_Clion_HAL.elf.dir/Core/Src/stm32f4xx_it.c.obj
                0x08001a32                SVC_Handler
 .text.DebugMon_Handler
                0x08001a34        0x2 CMakeFiles/simpleFOC_Clion_HAL.elf.dir/Core/Src/stm32f4xx_it.c.obj
                0x08001a34                DebugMon_Handler
 .text.PendSV_Handler
                0x08001a36        0x2 CMakeFiles/simpleFOC_Clion_HAL.elf.dir/Core/Src/stm32f4xx_it.c.obj
                0x08001a36                PendSV_Handler
 .text.SysTick_Handler
                0x08001a38        0x8 CMakeFiles/simpleFOC_Clion_HAL.elf.dir/Core/Src/stm32f4xx_it.c.obj
                0x08001a38                SysTick_Handler
 .text.USART2_IRQHandler
                0x08001a40       0x10 CMakeFiles/simpleFOC_Clion_HAL.elf.dir/Core/Src/stm32f4xx_it.c.obj
                0x08001a40                USART2_IRQHandler
 .text._getpid  0x08001a50        0x4 CMakeFiles/simpleFOC_Clion_HAL.elf.dir/Core/Src/syscalls.c.obj
                0x08001a50                _getpid
 .text._kill    0x08001a54       0x10 CMakeFiles/simpleFOC_Clion_HAL.elf.dir/Core/Src/syscalls.c.obj
                0x08001a54                _kill
 .text._exit    0x08001a64        0xc CMakeFiles/simpleFOC_Clion_HAL.elf.dir/Core/Src/syscalls.c.obj
                0x08001a64                _exit
 .text._sbrk    0x08001a70       0x48 CMakeFiles/simpleFOC_Clion_HAL.elf.dir/Core/Src/sysmem.c.obj
                0x08001a70                _sbrk
 .text.SystemInit
                0x08001ab8        0x2 CMakeFiles/simpleFOC_Clion_HAL.elf.dir/Core/Src/system_stm32f4xx.c.obj
                0x08001ab8                SystemInit
 *fill*         0x08001aba        0x2 
 .text.MX_USART2_UART_Init
                0x08001abc       0x34 CMakeFiles/simpleFOC_Clion_HAL.elf.dir/Core/Src/usart.c.obj
                0x08001abc                MX_USART2_UART_Init
 .text.HAL_UART_MspInit
                0x08001af0       0x7c CMakeFiles/simpleFOC_Clion_HAL.elf.dir/Core/Src/usart.c.obj
                0x08001af0                HAL_UART_MspInit
 .text.Reset_Handler
                0x08001b6c       0x50 CMakeFiles/simpleFOC_Clion_HAL.elf.dir/Core/Startup/startup_stm32f405rgtx.s.obj
                0x08001b6c                Reset_Handler
 .text.Default_Handler
                0x08001bbc        0x2 CMakeFiles/simpleFOC_Clion_HAL.elf.dir/Core/Startup/startup_stm32f405rgtx.s.obj
                0x08001bbc                RTC_Alarm_IRQHandler
                0x08001bbc                HASH_RNG_IRQHandler
                0x08001bbc                EXTI2_IRQHandler
                0x08001bbc                TIM8_CC_IRQHandler
                0x08001bbc                TIM1_CC_IRQHandler
                0x08001bbc                DMA2_Stream5_IRQHandler
                0x08001bbc                DMA1_Stream5_IRQHandler
                0x08001bbc                PVD_IRQHandler
                0x08001bbc                SDIO_IRQHandler
                0x08001bbc                TAMP_STAMP_IRQHandler
                0x08001bbc                CAN2_RX1_IRQHandler
                0x08001bbc                EXTI3_IRQHandler
                0x08001bbc                TIM8_TRG_COM_TIM14_IRQHandler
                0x08001bbc                TIM1_UP_TIM10_IRQHandler
                0x08001bbc                TIM8_UP_TIM13_IRQHandler
                0x08001bbc                I2C3_ER_IRQHandler
                0x08001bbc                EXTI0_IRQHandler
                0x08001bbc                I2C2_EV_IRQHandler
                0x08001bbc                DMA1_Stream2_IRQHandler
                0x08001bbc                CAN1_RX0_IRQHandler
                0x08001bbc                FPU_IRQHandler
                0x08001bbc                OTG_HS_WKUP_IRQHandler
                0x08001bbc                CAN2_SCE_IRQHandler
                0x08001bbc                DMA2_Stream2_IRQHandler
                0x08001bbc                SPI1_IRQHandler
                0x08001bbc                TIM6_DAC_IRQHandler
                0x08001bbc                TIM1_BRK_TIM9_IRQHandler
                0x08001bbc                CAN2_RX0_IRQHandler
                0x08001bbc                DMA2_Stream3_IRQHandler
                0x08001bbc                USART6_IRQHandler
                0x08001bbc                USART3_IRQHandler
                0x08001bbc                CAN1_RX1_IRQHandler
                0x08001bbc                UART5_IRQHandler
                0x08001bbc                DMA2_Stream0_IRQHandler
                0x08001bbc                TIM4_IRQHandler
                0x08001bbc                I2C1_EV_IRQHandler
                0x08001bbc                DMA1_Stream6_IRQHandler
                0x08001bbc                DMA1_Stream1_IRQHandler
                0x08001bbc                UART4_IRQHandler
                0x08001bbc                TIM3_IRQHandler
                0x08001bbc                RCC_IRQHandler
                0x08001bbc                TIM8_BRK_TIM12_IRQHandler
                0x08001bbc                Default_Handler
                0x08001bbc                EXTI15_10_IRQHandler
                0x08001bbc                ADC_IRQHandler
                0x08001bbc                DMA1_Stream7_IRQHandler
                0x08001bbc                TIM7_IRQHandler
                0x08001bbc                CAN2_TX_IRQHandler
                0x08001bbc                TIM5_IRQHandler
                0x08001bbc                DMA2_Stream7_IRQHandler
                0x08001bbc                I2C3_EV_IRQHandler
                0x08001bbc                EXTI9_5_IRQHandler
                0x08001bbc                RTC_WKUP_IRQHandler
                0x08001bbc                SPI2_IRQHandler
                0x08001bbc                OTG_HS_EP1_IN_IRQHandler
                0x08001bbc                DMA1_Stream0_IRQHandler
                0x08001bbc                CAN1_TX_IRQHandler
                0x08001bbc                EXTI4_IRQHandler
                0x08001bbc                FSMC_IRQHandler
                0x08001bbc                OTG_HS_EP1_OUT_IRQHandler
                0x08001bbc                WWDG_IRQHandler
                0x08001bbc                TIM2_IRQHandler
                0x08001bbc                OTG_FS_WKUP_IRQHandler
                0x08001bbc                TIM1_TRG_COM_TIM11_IRQHandler
                0x08001bbc                OTG_HS_IRQHandler
                0x08001bbc                EXTI1_IRQHandler
                0x08001bbc                I2C2_ER_IRQHandler
                0x08001bbc                DMA2_Stream1_IRQHandler
                0x08001bbc                CAN1_SCE_IRQHandler
                0x08001bbc                FLASH_IRQHandler
                0x08001bbc                DMA2_Stream4_IRQHandler
                0x08001bbc                USART1_IRQHandler
                0x08001bbc                OTG_FS_IRQHandler
                0x08001bbc                SPI3_IRQHandler
                0x08001bbc                DMA1_Stream4_IRQHandler
                0x08001bbc                I2C1_ER_IRQHandler
                0x08001bbc                DMA2_Stream6_IRQHandler
                0x08001bbc                DMA1_Stream3_IRQHandler
 *fill*         0x08001bbe        0x2 
 .text.HAL_InitTick
                0x08001bc0       0x4c CMakeFiles/simpleFOC_Clion_HAL.elf.dir/Drivers/STM32F4xx_HAL_Driver/Src/stm32f4xx_hal.c.obj
                0x08001bc0                HAL_InitTick
 .text.HAL_Init
                0x08001c0c       0x34 CMakeFiles/simpleFOC_Clion_HAL.elf.dir/Drivers/STM32F4xx_HAL_Driver/Src/stm32f4xx_hal.c.obj
                0x08001c0c                HAL_Init
 .text.HAL_IncTick
                0x08001c40       0x18 CMakeFiles/simpleFOC_Clion_HAL.elf.dir/Drivers/STM32F4xx_HAL_Driver/Src/stm32f4xx_hal.c.obj
                0x08001c40                HAL_IncTick
 .text.HAL_GetTick
                0x08001c58        0xc CMakeFiles/simpleFOC_Clion_HAL.elf.dir/Drivers/STM32F4xx_HAL_Driver/Src/stm32f4xx_hal.c.obj
                0x08001c58                HAL_GetTick
 .text.HAL_Delay
                0x08001c64       0x28 CMakeFiles/simpleFOC_Clion_HAL.elf.dir/Drivers/STM32F4xx_HAL_Driver/Src/stm32f4xx_hal.c.obj
                0x08001c64                HAL_Delay
 .text.HAL_NVIC_SetPriorityGrouping
                0x08001c8c       0x24 CMakeFiles/simpleFOC_Clion_HAL.elf.dir/Drivers/STM32F4xx_HAL_Driver/Src/stm32f4xx_hal_cortex.c.obj
                0x08001c8c                HAL_NVIC_SetPriorityGrouping
 .text.HAL_NVIC_SetPriority
                0x08001cb0       0x70 CMakeFiles/simpleFOC_Clion_HAL.elf.dir/Drivers/STM32F4xx_HAL_Driver/Src/stm32f4xx_hal_cortex.c.obj
                0x08001cb0                HAL_NVIC_SetPriority
 .text.HAL_NVIC_EnableIRQ
                0x08001d20       0x1c CMakeFiles/simpleFOC_Clion_HAL.elf.dir/Drivers/STM32F4xx_HAL_Driver/Src/stm32f4xx_hal_cortex.c.obj
                0x08001d20                HAL_NVIC_EnableIRQ
 .text.HAL_SYSTICK_Config
                0x08001d3c       0x28 CMakeFiles/simpleFOC_Clion_HAL.elf.dir/Drivers/STM32F4xx_HAL_Driver/Src/stm32f4xx_hal_cortex.c.obj
                0x08001d3c                HAL_SYSTICK_Config
 .text.HAL_DMA_Abort
                0x08001d64       0x94 CMakeFiles/simpleFOC_Clion_HAL.elf.dir/Drivers/STM32F4xx_HAL_Driver/Src/stm32f4xx_hal_dma.c.obj
                0x08001d64                HAL_DMA_Abort
 .text.HAL_DMA_Abort_IT
                0x08001df8       0x26 CMakeFiles/simpleFOC_Clion_HAL.elf.dir/Drivers/STM32F4xx_HAL_Driver/Src/stm32f4xx_hal_dma.c.obj
                0x08001df8                HAL_DMA_Abort_IT
 *fill*         0x08001e1e        0x2 
 .text.HAL_GPIO_Init
                0x08001e20      0x1e4 CMakeFiles/simpleFOC_Clion_HAL.elf.dir/Drivers/STM32F4xx_HAL_Driver/Src/stm32f4xx_hal_gpio.c.obj
                0x08001e20                HAL_GPIO_Init
 .text.HAL_GPIO_WritePin
                0x08002004        0xc CMakeFiles/simpleFOC_Clion_HAL.elf.dir/Drivers/STM32F4xx_HAL_Driver/Src/stm32f4xx_hal_gpio.c.obj
                0x08002004                HAL_GPIO_WritePin
 .text.HAL_RCC_OscConfig
                0x08002010      0x3f8 CMakeFiles/simpleFOC_Clion_HAL.elf.dir/Drivers/STM32F4xx_HAL_Driver/Src/stm32f4xx_hal_rcc.c.obj
                0x08002010                HAL_RCC_OscConfig
 .text.HAL_RCC_GetSysClockFreq
                0x08002408       0xd4 CMakeFiles/simpleFOC_Clion_HAL.elf.dir/Drivers/STM32F4xx_HAL_Driver/Src/stm32f4xx_hal_rcc.c.obj
                0x08002408                HAL_RCC_GetSysClockFreq
 .text.HAL_RCC_ClockConfig
                0x080024dc      0x160 CMakeFiles/simpleFOC_Clion_HAL.elf.dir/Drivers/STM32F4xx_HAL_Driver/Src/stm32f4xx_hal_rcc.c.obj
                0x080024dc                HAL_RCC_ClockConfig
 .text.HAL_RCC_GetHCLKFreq
                0x0800263c        0xc CMakeFiles/simpleFOC_Clion_HAL.elf.dir/Drivers/STM32F4xx_HAL_Driver/Src/stm32f4xx_hal_rcc.c.obj
                0x0800263c                HAL_RCC_GetHCLKFreq
 .text.HAL_RCC_GetPCLK1Freq
                0x08002648       0x20 CMakeFiles/simpleFOC_Clion_HAL.elf.dir/Drivers/STM32F4xx_HAL_Driver/Src/stm32f4xx_hal_rcc.c.obj
                0x08002648                HAL_RCC_GetPCLK1Freq
 .text.HAL_RCC_GetPCLK2Freq
                0x08002668       0x20 CMakeFiles/simpleFOC_Clion_HAL.elf.dir/Drivers/STM32F4xx_HAL_Driver/Src/stm32f4xx_hal_rcc.c.obj
                0x08002668                HAL_RCC_GetPCLK2Freq
 .text.UART_EndRxTransfer
                0x08002688       0x5c CMakeFiles/simpleFOC_Clion_HAL.elf.dir/Drivers/STM32F4xx_HAL_Driver/Src/stm32f4xx_hal_uart.c.obj
 .text.UART_Transmit_IT
                0x080026e4       0x60 CMakeFiles/simpleFOC_Clion_HAL.elf.dir/Drivers/STM32F4xx_HAL_Driver/Src/stm32f4xx_hal_uart.c.obj
 .text.UART_SetConfig
                0x08002744      0x110 CMakeFiles/simpleFOC_Clion_HAL.elf.dir/Drivers/STM32F4xx_HAL_Driver/Src/stm32f4xx_hal_uart.c.obj
 .text.UART_WaitOnFlagUntilTimeout
                0x08002854       0x88 CMakeFiles/simpleFOC_Clion_HAL.elf.dir/Drivers/STM32F4xx_HAL_Driver/Src/stm32f4xx_hal_uart.c.obj
 .text.HAL_UART_Init
                0x080028dc       0x5e CMakeFiles/simpleFOC_Clion_HAL.elf.dir/Drivers/STM32F4xx_HAL_Driver/Src/stm32f4xx_hal_uart.c.obj
                0x080028dc                HAL_UART_Init
 .text.HAL_UART_Transmit
                0x0800293a       0xd8 CMakeFiles/simpleFOC_Clion_HAL.elf.dir/Drivers/STM32F4xx_HAL_Driver/Src/stm32f4xx_hal_uart.c.obj
                0x0800293a                HAL_UART_Transmit
 .text.HAL_UART_Receive
                0x08002a12       0xe4 CMakeFiles/simpleFOC_Clion_HAL.elf.dir/Drivers/STM32F4xx_HAL_Driver/Src/stm32f4xx_hal_uart.c.obj
                0x08002a12                HAL_UART_Receive
 .text.HAL_UART_TxCpltCallback
                0x08002af6        0x2 CMakeFiles/simpleFOC_Clion_HAL.elf.dir/Drivers/STM32F4xx_HAL_Driver/Src/stm32f4xx_hal_uart.c.obj
                0x08002af6                HAL_UART_TxCpltCallback
 .text.UART_EndTransmit_IT
                0x08002af8       0x1a CMakeFiles/simpleFOC_Clion_HAL.elf.dir/Drivers/STM32F4xx_HAL_Driver/Src/stm32f4xx_hal_uart.c.obj
 .text.HAL_UART_RxCpltCallback
                0x08002b12        0x2 CMakeFiles/simpleFOC_Clion_HAL.elf.dir/Drivers/STM32F4xx_HAL_Driver/Src/stm32f4xx_hal_uart.c.obj
                0x08002b12                HAL_UART_RxCpltCallback
 .text.HAL_UART_ErrorCallback
                0x08002b14        0x2 CMakeFiles/simpleFOC_Clion_HAL.elf.dir/Drivers/STM32F4xx_HAL_Driver/Src/stm32f4xx_hal_uart.c.obj
                0x08002b14                HAL_UART_ErrorCallback
 .text.UART_DMAAbortOnError
                0x08002b16       0x10 CMakeFiles/simpleFOC_Clion_HAL.elf.dir/Drivers/STM32F4xx_HAL_Driver/Src/stm32f4xx_hal_uart.c.obj
 .text.HAL_UARTEx_RxEventCallback
                0x08002b26        0x2 CMakeFiles/simpleFOC_Clion_HAL.elf.dir/Drivers/STM32F4xx_HAL_Driver/Src/stm32f4xx_hal_uart.c.obj
                0x08002b26                HAL_UARTEx_RxEventCallback
 .text.UART_Receive_IT
                0x08002b28       0xe2 CMakeFiles/simpleFOC_Clion_HAL.elf.dir/Drivers/STM32F4xx_HAL_Driver/Src/stm32f4xx_hal_uart.c.obj
 *fill*         0x08002c0a        0x2 
 .text.HAL_UART_IRQHandler
                0x08002c0c      0x280 CMakeFiles/simpleFOC_Clion_HAL.elf.dir/Drivers/STM32F4xx_HAL_Driver/Src/stm32f4xx_hal_uart.c.obj
                0x08002c0c                HAL_UART_IRQHandler
 .text.Motor_init
                0x08002e8c       0x6c CMakeFiles/simpleFOC_Clion_HAL.elf.dir/SimpleFOC/BLDCmotor/BLDCMotor.c.obj
                0x08002e8c                Motor_init
 .text.setPhaseVoltage
                0x08002ef8       0xcc CMakeFiles/simpleFOC_Clion_HAL.elf.dir/SimpleFOC/BLDCmotor/BLDCMotor.c.obj
                0x08002ef8                setPhaseVoltage
 .text.alignSensor
                0x08002fc4      0x24c CMakeFiles/simpleFOC_Clion_HAL.elf.dir/SimpleFOC/BLDCmotor/BLDCMotor.c.obj
                0x08002fc4                alignSensor
 .text.Motor_initFOC
                0x08003210       0x70 CMakeFiles/simpleFOC_Clion_HAL.elf.dir/SimpleFOC/BLDCmotor/BLDCMotor.c.obj
                0x08003210                Motor_initFOC
 .text.shaftAngle
                0x08003280       0x2c CMakeFiles/simpleFOC_Clion_HAL.elf.dir/SimpleFOC/FOCmotor/FOCMotor.c.obj
                0x08003280                shaftAngle
 .text.shaftVelocity
                0x080032ac       0x2c CMakeFiles/simpleFOC_Clion_HAL.elf.dir/SimpleFOC/FOCmotor/FOCMotor.c.obj
                0x080032ac                shaftVelocity
 .text.ReadAS5600
                0x080032d8       0x46 CMakeFiles/simpleFOC_Clion_HAL.elf.dir/SimpleFOC/as5600/as5600.c.obj
                0x080032d8                ReadAS5600
 .text.getRawCount
                0x0800331e        0xc CMakeFiles/simpleFOC_Clion_HAL.elf.dir/SimpleFOC/as5600/as5600.c.obj
                0x0800331e                getRawCount
 *fill*         0x0800332a        0x6 
 .text._sin     0x08003330      0x174 CMakeFiles/simpleFOC_Clion_HAL.elf.dir/SimpleFOC/foc_utils/foc_utils.c.obj
                0x08003330                _sin
 *fill*         0x080034a4        0x4 
 .text._normalizeAngle
                0x080034a8       0x3c CMakeFiles/simpleFOC_Clion_HAL.elf.dir/SimpleFOC/foc_utils/foc_utils.c.obj
                0x080034a8                _normalizeAngle
 .text._electricalAngle
                0x080034e4       0x12 CMakeFiles/simpleFOC_Clion_HAL.elf.dir/SimpleFOC/foc_utils/foc_utils.c.obj
                0x080034e4                _electricalAngle
 *fill*         0x080034f6        0x2 
 .text._sqrtApprox
                0x080034f8       0x14 CMakeFiles/simpleFOC_Clion_HAL.elf.dir/SimpleFOC/foc_utils/foc_utils.c.obj
                0x080034f8                _sqrtApprox
 .text.LPF_init
                0x0800350c       0x38 CMakeFiles/simpleFOC_Clion_HAL.elf.dir/SimpleFOC/lowpass_filter/lowpass_filter.c.obj
                0x0800350c                LPF_init
 .text.LPFoperator
                0x08003544       0x9c CMakeFiles/simpleFOC_Clion_HAL.elf.dir/SimpleFOC/lowpass_filter/lowpass_filter.c.obj
                0x08003544                LPFoperator
 .text.getAngle
                0x080035e0       0xd4 CMakeFiles/simpleFOC_Clion_HAL.elf.dir/SimpleFOC/sensor/sensor.c.obj
                0x080035e0                getAngle
 .text.sensor_init
                0x080036b4       0x58 CMakeFiles/simpleFOC_Clion_HAL.elf.dir/SimpleFOC/sensor/sensor.c.obj
                0x080036b4                sensor_init
 .text.getVelocity
                0x0800370c       0x90 CMakeFiles/simpleFOC_Clion_HAL.elf.dir/SimpleFOC/sensor/sensor.c.obj
                0x0800370c                getVelocity
 .text.PID_init
                0x0800379c       0x6c CMakeFiles/simpleFOC_Clion_HAL.elf.dir/USER/PID/pid.c.obj
                0x0800379c                PID_init
 .text.IIC_GPIO_Config
                0x08003808       0x4c CMakeFiles/simpleFOC_Clion_HAL.elf.dir/USER/iic/iic.c.obj
                0x08003808                IIC_GPIO_Config
 .text.IIC_Start
                0x08003854       0x40 CMakeFiles/simpleFOC_Clion_HAL.elf.dir/USER/iic/iic.c.obj
                0x08003854                IIC_Start
 .text.IIC_Stop
                0x08003894       0x40 CMakeFiles/simpleFOC_Clion_HAL.elf.dir/USER/iic/iic.c.obj
                0x08003894                IIC_Stop
 .text.IIC_Wait_Ack
                0x080038d4       0x84 CMakeFiles/simpleFOC_Clion_HAL.elf.dir/USER/iic/iic.c.obj
                0x080038d4                IIC_Wait_Ack
 .text.IIC0_Ack
                0x08003958       0x40 CMakeFiles/simpleFOC_Clion_HAL.elf.dir/USER/iic/iic.c.obj
                0x08003958                IIC0_Ack
 .text.IIC0_NAck
                0x08003998       0x40 CMakeFiles/simpleFOC_Clion_HAL.elf.dir/USER/iic/iic.c.obj
                0x08003998                IIC0_NAck
 .text.Read_IIC_Byte
                0x080039d8       0x7c CMakeFiles/simpleFOC_Clion_HAL.elf.dir/USER/iic/iic.c.obj
                0x080039d8                Read_IIC_Byte
 .text.IIC_Write_Byte
                0x08003a54       0x68 CMakeFiles/simpleFOC_Clion_HAL.elf.dir/USER/iic/iic.c.obj
                0x08003a54                IIC_Write_Byte
 .text.RetargetInit
                0x08003abc       0x20 CMakeFiles/simpleFOC_Clion_HAL.elf.dir/retarget/retarget.c.obj
                0x08003abc                RetargetInit
 .text._isatty  0x08003adc       0x16 CMakeFiles/simpleFOC_Clion_HAL.elf.dir/retarget/retarget.c.obj
                0x08003adc                _isatty
 *fill*         0x08003af2        0x2 
 .text._write   0x08003af4       0x34 CMakeFiles/simpleFOC_Clion_HAL.elf.dir/retarget/retarget.c.obj
                0x08003af4                _write
 .text._close   0x08003b28       0x18 CMakeFiles/simpleFOC_Clion_HAL.elf.dir/retarget/retarget.c.obj
                0x08003b28                _close
 .text._lseek   0x08003b40       0x10 CMakeFiles/simpleFOC_Clion_HAL.elf.dir/retarget/retarget.c.obj
                0x08003b40                _lseek
 .text._read    0x08003b50       0x30 CMakeFiles/simpleFOC_Clion_HAL.elf.dir/retarget/retarget.c.obj
                0x08003b50                _read
 .text._fstat   0x08003b80       0x1a CMakeFiles/simpleFOC_Clion_HAL.elf.dir/retarget/retarget.c.obj
                0x08003b80                _fstat
 *fill*         0x08003b9a        0x2 
 .text.__errno  0x08003b9c        0xc d:/gcc-arm-none-eabi-10.3-2021.10-win32/gcc-arm-none-eabi-10.3-2021.10/bin/../lib/gcc/arm-none-eabi/10.3.1/../../../../arm-none-eabi/lib/thumb/v7e-m/nofp\libg.a(lib_a-errno.o)
                0x08003b9c                __errno
 .text.__libc_init_array
                0x08003ba8       0x48 d:/gcc-arm-none-eabi-10.3-2021.10-win32/gcc-arm-none-eabi-10.3-2021.10/bin/../lib/gcc/arm-none-eabi/10.3.1/../../../../arm-none-eabi/lib/thumb/v7e-m/nofp\libg.a(lib_a-init.o)
                0x08003ba8                __libc_init_array
 .text.memset   0x08003bf0       0xa4 d:/gcc-arm-none-eabi-10.3-2021.10-win32/gcc-arm-none-eabi-10.3-2021.10/bin/../lib/gcc/arm-none-eabi/10.3.1/../../../../arm-none-eabi/lib/thumb/v7e-m/nofp\libg.a(lib_a-memset.o)
                0x08003bf0                memset
 .text.printf   0x08003c94       0x28 d:/gcc-arm-none-eabi-10.3-2021.10-win32/gcc-arm-none-eabi-10.3-2021.10/bin/../lib/gcc/arm-none-eabi/10.3.1/../../../../arm-none-eabi/lib/thumb/v7e-m/nofp\libg.a(lib_a-printf.o)
                0x08003c94                printf
 .text._puts_r  0x08003cbc       0x9c d:/gcc-arm-none-eabi-10.3-2021.10-win32/gcc-arm-none-eabi-10.3-2021.10/bin/../lib/gcc/arm-none-eabi/10.3.1/../../../../arm-none-eabi/lib/thumb/v7e-m/nofp\libg.a(lib_a-puts.o)
                0x08003cbc                _puts_r
 .text.puts     0x08003d58       0x10 d:/gcc-arm-none-eabi-10.3-2021.10-win32/gcc-arm-none-eabi-10.3-2021.10/bin/../lib/gcc/arm-none-eabi/10.3.1/../../../../arm-none-eabi/lib/thumb/v7e-m/nofp\libg.a(lib_a-puts.o)
                0x08003d58                puts
 .text.setvbuf  0x08003d68      0x1b0 d:/gcc-arm-none-eabi-10.3-2021.10-win32/gcc-arm-none-eabi-10.3-2021.10/bin/../lib/gcc/arm-none-eabi/10.3.1/../../../../arm-none-eabi/lib/thumb/v7e-m/nofp\libg.a(lib_a-setvbuf.o)
                0x08003d68                setvbuf
 .text._vfprintf_r
                0x08003f18     0x1ad4 d:/gcc-arm-none-eabi-10.3-2021.10-win32/gcc-arm-none-eabi-10.3-2021.10/bin/../lib/gcc/arm-none-eabi/10.3.1/../../../../arm-none-eabi/lib/thumb/v7e-m/nofp\libg.a(lib_a-vfprintf.o)
                0x08003f18                _vfprintf_r
 .text.__sbprintf
                0x080059ec       0x80 d:/gcc-arm-none-eabi-10.3-2021.10-win32/gcc-arm-none-eabi-10.3-2021.10/bin/../lib/gcc/arm-none-eabi/10.3.1/../../../../arm-none-eabi/lib/thumb/v7e-m/nofp\libg.a(lib_a-vfprintf.o)
 .text.__swsetup_r
                0x08005a6c       0xd4 d:/gcc-arm-none-eabi-10.3-2021.10-win32/gcc-arm-none-eabi-10.3-2021.10/bin/../lib/gcc/arm-none-eabi/10.3.1/../../../../arm-none-eabi/lib/thumb/v7e-m/nofp\libg.a(lib_a-wsetup.o)
                0x08005a6c                __swsetup_r
 .text.startup.register_fini
                0x08005b40       0x14 d:/gcc-arm-none-eabi-10.3-2021.10-win32/gcc-arm-none-eabi-10.3-2021.10/bin/../lib/gcc/arm-none-eabi/10.3.1/../../../../arm-none-eabi/lib/thumb/v7e-m/nofp\libg.a(lib_a-__call_atexit.o)
 .text.atexit   0x08005b54        0xc d:/gcc-arm-none-eabi-10.3-2021.10-win32/gcc-arm-none-eabi-10.3-2021.10/bin/../lib/gcc/arm-none-eabi/10.3.1/../../../../arm-none-eabi/lib/thumb/v7e-m/nofp\libg.a(lib_a-atexit.o)
                0x08005b54                atexit
 .text.quorem   0x08005b60      0x124 d:/gcc-arm-none-eabi-10.3-2021.10-win32/gcc-arm-none-eabi-10.3-2021.10/bin/../lib/gcc/arm-none-eabi/10.3.1/../../../../arm-none-eabi/lib/thumb/v7e-m/nofp\libg.a(lib_a-dtoa.o)
 *fill*         0x08005c84        0x4 
 .text._dtoa_r  0x08005c88      0xec4 d:/gcc-arm-none-eabi-10.3-2021.10-win32/gcc-arm-none-eabi-10.3-2021.10/bin/../lib/gcc/arm-none-eabi/10.3.1/../../../../arm-none-eabi/lib/thumb/v7e-m/nofp\libg.a(lib_a-dtoa.o)
                0x08005c88                _dtoa_r
 .text.__sflush_r
                0x08006b4c      0x120 d:/gcc-arm-none-eabi-10.3-2021.10-win32/gcc-arm-none-eabi-10.3-2021.10/bin/../lib/gcc/arm-none-eabi/10.3.1/../../../../arm-none-eabi/lib/thumb/v7e-m/nofp\libg.a(lib_a-fflush.o)
                0x08006b4c                __sflush_r
 .text._fflush_r
                0x08006c6c       0x5c d:/gcc-arm-none-eabi-10.3-2021.10-win32/gcc-arm-none-eabi-10.3-2021.10/bin/../lib/gcc/arm-none-eabi/10.3.1/../../../../arm-none-eabi/lib/thumb/v7e-m/nofp\libg.a(lib_a-fflush.o)
                0x08006c6c                _fflush_r
 .text._cleanup_r
                0x08006cc8        0xc d:/gcc-arm-none-eabi-10.3-2021.10-win32/gcc-arm-none-eabi-10.3-2021.10/bin/../lib/gcc/arm-none-eabi/10.3.1/../../../../arm-none-eabi/lib/thumb/v7e-m/nofp\libg.a(lib_a-findfp.o)
                0x08006cc8                _cleanup_r
 .text.__sinit  0x08006cd4      0x10c d:/gcc-arm-none-eabi-10.3-2021.10-win32/gcc-arm-none-eabi-10.3-2021.10/bin/../lib/gcc/arm-none-eabi/10.3.1/../../../../arm-none-eabi/lib/thumb/v7e-m/nofp\libg.a(lib_a-findfp.o)
                0x08006cd4                __sinit
 .text.__sfp_lock_acquire
                0x08006de0        0xc d:/gcc-arm-none-eabi-10.3-2021.10-win32/gcc-arm-none-eabi-10.3-2021.10/bin/../lib/gcc/arm-none-eabi/10.3.1/../../../../arm-none-eabi/lib/thumb/v7e-m/nofp\libg.a(lib_a-findfp.o)
                0x08006de0                __sfp_lock_acquire
 .text.__sfp_lock_release
                0x08006dec        0xc d:/gcc-arm-none-eabi-10.3-2021.10-win32/gcc-arm-none-eabi-10.3-2021.10/bin/../lib/gcc/arm-none-eabi/10.3.1/../../../../arm-none-eabi/lib/thumb/v7e-m/nofp\libg.a(lib_a-findfp.o)
                0x08006dec                __sfp_lock_release
 .text.__libc_fini_array
                0x08006df8       0x2c d:/gcc-arm-none-eabi-10.3-2021.10-win32/gcc-arm-none-eabi-10.3-2021.10/bin/../lib/gcc/arm-none-eabi/10.3.1/../../../../arm-none-eabi/lib/thumb/v7e-m/nofp\libg.a(lib_a-fini.o)
                0x08006df8                __libc_fini_array
 .text._malloc_trim_r
                0x08006e24       0xa0 d:/gcc-arm-none-eabi-10.3-2021.10-win32/gcc-arm-none-eabi-10.3-2021.10/bin/../lib/gcc/arm-none-eabi/10.3.1/../../../../arm-none-eabi/lib/thumb/v7e-m/nofp\libg.a(lib_a-freer.o)
                0x08006e24                _malloc_trim_r
 .text._free_r  0x08006ec4      0x20c d:/gcc-arm-none-eabi-10.3-2021.10-win32/gcc-arm-none-eabi-10.3-2021.10/bin/../lib/gcc/arm-none-eabi/10.3.1/../../../../arm-none-eabi/lib/thumb/v7e-m/nofp\libg.a(lib_a-freer.o)
                0x08006ec4                _free_r
 .text.__sfvwrite_r
                0x080070d0      0x2e8 d:/gcc-arm-none-eabi-10.3-2021.10-win32/gcc-arm-none-eabi-10.3-2021.10/bin/../lib/gcc/arm-none-eabi/10.3.1/../../../../arm-none-eabi/lib/thumb/v7e-m/nofp\libg.a(lib_a-fvwrite.o)
                0x080070d0                __sfvwrite_r
 .text._fwalk_reent
                0x080073b8       0x48 d:/gcc-arm-none-eabi-10.3-2021.10-win32/gcc-arm-none-eabi-10.3-2021.10/bin/../lib/gcc/arm-none-eabi/10.3.1/../../../../arm-none-eabi/lib/thumb/v7e-m/nofp\libg.a(lib_a-fwalk.o)
                0x080073b8                _fwalk_reent
 .text._localeconv_r
                0x08007400        0x8 d:/gcc-arm-none-eabi-10.3-2021.10-win32/gcc-arm-none-eabi-10.3-2021.10/bin/../lib/gcc/arm-none-eabi/10.3.1/../../../../arm-none-eabi/lib/thumb/v7e-m/nofp\libg.a(lib_a-localeconv.o)
                0x08007400                _localeconv_r
 .text.__retarget_lock_init_recursive
                0x08007408        0x4 d:/gcc-arm-none-eabi-10.3-2021.10-win32/gcc-arm-none-eabi-10.3-2021.10/bin/../lib/gcc/arm-none-eabi/10.3.1/../../../../arm-none-eabi/lib/thumb/v7e-m/nofp\libg.a(lib_a-lock.o)
                0x08007408                __retarget_lock_init_recursive
 .text.__retarget_lock_close_recursive
                0x0800740c        0x4 d:/gcc-arm-none-eabi-10.3-2021.10-win32/gcc-arm-none-eabi-10.3-2021.10/bin/../lib/gcc/arm-none-eabi/10.3.1/../../../../arm-none-eabi/lib/thumb/v7e-m/nofp\libg.a(lib_a-lock.o)
                0x0800740c                __retarget_lock_close_recursive
 .text.__retarget_lock_acquire_recursive
                0x08007410        0x4 d:/gcc-arm-none-eabi-10.3-2021.10-win32/gcc-arm-none-eabi-10.3-2021.10/bin/../lib/gcc/arm-none-eabi/10.3.1/../../../../arm-none-eabi/lib/thumb/v7e-m/nofp\libg.a(lib_a-lock.o)
                0x08007410                __retarget_lock_acquire_recursive
 .text.__retarget_lock_release_recursive
                0x08007414        0x4 d:/gcc-arm-none-eabi-10.3-2021.10-win32/gcc-arm-none-eabi-10.3-2021.10/bin/../lib/gcc/arm-none-eabi/10.3.1/../../../../arm-none-eabi/lib/thumb/v7e-m/nofp\libg.a(lib_a-lock.o)
                0x08007414                __retarget_lock_release_recursive
 .text.__smakebuf_r
                0x08007418       0xe0 d:/gcc-arm-none-eabi-10.3-2021.10-win32/gcc-arm-none-eabi-10.3-2021.10/bin/../lib/gcc/arm-none-eabi/10.3.1/../../../../arm-none-eabi/lib/thumb/v7e-m/nofp\libg.a(lib_a-makebuf.o)
                0x08007418                __smakebuf_r
 .text.__swhatbuf_r
                0x080074f8       0x60 d:/gcc-arm-none-eabi-10.3-2021.10-win32/gcc-arm-none-eabi-10.3-2021.10/bin/../lib/gcc/arm-none-eabi/10.3.1/../../../../arm-none-eabi/lib/thumb/v7e-m/nofp\libg.a(lib_a-makebuf.o)
                0x080074f8                __swhatbuf_r
 .text.malloc   0x08007558       0x10 d:/gcc-arm-none-eabi-10.3-2021.10-win32/gcc-arm-none-eabi-10.3-2021.10/bin/../lib/gcc/arm-none-eabi/10.3.1/../../../../arm-none-eabi/lib/thumb/v7e-m/nofp\libg.a(lib_a-malloc.o)
                0x08007558                malloc
 .text._malloc_r
                0x08007568      0x560 d:/gcc-arm-none-eabi-10.3-2021.10-win32/gcc-arm-none-eabi-10.3-2021.10/bin/../lib/gcc/arm-none-eabi/10.3.1/../../../../arm-none-eabi/lib/thumb/v7e-m/nofp\libg.a(lib_a-mallocr.o)
                0x08007568                _malloc_r
 .text.memmove  0x08007ac8       0xf8 d:/gcc-arm-none-eabi-10.3-2021.10-win32/gcc-arm-none-eabi-10.3-2021.10/bin/../lib/gcc/arm-none-eabi/10.3.1/../../../../arm-none-eabi/lib/thumb/v7e-m/nofp\libg.a(lib_a-memmove.o)
                0x08007ac8                memmove
 .text.__malloc_lock
                0x08007bc0        0xc d:/gcc-arm-none-eabi-10.3-2021.10-win32/gcc-arm-none-eabi-10.3-2021.10/bin/../lib/gcc/arm-none-eabi/10.3.1/../../../../arm-none-eabi/lib/thumb/v7e-m/nofp\libg.a(lib_a-mlock.o)
                0x08007bc0                __malloc_lock
 .text.__malloc_unlock
                0x08007bcc        0xc d:/gcc-arm-none-eabi-10.3-2021.10-win32/gcc-arm-none-eabi-10.3-2021.10/bin/../lib/gcc/arm-none-eabi/10.3.1/../../../../arm-none-eabi/lib/thumb/v7e-m/nofp\libg.a(lib_a-mlock.o)
                0x08007bcc                __malloc_unlock
 .text._Balloc  0x08007bd8       0x4c d:/gcc-arm-none-eabi-10.3-2021.10-win32/gcc-arm-none-eabi-10.3-2021.10/bin/../lib/gcc/arm-none-eabi/10.3.1/../../../../arm-none-eabi/lib/thumb/v7e-m/nofp\libg.a(lib_a-mprec.o)
                0x08007bd8                _Balloc
 .text._Bfree   0x08007c24       0x14 d:/gcc-arm-none-eabi-10.3-2021.10-win32/gcc-arm-none-eabi-10.3-2021.10/bin/../lib/gcc/arm-none-eabi/10.3.1/../../../../arm-none-eabi/lib/thumb/v7e-m/nofp\libg.a(lib_a-mprec.o)
                0x08007c24                _Bfree
 .text.__multadd
                0x08007c38       0xa0 d:/gcc-arm-none-eabi-10.3-2021.10-win32/gcc-arm-none-eabi-10.3-2021.10/bin/../lib/gcc/arm-none-eabi/10.3.1/../../../../arm-none-eabi/lib/thumb/v7e-m/nofp\libg.a(lib_a-mprec.o)
                0x08007c38                __multadd
 .text.__hi0bits
                0x08007cd8       0x40 d:/gcc-arm-none-eabi-10.3-2021.10-win32/gcc-arm-none-eabi-10.3-2021.10/bin/../lib/gcc/arm-none-eabi/10.3.1/../../../../arm-none-eabi/lib/thumb/v7e-m/nofp\libg.a(lib_a-mprec.o)
                0x08007cd8                __hi0bits
 .text.__lo0bits
                0x08007d18       0x5c d:/gcc-arm-none-eabi-10.3-2021.10-win32/gcc-arm-none-eabi-10.3-2021.10/bin/../lib/gcc/arm-none-eabi/10.3.1/../../../../arm-none-eabi/lib/thumb/v7e-m/nofp\libg.a(lib_a-mprec.o)
                0x08007d18                __lo0bits
 .text.__i2b    0x08007d74       0x5c d:/gcc-arm-none-eabi-10.3-2021.10-win32/gcc-arm-none-eabi-10.3-2021.10/bin/../lib/gcc/arm-none-eabi/10.3.1/../../../../arm-none-eabi/lib/thumb/v7e-m/nofp\libg.a(lib_a-mprec.o)
                0x08007d74                __i2b
 .text.__multiply
                0x08007dd0      0x15c d:/gcc-arm-none-eabi-10.3-2021.10-win32/gcc-arm-none-eabi-10.3-2021.10/bin/../lib/gcc/arm-none-eabi/10.3.1/../../../../arm-none-eabi/lib/thumb/v7e-m/nofp\libg.a(lib_a-mprec.o)
                0x08007dd0                __multiply
 .text.__pow5mult
                0x08007f2c       0xc0 d:/gcc-arm-none-eabi-10.3-2021.10-win32/gcc-arm-none-eabi-10.3-2021.10/bin/../lib/gcc/arm-none-eabi/10.3.1/../../../../arm-none-eabi/lib/thumb/v7e-m/nofp\libg.a(lib_a-mprec.o)
                0x08007f2c                __pow5mult
 .text.__lshift
                0x08007fec       0xf0 d:/gcc-arm-none-eabi-10.3-2021.10-win32/gcc-arm-none-eabi-10.3-2021.10/bin/../lib/gcc/arm-none-eabi/10.3.1/../../../../arm-none-eabi/lib/thumb/v7e-m/nofp\libg.a(lib_a-mprec.o)
                0x08007fec                __lshift
 .text.__mcmp   0x080080dc       0x40 d:/gcc-arm-none-eabi-10.3-2021.10-win32/gcc-arm-none-eabi-10.3-2021.10/bin/../lib/gcc/arm-none-eabi/10.3.1/../../../../arm-none-eabi/lib/thumb/v7e-m/nofp\libg.a(lib_a-mprec.o)
                0x080080dc                __mcmp
 .text.__mdiff  0x0800811c      0x14c d:/gcc-arm-none-eabi-10.3-2021.10-win32/gcc-arm-none-eabi-10.3-2021.10/bin/../lib/gcc/arm-none-eabi/10.3.1/../../../../arm-none-eabi/lib/thumb/v7e-m/nofp\libg.a(lib_a-mprec.o)
                0x0800811c                __mdiff
 .text.__d2b    0x08008268       0xc4 d:/gcc-arm-none-eabi-10.3-2021.10-win32/gcc-arm-none-eabi-10.3-2021.10/bin/../lib/gcc/arm-none-eabi/10.3.1/../../../../arm-none-eabi/lib/thumb/v7e-m/nofp\libg.a(lib_a-mprec.o)
                0x08008268                __d2b
 .text._realloc_r
                0x0800832c      0x3d8 d:/gcc-arm-none-eabi-10.3-2021.10-win32/gcc-arm-none-eabi-10.3-2021.10/bin/../lib/gcc/arm-none-eabi/10.3.1/../../../../arm-none-eabi/lib/thumb/v7e-m/nofp\libg.a(lib_a-reallocr.o)
                0x0800832c                _realloc_r
 .text.frexp    0x08008704       0x70 d:/gcc-arm-none-eabi-10.3-2021.10-win32/gcc-arm-none-eabi-10.3-2021.10/bin/../lib/gcc/arm-none-eabi/10.3.1/../../../../arm-none-eabi/lib/thumb/v7e-m/nofp\libg.a(lib_a-s_frexp.o)
                0x08008704                frexp
 .text._sbrk_r  0x08008774       0x24 d:/gcc-arm-none-eabi-10.3-2021.10-win32/gcc-arm-none-eabi-10.3-2021.10/bin/../lib/gcc/arm-none-eabi/10.3.1/../../../../arm-none-eabi/lib/thumb/v7e-m/nofp\libg.a(lib_a-sbrkr.o)
                0x08008774                _sbrk_r
 .text.__sread  0x08008798       0x24 d:/gcc-arm-none-eabi-10.3-2021.10-win32/gcc-arm-none-eabi-10.3-2021.10/bin/../lib/gcc/arm-none-eabi/10.3.1/../../../../arm-none-eabi/lib/thumb/v7e-m/nofp\libg.a(lib_a-stdio.o)
                0x08008798                __sread
 .text.__swrite
                0x080087bc       0x40 d:/gcc-arm-none-eabi-10.3-2021.10-win32/gcc-arm-none-eabi-10.3-2021.10/bin/../lib/gcc/arm-none-eabi/10.3.1/../../../../arm-none-eabi/lib/thumb/v7e-m/nofp\libg.a(lib_a-stdio.o)
                0x080087bc                __swrite
 .text.__sseek  0x080087fc       0x20 d:/gcc-arm-none-eabi-10.3-2021.10-win32/gcc-arm-none-eabi-10.3-2021.10/bin/../lib/gcc/arm-none-eabi/10.3.1/../../../../arm-none-eabi/lib/thumb/v7e-m/nofp\libg.a(lib_a-stdio.o)
                0x080087fc                __sseek
 .text.__sclose
                0x0800881c        0x8 d:/gcc-arm-none-eabi-10.3-2021.10-win32/gcc-arm-none-eabi-10.3-2021.10/bin/../lib/gcc/arm-none-eabi/10.3.1/../../../../arm-none-eabi/lib/thumb/v7e-m/nofp\libg.a(lib_a-stdio.o)
                0x0800881c                __sclose
 .text.strncpy  0x08008824       0x64 d:/gcc-arm-none-eabi-10.3-2021.10-win32/gcc-arm-none-eabi-10.3-2021.10/bin/../lib/gcc/arm-none-eabi/10.3.1/../../../../arm-none-eabi/lib/thumb/v7e-m/nofp\libg.a(lib_a-strncpy.o)
                0x08008824                strncpy
 .text.__sprint_r.part.0
                0x08008888       0x78 d:/gcc-arm-none-eabi-10.3-2021.10-win32/gcc-arm-none-eabi-10.3-2021.10/bin/../lib/gcc/arm-none-eabi/10.3.1/../../../../arm-none-eabi/lib/thumb/v7e-m/nofp\libg.a(lib_a-vfiprintf.o)
 .text.__sprint_r
                0x08008900       0x14 d:/gcc-arm-none-eabi-10.3-2021.10-win32/gcc-arm-none-eabi-10.3-2021.10/bin/../lib/gcc/arm-none-eabi/10.3.1/../../../../arm-none-eabi/lib/thumb/v7e-m/nofp\libg.a(lib_a-vfiprintf.o)
                0x08008900                __sprint_r
 .text._vfiprintf_r
                0x08008914      0xda0 d:/gcc-arm-none-eabi-10.3-2021.10-win32/gcc-arm-none-eabi-10.3-2021.10/bin/../lib/gcc/arm-none-eabi/10.3.1/../../../../arm-none-eabi/lib/thumb/v7e-m/nofp\libg.a(lib_a-vfiprintf.o)
                0x08008914                _vfiprintf_r
 .text.__sbprintf
                0x080096b4       0x80 d:/gcc-arm-none-eabi-10.3-2021.10-win32/gcc-arm-none-eabi-10.3-2021.10/bin/../lib/gcc/arm-none-eabi/10.3.1/../../../../arm-none-eabi/lib/thumb/v7e-m/nofp\libg.a(lib_a-vfiprintf.o)
 .text._write_r
                0x08009734       0x2c d:/gcc-arm-none-eabi-10.3-2021.10-win32/gcc-arm-none-eabi-10.3-2021.10/bin/../lib/gcc/arm-none-eabi/10.3.1/../../../../arm-none-eabi/lib/thumb/v7e-m/nofp\libg.a(lib_a-writer.o)
                0x08009734                _write_r
 .text.__register_exitproc
                0x08009760       0x8c d:/gcc-arm-none-eabi-10.3-2021.10-win32/gcc-arm-none-eabi-10.3-2021.10/bin/../lib/gcc/arm-none-eabi/10.3.1/../../../../arm-none-eabi/lib/thumb/v7e-m/nofp\libg.a(lib_a-__atexit.o)
                0x08009760                __register_exitproc
 .text.__assert_func
                0x080097ec       0x40 d:/gcc-arm-none-eabi-10.3-2021.10-win32/gcc-arm-none-eabi-10.3-2021.10/bin/../lib/gcc/arm-none-eabi/10.3.1/../../../../arm-none-eabi/lib/thumb/v7e-m/nofp\libg.a(lib_a-assert.o)
                0x080097ec                __assert_func
 .text._calloc_r
                0x0800982c       0x78 d:/gcc-arm-none-eabi-10.3-2021.10-win32/gcc-arm-none-eabi-10.3-2021.10/bin/../lib/gcc/arm-none-eabi/10.3.1/../../../../arm-none-eabi/lib/thumb/v7e-m/nofp\libg.a(lib_a-callocr.o)
                0x0800982c                _calloc_r
 .text._close_r
                0x080098a4       0x24 d:/gcc-arm-none-eabi-10.3-2021.10-win32/gcc-arm-none-eabi-10.3-2021.10/bin/../lib/gcc/arm-none-eabi/10.3.1/../../../../arm-none-eabi/lib/thumb/v7e-m/nofp\libg.a(lib_a-closer.o)
                0x080098a4                _close_r
 .text._fclose_r
                0x080098c8       0xcc d:/gcc-arm-none-eabi-10.3-2021.10-win32/gcc-arm-none-eabi-10.3-2021.10/bin/../lib/gcc/arm-none-eabi/10.3.1/../../../../arm-none-eabi/lib/thumb/v7e-m/nofp\libg.a(lib_a-fclose.o)
                0x080098c8                _fclose_r
 .text.fiprintf
                0x08009994       0x28 d:/gcc-arm-none-eabi-10.3-2021.10-win32/gcc-arm-none-eabi-10.3-2021.10/bin/../lib/gcc/arm-none-eabi/10.3.1/../../../../arm-none-eabi/lib/thumb/v7e-m/nofp\libg.a(lib_a-fiprintf.o)
                0x08009994                fiprintf
 .text.__fputwc
                0x080099bc       0xa8 d:/gcc-arm-none-eabi-10.3-2021.10-win32/gcc-arm-none-eabi-10.3-2021.10/bin/../lib/gcc/arm-none-eabi/10.3.1/../../../../arm-none-eabi/lib/thumb/v7e-m/nofp\libg.a(lib_a-fputwc.o)
                0x080099bc                __fputwc
 .text._fputwc_r
                0x08009a64       0x68 d:/gcc-arm-none-eabi-10.3-2021.10-win32/gcc-arm-none-eabi-10.3-2021.10/bin/../lib/gcc/arm-none-eabi/10.3.1/../../../../arm-none-eabi/lib/thumb/v7e-m/nofp\libg.a(lib_a-fputwc.o)
                0x08009a64                _fputwc_r
 .text._fstat_r
                0x08009acc       0x2c d:/gcc-arm-none-eabi-10.3-2021.10-win32/gcc-arm-none-eabi-10.3-2021.10/bin/../lib/gcc/arm-none-eabi/10.3.1/../../../../arm-none-eabi/lib/thumb/v7e-m/nofp\libg.a(lib_a-fstatr.o)
                0x08009acc                _fstat_r
 .text._isatty_r
                0x08009af8       0x24 d:/gcc-arm-none-eabi-10.3-2021.10-win32/gcc-arm-none-eabi-10.3-2021.10/bin/../lib/gcc/arm-none-eabi/10.3.1/../../../../arm-none-eabi/lib/thumb/v7e-m/nofp\libg.a(lib_a-isattyr.o)
                0x08009af8                _isatty_r
 .text.__locale_mb_cur_max
                0x08009b1c        0xc d:/gcc-arm-none-eabi-10.3-2021.10-win32/gcc-arm-none-eabi-10.3-2021.10/bin/../lib/gcc/arm-none-eabi/10.3.1/../../../../arm-none-eabi/lib/thumb/v7e-m/nofp\libg.a(lib_a-locale.o)
                0x08009b1c                __locale_mb_cur_max
 .text._lseek_r
                0x08009b28       0x2c d:/gcc-arm-none-eabi-10.3-2021.10-win32/gcc-arm-none-eabi-10.3-2021.10/bin/../lib/gcc/arm-none-eabi/10.3.1/../../../../arm-none-eabi/lib/thumb/v7e-m/nofp\libg.a(lib_a-lseekr.o)
                0x08009b28                _lseek_r
 .text.__ascii_mbtowc
                0x08009b54       0x2c d:/gcc-arm-none-eabi-10.3-2021.10-win32/gcc-arm-none-eabi-10.3-2021.10/bin/../lib/gcc/arm-none-eabi/10.3.1/../../../../arm-none-eabi/lib/thumb/v7e-m/nofp\libg.a(lib_a-mbtowc_r.o)
                0x08009b54                __ascii_mbtowc
 .text._read_r  0x08009b80       0x2c d:/gcc-arm-none-eabi-10.3-2021.10-win32/gcc-arm-none-eabi-10.3-2021.10/bin/../lib/gcc/arm-none-eabi/10.3.1/../../../../arm-none-eabi/lib/thumb/v7e-m/nofp\libg.a(lib_a-readr.o)
                0x08009b80                _read_r
 .text.__swbuf_r
                0x08009bac       0xb0 d:/gcc-arm-none-eabi-10.3-2021.10-win32/gcc-arm-none-eabi-10.3-2021.10/bin/../lib/gcc/arm-none-eabi/10.3.1/../../../../arm-none-eabi/lib/thumb/v7e-m/nofp\libg.a(lib_a-wbuf.o)
                0x08009bac                __swbuf_r
 .text._wcrtomb_r
                0x08009c5c       0x3c d:/gcc-arm-none-eabi-10.3-2021.10-win32/gcc-arm-none-eabi-10.3-2021.10/bin/../lib/gcc/arm-none-eabi/10.3.1/../../../../arm-none-eabi/lib/thumb/v7e-m/nofp\libg.a(lib_a-wcrtomb.o)
                0x08009c5c                _wcrtomb_r
 .text.__ascii_wctomb
                0x08009c98       0x1c d:/gcc-arm-none-eabi-10.3-2021.10-win32/gcc-arm-none-eabi-10.3-2021.10/bin/../lib/gcc/arm-none-eabi/10.3.1/../../../../arm-none-eabi/lib/thumb/v7e-m/nofp\libg.a(lib_a-wctomb_r.o)
                0x08009c98                __ascii_wctomb
 .text.abort    0x08009cb4       0x10 d:/gcc-arm-none-eabi-10.3-2021.10-win32/gcc-arm-none-eabi-10.3-2021.10/bin/../lib/gcc/arm-none-eabi/10.3.1/../../../../arm-none-eabi/lib/thumb/v7e-m/nofp\libg.a(lib_a-abort.o)
                0x08009cb4                abort
 .text.raise    0x08009cc4       0x5c d:/gcc-arm-none-eabi-10.3-2021.10-win32/gcc-arm-none-eabi-10.3-2021.10/bin/../lib/gcc/arm-none-eabi/10.3.1/../../../../arm-none-eabi/lib/thumb/v7e-m/nofp\libg.a(lib_a-signal.o)
                0x08009cc4                raise
 .text._kill_r  0x08009d20       0x2c d:/gcc-arm-none-eabi-10.3-2021.10-win32/gcc-arm-none-eabi-10.3-2021.10/bin/../lib/gcc/arm-none-eabi/10.3.1/../../../../arm-none-eabi/lib/thumb/v7e-m/nofp\libg.a(lib_a-signalr.o)
                0x08009d20                _kill_r
 .text._getpid_r
                0x08009d4c        0x4 d:/gcc-arm-none-eabi-10.3-2021.10-win32/gcc-arm-none-eabi-10.3-2021.10/bin/../lib/gcc/arm-none-eabi/10.3.1/../../../../arm-none-eabi/lib/thumb/v7e-m/nofp\libg.a(lib_a-signalr.o)
                0x08009d4c                _getpid_r
 .text.atan2    0x08009d50        0x4 d:/gcc-arm-none-eabi-10.3-2021.10-win32/gcc-arm-none-eabi-10.3-2021.10/bin/../lib/gcc/arm-none-eabi/10.3.1/../../../../arm-none-eabi/lib/thumb/v7e-m/nofp\libm.a(lib_a-w_atan2.o)
                0x08009d50                atan2
 .text.fmod     0x08009d54       0x58 d:/gcc-arm-none-eabi-10.3-2021.10-win32/gcc-arm-none-eabi-10.3-2021.10/bin/../lib/gcc/arm-none-eabi/10.3.1/../../../../arm-none-eabi/lib/thumb/v7e-m/nofp\libm.a(lib_a-w_fmod.o)
                0x08009d54                fmod
 *fill*         0x08009dac        0x4 
 .text.__ieee754_atan2
                0x08009db0      0x194 d:/gcc-arm-none-eabi-10.3-2021.10-win32/gcc-arm-none-eabi-10.3-2021.10/bin/../lib/gcc/arm-none-eabi/10.3.1/../../../../arm-none-eabi/lib/thumb/v7e-m/nofp\libm.a(lib_a-e_atan2.o)
                0x08009db0                __ieee754_atan2
 .text.__ieee754_fmod
                0x08009f44      0x294 d:/gcc-arm-none-eabi-10.3-2021.10-win32/gcc-arm-none-eabi-10.3-2021.10/bin/../lib/gcc/arm-none-eabi/10.3.1/../../../../arm-none-eabi/lib/thumb/v7e-m/nofp\libm.a(lib_a-e_fmod.o)
                0x08009f44                __ieee754_fmod
 .text.atan     0x0800a1d8      0x32c d:/gcc-arm-none-eabi-10.3-2021.10-win32/gcc-arm-none-eabi-10.3-2021.10/bin/../lib/gcc/arm-none-eabi/10.3.1/../../../../arm-none-eabi/lib/thumb/v7e-m/nofp\libm.a(lib_a-s_atan.o)
                0x0800a1d8                atan
 .text.fabs     0x0800a504        0x8 d:/gcc-arm-none-eabi-10.3-2021.10-win32/gcc-arm-none-eabi-10.3-2021.10/bin/../lib/gcc/arm-none-eabi/10.3.1/../../../../arm-none-eabi/lib/thumb/v7e-m/nofp\libm.a(lib_a-s_fabs.o)
                0x0800a504                fabs
 *(.glue_7)
 .glue_7        0x0800a50c        0x0 linker stubs
 *(.glue_7t)
 .glue_7t       0x0800a50c        0x0 linker stubs
 *(.eh_frame)
 .eh_frame      0x0800a50c        0x0 d:/gcc-arm-none-eabi-10.3-2021.10-win32/gcc-arm-none-eabi-10.3-2021.10/bin/../lib/gcc/arm-none-eabi/10.3.1/thumb/v7e-m/nofp/crtbegin.o
 *(.init)
 .init          0x0800a50c        0x4 d:/gcc-arm-none-eabi-10.3-2021.10-win32/gcc-arm-none-eabi-10.3-2021.10/bin/../lib/gcc/arm-none-eabi/10.3.1/thumb/v7e-m/nofp/crti.o
                0x0800a50c                _init
 .init          0x0800a510        0x8 d:/gcc-arm-none-eabi-10.3-2021.10-win32/gcc-arm-none-eabi-10.3-2021.10/bin/../lib/gcc/arm-none-eabi/10.3.1/thumb/v7e-m/nofp/crtn.o
 *(.fini)
 .fini          0x0800a518        0x4 d:/gcc-arm-none-eabi-10.3-2021.10-win32/gcc-arm-none-eabi-10.3-2021.10/bin/../lib/gcc/arm-none-eabi/10.3.1/thumb/v7e-m/nofp/crti.o
                0x0800a518                _fini
 .fini          0x0800a51c        0x8 d:/gcc-arm-none-eabi-10.3-2021.10-win32/gcc-arm-none-eabi-10.3-2021.10/bin/../lib/gcc/arm-none-eabi/10.3.1/thumb/v7e-m/nofp/crtn.o
                0x0800a524                . = ALIGN (0x4)
                0x0800a524                _etext = .

.vfp11_veneer   0x0800a524        0x0
 .vfp11_veneer  0x0800a524        0x0 linker stubs

.v4_bx          0x0800a524        0x0
 .v4_bx         0x0800a524        0x0 linker stubs

.iplt           0x0800a524        0x0
 .iplt          0x0800a524        0x0 d:/gcc-arm-none-eabi-10.3-2021.10-win32/gcc-arm-none-eabi-10.3-2021.10/bin/../lib/gcc/arm-none-eabi/10.3.1/thumb/v7e-m/nofp/crtbegin.o

.rodata         0x0800a528      0x918
                0x0800a528                . = ALIGN (0x4)
 *(.rodata)
 *(.rodata*)
 .rodata.main.str1.4
                0x0800a528        0xe CMakeFiles/simpleFOC_Clion_HAL.elf.dir/Core/Src/main.c.obj
 *fill*         0x0800a536        0x2 
 .rodata.AHBPrescTable
                0x0800a538       0x10 CMakeFiles/simpleFOC_Clion_HAL.elf.dir/Core/Src/system_stm32f4xx.c.obj
                0x0800a538                AHBPrescTable
 .rodata.APBPrescTable
                0x0800a548        0x8 CMakeFiles/simpleFOC_Clion_HAL.elf.dir/Core/Src/system_stm32f4xx.c.obj
                0x0800a548                APBPrescTable
 .rodata.Motor_init.str1.4
                0x0800a550        0xb CMakeFiles/simpleFOC_Clion_HAL.elf.dir/SimpleFOC/BLDCmotor/BLDCMotor.c.obj
 *fill*         0x0800a55b        0x1 
 .rodata.alignSensor.str1.4
                0x0800a55c      0x129 CMakeFiles/simpleFOC_Clion_HAL.elf.dir/SimpleFOC/BLDCmotor/BLDCMotor.c.obj
 *fill*         0x0800a685        0x3 
 .rodata.sine_array
                0x0800a688      0x320 CMakeFiles/simpleFOC_Clion_HAL.elf.dir/SimpleFOC/foc_utils/foc_utils.c.obj
                0x0800a688                sine_array
 .rodata.sensor_init.str1.4
                0x0800a9a8       0x10 CMakeFiles/simpleFOC_Clion_HAL.elf.dir/SimpleFOC/sensor/sensor.c.obj
 .rodata.IIC_Wait_Ack.str1.4
                0x0800a9b8        0xc CMakeFiles/simpleFOC_Clion_HAL.elf.dir/USER/iic/iic.c.obj
 .rodata._global_impure_ptr
                0x0800a9c4        0x4 d:/gcc-arm-none-eabi-10.3-2021.10-win32/gcc-arm-none-eabi-10.3-2021.10/bin/../lib/gcc/arm-none-eabi/10.3.1/../../../../arm-none-eabi/lib/thumb/v7e-m/nofp\libg.a(lib_a-impure.o)
                0x0800a9c4                _global_impure_ptr
 .rodata._puts_r.str1.4
                0x0800a9c8        0xc d:/gcc-arm-none-eabi-10.3-2021.10-win32/gcc-arm-none-eabi-10.3-2021.10/bin/../lib/gcc/arm-none-eabi/10.3.1/../../../../arm-none-eabi/lib/thumb/v7e-m/nofp\libg.a(lib_a-puts.o)
                                  0x2 (size before relaxing)
 .rodata._vfprintf_r.str1.4
                0x0800a9c8       0x42 d:/gcc-arm-none-eabi-10.3-2021.10-win32/gcc-arm-none-eabi-10.3-2021.10/bin/../lib/gcc/arm-none-eabi/10.3.1/../../../../arm-none-eabi/lib/thumb/v7e-m/nofp\libg.a(lib_a-vfprintf.o)
 *fill*         0x0800aa0a        0x2 
 .rodata.blanks.1
                0x0800aa0c       0x10 d:/gcc-arm-none-eabi-10.3-2021.10-win32/gcc-arm-none-eabi-10.3-2021.10/bin/../lib/gcc/arm-none-eabi/10.3.1/../../../../arm-none-eabi/lib/thumb/v7e-m/nofp\libg.a(lib_a-vfprintf.o)
 .rodata.zeroes.0
                0x0800aa1c       0x10 d:/gcc-arm-none-eabi-10.3-2021.10-win32/gcc-arm-none-eabi-10.3-2021.10/bin/../lib/gcc/arm-none-eabi/10.3.1/../../../../arm-none-eabi/lib/thumb/v7e-m/nofp\libg.a(lib_a-vfprintf.o)
 .rodata._dtoa_r.str1.4
                0x0800aa2c       0xa2 d:/gcc-arm-none-eabi-10.3-2021.10-win32/gcc-arm-none-eabi-10.3-2021.10/bin/../lib/gcc/arm-none-eabi/10.3.1/../../../../arm-none-eabi/lib/thumb/v7e-m/nofp\libg.a(lib_a-dtoa.o)
                                 0xa6 (size before relaxing)
 *fill*         0x0800aace        0x2 
 .rodata.__multadd.str1.4
                0x0800aad0       0x7f d:/gcc-arm-none-eabi-10.3-2021.10-win32/gcc-arm-none-eabi-10.3-2021.10/bin/../lib/gcc/arm-none-eabi/10.3.1/../../../../arm-none-eabi/lib/thumb/v7e-m/nofp\libg.a(lib_a-mprec.o)
                                 0x93 (size before relaxing)
 *fill*         0x0800ab4f        0x1 
 .rodata.__mprec_bigtens
                0x0800ab50       0x28 d:/gcc-arm-none-eabi-10.3-2021.10-win32/gcc-arm-none-eabi-10.3-2021.10/bin/../lib/gcc/arm-none-eabi/10.3.1/../../../../arm-none-eabi/lib/thumb/v7e-m/nofp\libg.a(lib_a-mprec.o)
                0x0800ab50                __mprec_bigtens
 .rodata.__mprec_tens
                0x0800ab78       0xc8 d:/gcc-arm-none-eabi-10.3-2021.10-win32/gcc-arm-none-eabi-10.3-2021.10/bin/../lib/gcc/arm-none-eabi/10.3.1/../../../../arm-none-eabi/lib/thumb/v7e-m/nofp\libg.a(lib_a-mprec.o)
                0x0800ab78                __mprec_tens
 .rodata.p05.0  0x0800ac40        0xc d:/gcc-arm-none-eabi-10.3-2021.10-win32/gcc-arm-none-eabi-10.3-2021.10/bin/../lib/gcc/arm-none-eabi/10.3.1/../../../../arm-none-eabi/lib/thumb/v7e-m/nofp\libg.a(lib_a-mprec.o)
 .rodata._vfiprintf_r.str1.4
                0x0800ac4c       0x2f d:/gcc-arm-none-eabi-10.3-2021.10-win32/gcc-arm-none-eabi-10.3-2021.10/bin/../lib/gcc/arm-none-eabi/10.3.1/../../../../arm-none-eabi/lib/thumb/v7e-m/nofp\libg.a(lib_a-vfiprintf.o)
 .rodata.blanks.1
                0x0800ac4c       0x10 d:/gcc-arm-none-eabi-10.3-2021.10-win32/gcc-arm-none-eabi-10.3-2021.10/bin/../lib/gcc/arm-none-eabi/10.3.1/../../../../arm-none-eabi/lib/thumb/v7e-m/nofp\libg.a(lib_a-vfiprintf.o)
 .rodata.zeroes.0
                0x0800ac5c       0x10 d:/gcc-arm-none-eabi-10.3-2021.10-win32/gcc-arm-none-eabi-10.3-2021.10/bin/../lib/gcc/arm-none-eabi/10.3.1/../../../../arm-none-eabi/lib/thumb/v7e-m/nofp\libg.a(lib_a-vfiprintf.o)
 .rodata.__assert_func.str1.4
                0x0800ac6c       0x3f d:/gcc-arm-none-eabi-10.3-2021.10-win32/gcc-arm-none-eabi-10.3-2021.10/bin/../lib/gcc/arm-none-eabi/10.3.1/../../../../arm-none-eabi/lib/thumb/v7e-m/nofp\libg.a(lib_a-assert.o)
                                 0x43 (size before relaxing)
 *fill*         0x0800acab        0x1 
 .rodata._setlocale_r.str1.4
                0x0800acac        0xa d:/gcc-arm-none-eabi-10.3-2021.10-win32/gcc-arm-none-eabi-10.3-2021.10/bin/../lib/gcc/arm-none-eabi/10.3.1/../../../../arm-none-eabi/lib/thumb/v7e-m/nofp\libg.a(lib_a-locale.o)
                                  0xd (size before relaxing)
 *fill*         0x0800acb6        0x2 
 .rodata.str1.4
                0x0800acb8        0x2 d:/gcc-arm-none-eabi-10.3-2021.10-win32/gcc-arm-none-eabi-10.3-2021.10/bin/../lib/gcc/arm-none-eabi/10.3.1/../../../../arm-none-eabi/lib/thumb/v7e-m/nofp\libg.a(lib_a-locale.o)
 *fill*         0x0800acba        0x2 
 .rodata._ctype_
                0x0800acbc      0x101 d:/gcc-arm-none-eabi-10.3-2021.10-win32/gcc-arm-none-eabi-10.3-2021.10/bin/../lib/gcc/arm-none-eabi/10.3.1/../../../../arm-none-eabi/lib/thumb/v7e-m/nofp\libg.a(lib_a-ctype_.o)
                0x0800acbc                _ctype_
 *fill*         0x0800adbd        0x3 
 .rodata.CSWTCH.8
                0x0800adc0       0x18 d:/gcc-arm-none-eabi-10.3-2021.10-win32/gcc-arm-none-eabi-10.3-2021.10/bin/../lib/gcc/arm-none-eabi/10.3.1/../../../../arm-none-eabi/lib/thumb/v7e-m/nofp\libm.a(lib_a-e_atan2.o)
 .rodata.CSWTCH.9
                0x0800add8       0x18 d:/gcc-arm-none-eabi-10.3-2021.10-win32/gcc-arm-none-eabi-10.3-2021.10/bin/../lib/gcc/arm-none-eabi/10.3.1/../../../../arm-none-eabi/lib/thumb/v7e-m/nofp\libm.a(lib_a-e_atan2.o)
 .rodata.Zero   0x0800adf0       0x10 d:/gcc-arm-none-eabi-10.3-2021.10-win32/gcc-arm-none-eabi-10.3-2021.10/bin/../lib/gcc/arm-none-eabi/10.3.1/../../../../arm-none-eabi/lib/thumb/v7e-m/nofp\libm.a(lib_a-e_fmod.o)
 .rodata.atanhi
                0x0800ae00       0x20 d:/gcc-arm-none-eabi-10.3-2021.10-win32/gcc-arm-none-eabi-10.3-2021.10/bin/../lib/gcc/arm-none-eabi/10.3.1/../../../../arm-none-eabi/lib/thumb/v7e-m/nofp\libm.a(lib_a-s_atan.o)
 .rodata.atanlo
                0x0800ae20       0x20 d:/gcc-arm-none-eabi-10.3-2021.10-win32/gcc-arm-none-eabi-10.3-2021.10/bin/../lib/gcc/arm-none-eabi/10.3.1/../../../../arm-none-eabi/lib/thumb/v7e-m/nofp\libm.a(lib_a-s_atan.o)
                0x0800ae40                . = ALIGN (0x4)

.ARM.extab      0x0800ae40        0x0
                0x0800ae40                . = ALIGN (0x4)
 *(.ARM.extab* .gnu.linkonce.armextab.*)
                0x0800ae40                . = ALIGN (0x4)

.ARM            0x0800ae40        0x8
                0x0800ae40                . = ALIGN (0x4)
                0x0800ae40                __exidx_start = .
 *(.ARM.exidx*)
 .ARM.exidx     0x0800ae40        0x8 d:/gcc-arm-none-eabi-10.3-2021.10-win32/gcc-arm-none-eabi-10.3-2021.10/bin/../lib/gcc/arm-none-eabi/10.3.1/thumb/v7e-m/nofp\libgcc.a(_udivmoddi4.o)
                0x0800ae48                __exidx_end = .
                0x0800ae48                . = ALIGN (0x4)

.rel.dyn        0x0800ae48        0x0
 .rel.iplt      0x0800ae48        0x0 d:/gcc-arm-none-eabi-10.3-2021.10-win32/gcc-arm-none-eabi-10.3-2021.10/bin/../lib/gcc/arm-none-eabi/10.3.1/thumb/v7e-m/nofp/crtbegin.o

.preinit_array  0x0800ae48        0x0
                0x0800ae48                . = ALIGN (0x4)
                0x0800ae48                PROVIDE (__preinit_array_start = .)
 *(.preinit_array*)
                0x0800ae48                PROVIDE (__preinit_array_end = .)
                0x0800ae48                . = ALIGN (0x4)

.init_array     0x0800ae48        0x8
                0x0800ae48                . = ALIGN (0x4)
                0x0800ae48                PROVIDE (__init_array_start = .)
 *(SORT_BY_NAME(.init_array.*))
 .init_array.00000
                0x0800ae48        0x4 d:/gcc-arm-none-eabi-10.3-2021.10-win32/gcc-arm-none-eabi-10.3-2021.10/bin/../lib/gcc/arm-none-eabi/10.3.1/../../../../arm-none-eabi/lib/thumb/v7e-m/nofp\libg.a(lib_a-__call_atexit.o)
 *(.init_array*)
 .init_array    0x0800ae4c        0x4 d:/gcc-arm-none-eabi-10.3-2021.10-win32/gcc-arm-none-eabi-10.3-2021.10/bin/../lib/gcc/arm-none-eabi/10.3.1/thumb/v7e-m/nofp/crtbegin.o
                0x0800ae50                PROVIDE (__init_array_end = .)
                0x0800ae50                . = ALIGN (0x4)

.fini_array     0x0800ae50        0x4
                0x0800ae50                . = ALIGN (0x4)
                0x0800ae50                PROVIDE (__fini_array_start = .)
 *(SORT_BY_NAME(.fini_array.*))
 *(.fini_array*)
 .fini_array    0x0800ae50        0x4 d:/gcc-arm-none-eabi-10.3-2021.10-win32/gcc-arm-none-eabi-10.3-2021.10/bin/../lib/gcc/arm-none-eabi/10.3.1/thumb/v7e-m/nofp/crtbegin.o
                0x0800ae54                PROVIDE (__fini_array_end = .)
                0x0800ae54                . = ALIGN (0x4)
                0x0800ae54                _sidata = LOADADDR (.data)

.data           0x20000000      0x9b8 load address 0x0800ae54
                0x20000000                . = ALIGN (0x4)
                0x20000000                _sdata = .
 *(.data)
 *(.data*)
 .data.SystemCoreClock
                0x20000000        0x4 CMakeFiles/simpleFOC_Clion_HAL.elf.dir/Core/Src/system_stm32f4xx.c.obj
                0x20000000                SystemCoreClock
 .data.uwTickFreq
                0x20000004        0x1 CMakeFiles/simpleFOC_Clion_HAL.elf.dir/Drivers/STM32F4xx_HAL_Driver/Src/stm32f4xx_hal.c.obj
                0x20000004                uwTickFreq
 *fill*         0x20000005        0x3 
 .data.uwTickPrio
                0x20000008        0x4 CMakeFiles/simpleFOC_Clion_HAL.elf.dir/Drivers/STM32F4xx_HAL_Driver/Src/stm32f4xx_hal.c.obj
                0x20000008                uwTickPrio
 .data._impure_ptr
                0x2000000c        0x4 d:/gcc-arm-none-eabi-10.3-2021.10-win32/gcc-arm-none-eabi-10.3-2021.10/bin/../lib/gcc/arm-none-eabi/10.3.1/../../../../arm-none-eabi/lib/thumb/v7e-m/nofp\libg.a(lib_a-impure.o)
                0x2000000c                _impure_ptr
 .data.impure_data
                0x20000010      0x428 d:/gcc-arm-none-eabi-10.3-2021.10-win32/gcc-arm-none-eabi-10.3-2021.10/bin/../lib/gcc/arm-none-eabi/10.3.1/../../../../arm-none-eabi/lib/thumb/v7e-m/nofp\libg.a(lib_a-impure.o)
 .data.__atexit_recursive_mutex
                0x20000438        0x4 d:/gcc-arm-none-eabi-10.3-2021.10-win32/gcc-arm-none-eabi-10.3-2021.10/bin/../lib/gcc/arm-none-eabi/10.3.1/../../../../arm-none-eabi/lib/thumb/v7e-m/nofp\libg.a(lib_a-__call_atexit.o)
                0x20000438                __atexit_recursive_mutex
 .data.__malloc_av_
                0x2000043c      0x408 d:/gcc-arm-none-eabi-10.3-2021.10-win32/gcc-arm-none-eabi-10.3-2021.10/bin/../lib/gcc/arm-none-eabi/10.3.1/../../../../arm-none-eabi/lib/thumb/v7e-m/nofp\libg.a(lib_a-mallocr.o)
                0x2000043c                __malloc_av_
 .data.__malloc_sbrk_base
                0x20000844        0x4 d:/gcc-arm-none-eabi-10.3-2021.10-win32/gcc-arm-none-eabi-10.3-2021.10/bin/../lib/gcc/arm-none-eabi/10.3.1/../../../../arm-none-eabi/lib/thumb/v7e-m/nofp\libg.a(lib_a-mallocr.o)
                0x20000844                __malloc_sbrk_base
 .data.__malloc_trim_threshold
                0x20000848        0x4 d:/gcc-arm-none-eabi-10.3-2021.10-win32/gcc-arm-none-eabi-10.3-2021.10/bin/../lib/gcc/arm-none-eabi/10.3.1/../../../../arm-none-eabi/lib/thumb/v7e-m/nofp\libg.a(lib_a-mallocr.o)
                0x20000848                __malloc_trim_threshold
 .data.__global_locale
                0x2000084c      0x16c d:/gcc-arm-none-eabi-10.3-2021.10-win32/gcc-arm-none-eabi-10.3-2021.10/bin/../lib/gcc/arm-none-eabi/10.3.1/../../../../arm-none-eabi/lib/thumb/v7e-m/nofp\libg.a(lib_a-locale.o)
                0x2000084c                __global_locale
 *(.RamFunc)
 *(.RamFunc*)
                0x200009b8                . = ALIGN (0x4)
                0x200009b8                _edata = .
                0x0800b80c                _siccmram = LOADADDR (.ccmram)

.igot.plt       0x200009b8        0x0 load address 0x0800b80c
 .igot.plt      0x200009b8        0x0 d:/gcc-arm-none-eabi-10.3-2021.10-win32/gcc-arm-none-eabi-10.3-2021.10/bin/../lib/gcc/arm-none-eabi/10.3.1/thumb/v7e-m/nofp/crtbegin.o

.ccmram         0x10000000        0x0 load address 0x0800b80c
                0x10000000                . = ALIGN (0x4)
                0x10000000                _sccmram = .
 *(.ccmram)
 *(.ccmram*)
                0x10000000                . = ALIGN (0x4)
                0x10000000                _eccmram = .
                0x10000000                . = ALIGN (0x4)

.bss            0x200009b8      0x1b4
                0x200009b8                _sbss = .
                0x200009b8                __bss_start__ = _sbss
 *(.bss)
 .bss           0x200009b8       0x1c d:/gcc-arm-none-eabi-10.3-2021.10-win32/gcc-arm-none-eabi-10.3-2021.10/bin/../lib/gcc/arm-none-eabi/10.3.1/thumb/v7e-m/nofp/crtbegin.o
 *(.bss*)
 .bss.__sbrk_heap_end
                0x200009d4        0x4 CMakeFiles/simpleFOC_Clion_HAL.elf.dir/Core/Src/sysmem.c.obj
 .bss.huart2    0x200009d8       0x44 CMakeFiles/simpleFOC_Clion_HAL.elf.dir/Core/Src/usart.c.obj
                0x200009d8                huart2
 .bss.uwTick    0x20000a1c        0x4 CMakeFiles/simpleFOC_Clion_HAL.elf.dir/Drivers/STM32F4xx_HAL_Driver/Src/stm32f4xx_hal.c.obj
                0x20000a1c                uwTick
 .bss.current_limit
                0x20000a20        0x4 CMakeFiles/simpleFOC_Clion_HAL.elf.dir/SimpleFOC/BLDCmotor/BLDCMotor.c.obj
                0x20000a20                current_limit
 .bss.pole_pairs
                0x20000a24        0x4 CMakeFiles/simpleFOC_Clion_HAL.elf.dir/SimpleFOC/BLDCmotor/BLDCMotor.c.obj
                0x20000a24                pole_pairs
 .bss.sensor_direction
                0x20000a28        0x4 CMakeFiles/simpleFOC_Clion_HAL.elf.dir/SimpleFOC/BLDCmotor/BLDCMotor.c.obj
                0x20000a28                sensor_direction
 .bss.target    0x20000a2c        0x4 CMakeFiles/simpleFOC_Clion_HAL.elf.dir/SimpleFOC/BLDCmotor/BLDCMotor.c.obj
                0x20000a2c                target
 .bss.velocity_limit
                0x20000a30        0x4 CMakeFiles/simpleFOC_Clion_HAL.elf.dir/SimpleFOC/BLDCmotor/BLDCMotor.c.obj
                0x20000a30                velocity_limit
 .bss.voltage_limit
                0x20000a34        0x4 CMakeFiles/simpleFOC_Clion_HAL.elf.dir/SimpleFOC/BLDCmotor/BLDCMotor.c.obj
                0x20000a34                voltage_limit
 .bss.voltage_power_supply
                0x20000a38        0x4 CMakeFiles/simpleFOC_Clion_HAL.elf.dir/SimpleFOC/BLDCmotor/BLDCMotor.c.obj
                0x20000a38                voltage_power_supply
 .bss.voltage_sensor_align
                0x20000a3c        0x4 CMakeFiles/simpleFOC_Clion_HAL.elf.dir/SimpleFOC/BLDCmotor/BLDCMotor.c.obj
                0x20000a3c                voltage_sensor_align
 .bss.controller
                0x20000a40        0x1 CMakeFiles/simpleFOC_Clion_HAL.elf.dir/SimpleFOC/FOCmotor/FOCMotor.c.obj
                0x20000a40                controller
 *fill*         0x20000a41        0x3 
 .bss.sensor_offset
                0x20000a44        0x4 CMakeFiles/simpleFOC_Clion_HAL.elf.dir/SimpleFOC/FOCmotor/FOCMotor.c.obj
                0x20000a44                sensor_offset
 .bss.shaft_angle
                0x20000a48        0x4 CMakeFiles/simpleFOC_Clion_HAL.elf.dir/SimpleFOC/FOCmotor/FOCMotor.c.obj
                0x20000a48                shaft_angle
 .bss.shaft_velocity
                0x20000a4c        0x4 CMakeFiles/simpleFOC_Clion_HAL.elf.dir/SimpleFOC/FOCmotor/FOCMotor.c.obj
                0x20000a4c                shaft_velocity
 .bss.torque_controller
                0x20000a50        0x1 CMakeFiles/simpleFOC_Clion_HAL.elf.dir/SimpleFOC/FOCmotor/FOCMotor.c.obj
                0x20000a50                torque_controller
 *fill*         0x20000a51        0x3 
 .bss.zero_electric_angle
                0x20000a54        0x4 CMakeFiles/simpleFOC_Clion_HAL.elf.dir/SimpleFOC/FOCmotor/FOCMotor.c.obj
                0x20000a54                zero_electric_angle
 .bss.LPF_current_d
                0x20000a58        0xc CMakeFiles/simpleFOC_Clion_HAL.elf.dir/SimpleFOC/lowpass_filter/lowpass_filter.c.obj
                0x20000a58                LPF_current_d
 .bss.LPF_current_q
                0x20000a64        0xc CMakeFiles/simpleFOC_Clion_HAL.elf.dir/SimpleFOC/lowpass_filter/lowpass_filter.c.obj
                0x20000a64                LPF_current_q
 .bss.LPF_velocity
                0x20000a70        0xc CMakeFiles/simpleFOC_Clion_HAL.elf.dir/SimpleFOC/lowpass_filter/lowpass_filter.c.obj
                0x20000a70                LPF_velocity
 .bss.angle_data_prev
                0x20000a7c        0x4 CMakeFiles/simpleFOC_Clion_HAL.elf.dir/SimpleFOC/sensor/sensor.c.obj
                0x20000a7c                angle_data_prev
 .bss.angle_prev
                0x20000a80        0x4 CMakeFiles/simpleFOC_Clion_HAL.elf.dir/SimpleFOC/sensor/sensor.c.obj
                0x20000a80                angle_prev
 .bss.cpr       0x20000a84        0x4 CMakeFiles/simpleFOC_Clion_HAL.elf.dir/SimpleFOC/sensor/sensor.c.obj
                0x20000a84                cpr
 .bss.full_rotation_offset
                0x20000a88        0x4 CMakeFiles/simpleFOC_Clion_HAL.elf.dir/SimpleFOC/sensor/sensor.c.obj
                0x20000a88                full_rotation_offset
 .bss.velocity_calc_timestamp
                0x20000a8c        0x4 CMakeFiles/simpleFOC_Clion_HAL.elf.dir/SimpleFOC/sensor/sensor.c.obj
                0x20000a8c                velocity_calc_timestamp
 .bss.PID_current_d
                0x20000a90       0x24 CMakeFiles/simpleFOC_Clion_HAL.elf.dir/USER/PID/pid.c.obj
                0x20000a90                PID_current_d
 .bss.PID_current_q
                0x20000ab4       0x24 CMakeFiles/simpleFOC_Clion_HAL.elf.dir/USER/PID/pid.c.obj
                0x20000ab4                PID_current_q
 .bss.PID_velocity
                0x20000ad8       0x24 CMakeFiles/simpleFOC_Clion_HAL.elf.dir/USER/PID/pid.c.obj
                0x20000ad8                PID_velocity
 .bss.P_angle   0x20000afc       0x24 CMakeFiles/simpleFOC_Clion_HAL.elf.dir/USER/PID/pid.c.obj
                0x20000afc                P_angle
 .bss.gHuart    0x20000b20        0x4 CMakeFiles/simpleFOC_Clion_HAL.elf.dir/retarget/retarget.c.obj
                0x20000b20                gHuart
 .bss.__lock___atexit_recursive_mutex
                0x20000b24        0x1 d:/gcc-arm-none-eabi-10.3-2021.10-win32/gcc-arm-none-eabi-10.3-2021.10/bin/../lib/gcc/arm-none-eabi/10.3.1/../../../../arm-none-eabi/lib/thumb/v7e-m/nofp\libg.a(lib_a-lock.o)
                0x20000b24                __lock___atexit_recursive_mutex
 *fill*         0x20000b25        0x3 
 .bss.__lock___malloc_recursive_mutex
                0x20000b28        0x1 d:/gcc-arm-none-eabi-10.3-2021.10-win32/gcc-arm-none-eabi-10.3-2021.10/bin/../lib/gcc/arm-none-eabi/10.3.1/../../../../arm-none-eabi/lib/thumb/v7e-m/nofp\libg.a(lib_a-lock.o)
                0x20000b28                __lock___malloc_recursive_mutex
 *fill*         0x20000b29        0x3 
 .bss.__lock___sfp_recursive_mutex
                0x20000b2c        0x1 d:/gcc-arm-none-eabi-10.3-2021.10-win32/gcc-arm-none-eabi-10.3-2021.10/bin/../lib/gcc/arm-none-eabi/10.3.1/../../../../arm-none-eabi/lib/thumb/v7e-m/nofp\libg.a(lib_a-lock.o)
                0x20000b2c                __lock___sfp_recursive_mutex
 *fill*         0x20000b2d        0x3 
 .bss.__lock___sinit_recursive_mutex
                0x20000b30        0x1 d:/gcc-arm-none-eabi-10.3-2021.10-win32/gcc-arm-none-eabi-10.3-2021.10/bin/../lib/gcc/arm-none-eabi/10.3.1/../../../../arm-none-eabi/lib/thumb/v7e-m/nofp\libg.a(lib_a-lock.o)
                0x20000b30                __lock___sinit_recursive_mutex
 *fill*         0x20000b31        0x3 
 .bss.__malloc_current_mallinfo
                0x20000b34       0x28 d:/gcc-arm-none-eabi-10.3-2021.10-win32/gcc-arm-none-eabi-10.3-2021.10/bin/../lib/gcc/arm-none-eabi/10.3.1/../../../../arm-none-eabi/lib/thumb/v7e-m/nofp\libg.a(lib_a-mallocr.o)
                0x20000b34                __malloc_current_mallinfo
 .bss.__malloc_max_sbrked_mem
                0x20000b5c        0x4 d:/gcc-arm-none-eabi-10.3-2021.10-win32/gcc-arm-none-eabi-10.3-2021.10/bin/../lib/gcc/arm-none-eabi/10.3.1/../../../../arm-none-eabi/lib/thumb/v7e-m/nofp\libg.a(lib_a-mallocr.o)
                0x20000b5c                __malloc_max_sbrked_mem
 .bss.__malloc_max_total_mem
                0x20000b60        0x4 d:/gcc-arm-none-eabi-10.3-2021.10-win32/gcc-arm-none-eabi-10.3-2021.10/bin/../lib/gcc/arm-none-eabi/10.3.1/../../../../arm-none-eabi/lib/thumb/v7e-m/nofp\libg.a(lib_a-mallocr.o)
                0x20000b60                __malloc_max_total_mem
 .bss.__malloc_top_pad
                0x20000b64        0x4 d:/gcc-arm-none-eabi-10.3-2021.10-win32/gcc-arm-none-eabi-10.3-2021.10/bin/../lib/gcc/arm-none-eabi/10.3.1/../../../../arm-none-eabi/lib/thumb/v7e-m/nofp\libg.a(lib_a-mallocr.o)
                0x20000b64                __malloc_top_pad
 .bss.errno     0x20000b68        0x4 d:/gcc-arm-none-eabi-10.3-2021.10-win32/gcc-arm-none-eabi-10.3-2021.10/bin/../lib/gcc/arm-none-eabi/10.3.1/../../../../arm-none-eabi/lib/thumb/v7e-m/nofp\libg.a(lib_a-reent.o)
                0x20000b68                errno
 *(COMMON)
                0x20000b6c                . = ALIGN (0x4)
                0x20000b6c                _ebss = .
                0x20000b6c                __bss_end__ = _ebss

._user_heap_stack
                0x20000b6c      0x604
                0x20000b70                . = ALIGN (0x8)
 *fill*         0x20000b6c        0x4 
                [!provide]                PROVIDE (end = .)
                0x20000b70                PROVIDE (_end = .)
                0x20000d70                . = (. + _Min_Heap_Size)
 *fill*         0x20000b70      0x200 
                0x20001170                . = (. + _Min_Stack_Size)
 *fill*         0x20000d70      0x400 
                0x20001170                . = ALIGN (0x8)

/DISCARD/
 libc.a(*)
 libm.a(*)
 libgcc.a(*)

.ARM.attributes
                0x00000000       0x2a
 *(.ARM.attributes)
 .ARM.attributes
                0x00000000       0x1e d:/gcc-arm-none-eabi-10.3-2021.10-win32/gcc-arm-none-eabi-10.3-2021.10/bin/../lib/gcc/arm-none-eabi/10.3.1/thumb/v7e-m/nofp/crti.o
 .ARM.attributes
                0x0000001e       0x2e d:/gcc-arm-none-eabi-10.3-2021.10-win32/gcc-arm-none-eabi-10.3-2021.10/bin/../lib/gcc/arm-none-eabi/10.3.1/thumb/v7e-m/nofp/crtbegin.o
 .ARM.attributes
                0x0000004c       0x2e CMakeFiles/simpleFOC_Clion_HAL.elf.dir/Core/Src/gpio.c.obj
 .ARM.attributes
                0x0000007a       0x2e CMakeFiles/simpleFOC_Clion_HAL.elf.dir/Core/Src/main.c.obj
 .ARM.attributes
                0x000000a8       0x2e CMakeFiles/simpleFOC_Clion_HAL.elf.dir/Core/Src/stm32f4xx_hal_msp.c.obj
 .ARM.attributes
                0x000000d6       0x2e CMakeFiles/simpleFOC_Clion_HAL.elf.dir/Core/Src/stm32f4xx_it.c.obj
 .ARM.attributes
                0x00000104       0x2e CMakeFiles/simpleFOC_Clion_HAL.elf.dir/Core/Src/syscalls.c.obj
 .ARM.attributes
                0x00000132       0x2e CMakeFiles/simpleFOC_Clion_HAL.elf.dir/Core/Src/sysmem.c.obj
 .ARM.attributes
                0x00000160       0x2e CMakeFiles/simpleFOC_Clion_HAL.elf.dir/Core/Src/system_stm32f4xx.c.obj
 .ARM.attributes
                0x0000018e       0x2e CMakeFiles/simpleFOC_Clion_HAL.elf.dir/Core/Src/usart.c.obj
 .ARM.attributes
                0x000001bc       0x21 CMakeFiles/simpleFOC_Clion_HAL.elf.dir/Core/Startup/startup_stm32f405rgtx.s.obj
 .ARM.attributes
                0x000001dd       0x2e CMakeFiles/simpleFOC_Clion_HAL.elf.dir/Drivers/STM32F4xx_HAL_Driver/Src/stm32f4xx_hal.c.obj
 .ARM.attributes
                0x0000020b       0x2e CMakeFiles/simpleFOC_Clion_HAL.elf.dir/Drivers/STM32F4xx_HAL_Driver/Src/stm32f4xx_hal_cortex.c.obj
 .ARM.attributes
                0x00000239       0x2e CMakeFiles/simpleFOC_Clion_HAL.elf.dir/Drivers/STM32F4xx_HAL_Driver/Src/stm32f4xx_hal_dma.c.obj
 .ARM.attributes
                0x00000267       0x2e CMakeFiles/simpleFOC_Clion_HAL.elf.dir/Drivers/STM32F4xx_HAL_Driver/Src/stm32f4xx_hal_gpio.c.obj
 .ARM.attributes
                0x00000295       0x2e CMakeFiles/simpleFOC_Clion_HAL.elf.dir/Drivers/STM32F4xx_HAL_Driver/Src/stm32f4xx_hal_rcc.c.obj
 .ARM.attributes
                0x000002c3       0x2e CMakeFiles/simpleFOC_Clion_HAL.elf.dir/Drivers/STM32F4xx_HAL_Driver/Src/stm32f4xx_hal_uart.c.obj
 .ARM.attributes
                0x000002f1       0x2e CMakeFiles/simpleFOC_Clion_HAL.elf.dir/SimpleFOC/BLDCmotor/BLDCMotor.c.obj
 .ARM.attributes
                0x0000031f       0x2e CMakeFiles/simpleFOC_Clion_HAL.elf.dir/SimpleFOC/FOCmotor/FOCMotor.c.obj
 .ARM.attributes
                0x0000034d       0x2e CMakeFiles/simpleFOC_Clion_HAL.elf.dir/SimpleFOC/as5600/as5600.c.obj
 .ARM.attributes
                0x0000037b       0x2e CMakeFiles/simpleFOC_Clion_HAL.elf.dir/SimpleFOC/foc_utils/foc_utils.c.obj
 .ARM.attributes
                0x000003a9       0x2e CMakeFiles/simpleFOC_Clion_HAL.elf.dir/SimpleFOC/lowpass_filter/lowpass_filter.c.obj
 .ARM.attributes
                0x000003d7       0x2e CMakeFiles/simpleFOC_Clion_HAL.elf.dir/SimpleFOC/sensor/sensor.c.obj
 .ARM.attributes
                0x00000405       0x2e CMakeFiles/simpleFOC_Clion_HAL.elf.dir/USER/PID/pid.c.obj
 .ARM.attributes
                0x00000433       0x2e CMakeFiles/simpleFOC_Clion_HAL.elf.dir/USER/iic/iic.c.obj
 .ARM.attributes
                0x00000461       0x2e CMakeFiles/simpleFOC_Clion_HAL.elf.dir/retarget/retarget.c.obj
 .ARM.attributes
                0x0000048f       0x1e d:/gcc-arm-none-eabi-10.3-2021.10-win32/gcc-arm-none-eabi-10.3-2021.10/bin/../lib/gcc/arm-none-eabi/10.3.1/thumb/v7e-m/nofp\libgcc.a(_arm_addsubdf3.o)
 .ARM.attributes
                0x000004ad       0x1e d:/gcc-arm-none-eabi-10.3-2021.10-win32/gcc-arm-none-eabi-10.3-2021.10/bin/../lib/gcc/arm-none-eabi/10.3.1/thumb/v7e-m/nofp\libgcc.a(_arm_cmpdf2.o)
 .ARM.attributes
                0x000004cb       0x1e d:/gcc-arm-none-eabi-10.3-2021.10-win32/gcc-arm-none-eabi-10.3-2021.10/bin/../lib/gcc/arm-none-eabi/10.3.1/thumb/v7e-m/nofp\libgcc.a(_arm_truncdfsf2.o)
 .ARM.attributes
                0x000004e9       0x1e d:/gcc-arm-none-eabi-10.3-2021.10-win32/gcc-arm-none-eabi-10.3-2021.10/bin/../lib/gcc/arm-none-eabi/10.3.1/thumb/v7e-m/nofp\libgcc.a(_arm_addsubsf3.o)
 .ARM.attributes
                0x00000507       0x1e d:/gcc-arm-none-eabi-10.3-2021.10-win32/gcc-arm-none-eabi-10.3-2021.10/bin/../lib/gcc/arm-none-eabi/10.3.1/thumb/v7e-m/nofp\libgcc.a(_arm_muldivsf3.o)
 .ARM.attributes
                0x00000525       0x1e d:/gcc-arm-none-eabi-10.3-2021.10-win32/gcc-arm-none-eabi-10.3-2021.10/bin/../lib/gcc/arm-none-eabi/10.3.1/thumb/v7e-m/nofp\libgcc.a(_arm_cmpsf2.o)
 .ARM.attributes
                0x00000543       0x1e d:/gcc-arm-none-eabi-10.3-2021.10-win32/gcc-arm-none-eabi-10.3-2021.10/bin/../lib/gcc/arm-none-eabi/10.3.1/thumb/v7e-m/nofp\libgcc.a(_arm_fixsfsi.o)
 .ARM.attributes
                0x00000561       0x1e d:/gcc-arm-none-eabi-10.3-2021.10-win32/gcc-arm-none-eabi-10.3-2021.10/bin/../lib/gcc/arm-none-eabi/10.3.1/thumb/v7e-m/nofp\libgcc.a(_arm_fixunssfsi.o)
 .ARM.attributes
                0x0000057f       0x1e d:/gcc-arm-none-eabi-10.3-2021.10-win32/gcc-arm-none-eabi-10.3-2021.10/bin/../lib/gcc/arm-none-eabi/10.3.1/thumb/v7e-m/nofp\libgcc.a(_aeabi_uldivmod.o)
 .ARM.attributes
                0x0000059d       0x2e d:/gcc-arm-none-eabi-10.3-2021.10-win32/gcc-arm-none-eabi-10.3-2021.10/bin/../lib/gcc/arm-none-eabi/10.3.1/thumb/v7e-m/nofp\libgcc.a(_udivmoddi4.o)
 .ARM.attributes
                0x000005cb       0x1e d:/gcc-arm-none-eabi-10.3-2021.10-win32/gcc-arm-none-eabi-10.3-2021.10/bin/../lib/gcc/arm-none-eabi/10.3.1/thumb/v7e-m/nofp\libgcc.a(_dvmd_tls.o)
 .ARM.attributes
                0x000005e9       0x2e d:/gcc-arm-none-eabi-10.3-2021.10-win32/gcc-arm-none-eabi-10.3-2021.10/bin/../lib/gcc/arm-none-eabi/10.3.1/../../../../arm-none-eabi/lib/thumb/v7e-m/nofp\libg.a(lib_a-errno.o)
 .ARM.attributes
                0x00000617       0x2e d:/gcc-arm-none-eabi-10.3-2021.10-win32/gcc-arm-none-eabi-10.3-2021.10/bin/../lib/gcc/arm-none-eabi/10.3.1/../../../../arm-none-eabi/lib/thumb/v7e-m/nofp\libg.a(lib_a-impure.o)
 .ARM.attributes
                0x00000645       0x2e d:/gcc-arm-none-eabi-10.3-2021.10-win32/gcc-arm-none-eabi-10.3-2021.10/bin/../lib/gcc/arm-none-eabi/10.3.1/../../../../arm-none-eabi/lib/thumb/v7e-m/nofp\libg.a(lib_a-init.o)
 .ARM.attributes
                0x00000673       0x2e d:/gcc-arm-none-eabi-10.3-2021.10-win32/gcc-arm-none-eabi-10.3-2021.10/bin/../lib/gcc/arm-none-eabi/10.3.1/../../../../arm-none-eabi/lib/thumb/v7e-m/nofp\libg.a(lib_a-memset.o)
 .ARM.attributes
                0x000006a1       0x2e d:/gcc-arm-none-eabi-10.3-2021.10-win32/gcc-arm-none-eabi-10.3-2021.10/bin/../lib/gcc/arm-none-eabi/10.3.1/../../../../arm-none-eabi/lib/thumb/v7e-m/nofp\libg.a(lib_a-printf.o)
 .ARM.attributes
                0x000006cf       0x2e d:/gcc-arm-none-eabi-10.3-2021.10-win32/gcc-arm-none-eabi-10.3-2021.10/bin/../lib/gcc/arm-none-eabi/10.3.1/../../../../arm-none-eabi/lib/thumb/v7e-m/nofp\libg.a(lib_a-puts.o)
 .ARM.attributes
                0x000006fd       0x2e d:/gcc-arm-none-eabi-10.3-2021.10-win32/gcc-arm-none-eabi-10.3-2021.10/bin/../lib/gcc/arm-none-eabi/10.3.1/../../../../arm-none-eabi/lib/thumb/v7e-m/nofp\libg.a(lib_a-setvbuf.o)
 .ARM.attributes
                0x0000072b       0x1c d:/gcc-arm-none-eabi-10.3-2021.10-win32/gcc-arm-none-eabi-10.3-2021.10/bin/../lib/gcc/arm-none-eabi/10.3.1/../../../../arm-none-eabi/lib/thumb/v7e-m/nofp\libg.a(lib_a-strlen.o)
 .ARM.attributes
                0x00000747       0x2e d:/gcc-arm-none-eabi-10.3-2021.10-win32/gcc-arm-none-eabi-10.3-2021.10/bin/../lib/gcc/arm-none-eabi/10.3.1/../../../../arm-none-eabi/lib/thumb/v7e-m/nofp\libg.a(lib_a-vfprintf.o)
 .ARM.attributes
                0x00000775       0x2e d:/gcc-arm-none-eabi-10.3-2021.10-win32/gcc-arm-none-eabi-10.3-2021.10/bin/../lib/gcc/arm-none-eabi/10.3.1/../../../../arm-none-eabi/lib/thumb/v7e-m/nofp\libg.a(lib_a-wsetup.o)
 .ARM.attributes
                0x000007a3       0x2e d:/gcc-arm-none-eabi-10.3-2021.10-win32/gcc-arm-none-eabi-10.3-2021.10/bin/../lib/gcc/arm-none-eabi/10.3.1/../../../../arm-none-eabi/lib/thumb/v7e-m/nofp\libg.a(lib_a-__call_atexit.o)
 .ARM.attributes
                0x000007d1       0x2e d:/gcc-arm-none-eabi-10.3-2021.10-win32/gcc-arm-none-eabi-10.3-2021.10/bin/../lib/gcc/arm-none-eabi/10.3.1/../../../../arm-none-eabi/lib/thumb/v7e-m/nofp\libg.a(lib_a-atexit.o)
 .ARM.attributes
                0x000007ff       0x2e d:/gcc-arm-none-eabi-10.3-2021.10-win32/gcc-arm-none-eabi-10.3-2021.10/bin/../lib/gcc/arm-none-eabi/10.3.1/../../../../arm-none-eabi/lib/thumb/v7e-m/nofp\libg.a(lib_a-dtoa.o)
 .ARM.attributes
                0x0000082d       0x2e d:/gcc-arm-none-eabi-10.3-2021.10-win32/gcc-arm-none-eabi-10.3-2021.10/bin/../lib/gcc/arm-none-eabi/10.3.1/../../../../arm-none-eabi/lib/thumb/v7e-m/nofp\libg.a(lib_a-fflush.o)
 .ARM.attributes
                0x0000085b       0x2e d:/gcc-arm-none-eabi-10.3-2021.10-win32/gcc-arm-none-eabi-10.3-2021.10/bin/../lib/gcc/arm-none-eabi/10.3.1/../../../../arm-none-eabi/lib/thumb/v7e-m/nofp\libg.a(lib_a-findfp.o)
 .ARM.attributes
                0x00000889       0x2e d:/gcc-arm-none-eabi-10.3-2021.10-win32/gcc-arm-none-eabi-10.3-2021.10/bin/../lib/gcc/arm-none-eabi/10.3.1/../../../../arm-none-eabi/lib/thumb/v7e-m/nofp\libg.a(lib_a-fini.o)
 .ARM.attributes